Archive member included to satisfy reference by file (symbol)

C:/Program Files (x86)/Arm/GNU Toolchain mingw-w64-i686-arm-none-eabi/bin/../lib/gcc/arm-none-eabi/15.2.1/thumb/v6-m/nofp\libgcc.a(_dvmd_tls.o)
                              CMakeFiles/turret.dir/C_/Users/davee/.pico-sdk/sdk/2.2.0/src/rp2_common/pico_divider/divider_hardware.S.obj (__aeabi_idiv0)
C:/Program Files (x86)/Arm/GNU Toolchain mingw-w64-i686-arm-none-eabi/bin/../lib/gcc/arm-none-eabi/15.2.1/../../../../arm-none-eabi/lib/thumb/v6-m/nofp\libg.a(libc_a-atoi.o)
                              CMakeFiles/turret.dir/main.c.obj (atoi)
C:/Program Files (x86)/Arm/GNU Toolchain mingw-w64-i686-arm-none-eabi/bin/../lib/gcc/arm-none-eabi/15.2.1/../../../../arm-none-eabi/lib/thumb/v6-m/nofp\libg.a(libc_a-calloc.o)
                              CMakeFiles/turret.dir/C_/Users/davee/.pico-sdk/sdk/2.2.0/src/rp2_common/pico_malloc/malloc.c.obj (calloc)
C:/Program Files (x86)/Arm/GNU Toolchain mingw-w64-i686-arm-none-eabi/bin/../lib/gcc/arm-none-eabi/15.2.1/../../../../arm-none-eabi/lib/thumb/v6-m/nofp\libg.a(libc_a-callocr.o)
                              C:/Program Files (x86)/Arm/GNU Toolchain mingw-w64-i686-arm-none-eabi/bin/../lib/gcc/arm-none-eabi/15.2.1/../../../../arm-none-eabi/lib/thumb/v6-m/nofp\libg.a(libc_a-calloc.o) (_calloc_r)
C:/Program Files (x86)/Arm/GNU Toolchain mingw-w64-i686-arm-none-eabi/bin/../lib/gcc/arm-none-eabi/15.2.1/../../../../arm-none-eabi/lib/thumb/v6-m/nofp\libg.a(libc_a-malloc.o)
                              CMakeFiles/turret.dir/C_/Users/davee/.pico-sdk/sdk/2.2.0/src/rp2_common/pico_malloc/malloc.c.obj (malloc)
C:/Program Files (x86)/Arm/GNU Toolchain mingw-w64-i686-arm-none-eabi/bin/../lib/gcc/arm-none-eabi/15.2.1/../../../../arm-none-eabi/lib/thumb/v6-m/nofp\libg.a(libc_a-mallocr.o)
                              C:/Program Files (x86)/Arm/GNU Toolchain mingw-w64-i686-arm-none-eabi/bin/../lib/gcc/arm-none-eabi/15.2.1/../../../../arm-none-eabi/lib/thumb/v6-m/nofp\libg.a(libc_a-callocr.o) (_malloc_r)
C:/Program Files (x86)/Arm/GNU Toolchain mingw-w64-i686-arm-none-eabi/bin/../lib/gcc/arm-none-eabi/15.2.1/../../../../arm-none-eabi/lib/thumb/v6-m/nofp\libg.a(libc_a-mlock.o)
                              C:/Program Files (x86)/Arm/GNU Toolchain mingw-w64-i686-arm-none-eabi/bin/../lib/gcc/arm-none-eabi/15.2.1/../../../../arm-none-eabi/lib/thumb/v6-m/nofp\libg.a(libc_a-mallocr.o) (__malloc_lock)
C:/Program Files (x86)/Arm/GNU Toolchain mingw-w64-i686-arm-none-eabi/bin/../lib/gcc/arm-none-eabi/15.2.1/../../../../arm-none-eabi/lib/thumb/v6-m/nofp\libg.a(libc_a-realloc.o)
                              CMakeFiles/turret.dir/C_/Users/davee/.pico-sdk/sdk/2.2.0/src/rp2_common/pico_malloc/malloc.c.obj (realloc)
C:/Program Files (x86)/Arm/GNU Toolchain mingw-w64-i686-arm-none-eabi/bin/../lib/gcc/arm-none-eabi/15.2.1/../../../../arm-none-eabi/lib/thumb/v6-m/nofp\libg.a(libc_a-reallocr.o)
                              C:/Program Files (x86)/Arm/GNU Toolchain mingw-w64-i686-arm-none-eabi/bin/../lib/gcc/arm-none-eabi/15.2.1/../../../../arm-none-eabi/lib/thumb/v6-m/nofp\libg.a(libc_a-realloc.o) (_realloc_r)
C:/Program Files (x86)/Arm/GNU Toolchain mingw-w64-i686-arm-none-eabi/bin/../lib/gcc/arm-none-eabi/15.2.1/../../../../arm-none-eabi/lib/thumb/v6-m/nofp\libg.a(libc_a-strtod.o)
                              CMakeFiles/turret.dir/main.c.obj (strtof)
C:/Program Files (x86)/Arm/GNU Toolchain mingw-w64-i686-arm-none-eabi/bin/../lib/gcc/arm-none-eabi/15.2.1/../../../../arm-none-eabi/lib/thumb/v6-m/nofp\libg.a(libc_a-strtol.o)
                              C:/Program Files (x86)/Arm/GNU Toolchain mingw-w64-i686-arm-none-eabi/bin/../lib/gcc/arm-none-eabi/15.2.1/../../../../arm-none-eabi/lib/thumb/v6-m/nofp\libg.a(libc_a-atoi.o) (_strtol_r)
C:/Program Files (x86)/Arm/GNU Toolchain mingw-w64-i686-arm-none-eabi/bin/../lib/gcc/arm-none-eabi/15.2.1/../../../../arm-none-eabi/lib/thumb/v6-m/nofp\libg.a(libc_a-strtoul.o)
                              CMakeFiles/turret.dir/main.c.obj (strtoul)
C:/Program Files (x86)/Arm/GNU Toolchain mingw-w64-i686-arm-none-eabi/bin/../lib/gcc/arm-none-eabi/15.2.1/../../../../arm-none-eabi/lib/thumb/v6-m/nofp\libg.a(libc_a-ctype_.o)
                              C:/Program Files (x86)/Arm/GNU Toolchain mingw-w64-i686-arm-none-eabi/bin/../lib/gcc/arm-none-eabi/15.2.1/../../../../arm-none-eabi/lib/thumb/v6-m/nofp\libg.a(libc_a-strtol.o) (_ctype_)
C:/Program Files (x86)/Arm/GNU Toolchain mingw-w64-i686-arm-none-eabi/bin/../lib/gcc/arm-none-eabi/15.2.1/../../../../arm-none-eabi/lib/thumb/v6-m/nofp\libg.a(libc_a-memcmp.o)
                              CMakeFiles/turret.dir/C_/Users/davee/.pico-sdk/sdk/2.2.0/src/rp2_common/pico_atomic/atomic.c.obj (memcmp)
C:/Program Files (x86)/Arm/GNU Toolchain mingw-w64-i686-arm-none-eabi/bin/../lib/gcc/arm-none-eabi/15.2.1/../../../../arm-none-eabi/lib/thumb/v6-m/nofp\libg.a(libc_a-memmove.o)
[...]
Memory Configuration

Name             Origin             Length             Attributes
FLASH            0x10000000         0x00200000         xr
RAM              0x20000000         0x00040000         xrw
SCRATCH_X        0x20040000         0x00001000         xrw
SCRATCH_Y        0x20041000         0x00001000         xrw
*default*        0x00000000         0xffffffff

Linker script and memory map

LOAD C:/Program Files (x86)/Arm/GNU Toolchain mingw-w64-i686-arm-none-eabi/bin/../lib/gcc/arm-none-eabi/15.2.1/thumb/v6-m/nofp/crti.o
LOAD C:/Program Files (x86)/Arm/GNU Toolchain mingw-w64-i686-arm-none-eabi/bin/../lib/gcc/arm-none-eabi/15.2.1/thumb/v6-m/nofp/crtbegin.o
LOAD C:/Program Files (x86)/Arm/GNU Toolchain mingw-w64-i686-arm-none-eabi/bin/../lib/gcc/arm-none-eabi/15.2.1/../../../../arm-none-eabi/lib/thumb/v6-m/nofp/crt0.o

.flash_begin    0x10000000        0x0
                0x10000000                        __flash_binary_start = .

.boot2          0x10000000      0x100
                0x10000000                        __boot2_start__ = .
 *(.boot2)
 .boot2         0x10000000      0x100 pico-sdk/src/rp2040/boot_stage2/CMakeFiles/bs2_default_library.dir/./bs2_default_padded_checksummed.S.obj
                0x10000100                        __boot2_end__ = .
                0x00000001                        ASSERT (((__boot2_end__ - __boot2_start__) == 0x100), ERROR: Pico second stage bootloader must be 256 bytes in size)

.text           0x10000100     0xb3a4
                0x10000100                        __logical_binary_start = .
 *(.vectors)
 .vectors       0x10000100       0xd4 CMakeFiles/turret.dir/C_/Users/davee/.pico-sdk/sdk/2.2.0/src/rp2_common/pico_crt0/crt0.S.obj
                0x10000100                __VECTOR_TABLE
                0x10000100                __vectors
                0x100001c0                isr_irq13
                0x100001c0                isr_irq27
                0x100001c0                isr_irq31
                0x100001c0                isr_irq12
                0x100001c0                isr_irq5
                0x100001c0                isr_irq11
                0x100001c0                isr_irq3
                0x100001c0                isr_irq23
                0x100001c0                __unhandled_user_irq
                0x100001c0                isr_irq26
                0x100001c0                isr_irq28
                0x100001c0                isr_irq19
                0x100001c0                isr_irq0
                0x100001c0                isr_irq6
                0x100001c0                isr_irq29
                0x100001c0                isr_irq16
                0x100001c0                isr_irq22
                0x100001c0                isr_irq18
                0x100001c0                isr_irq17
                0x100001c0                isr_irq14
                0x100001c0                __vectors_end
                0x100001c0                __default_isrs_start
                0x100001c0                isr_irq2
                0x100001c0                isr_irq10
                0x100001c0                isr_irq8
                0x100001c0                isr_irq24
                0x100001c0                isr_irq1
                0x100001c0                isr_irq7
                0x100001c0                isr_irq21
                0x100001c0                isr_irq20
                0x100001c0                isr_irq15
                0x100001c0                isr_irq25
                0x100001c0                isr_irq4
                0x100001c0                isr_irq30
                0x100001c0                isr_irq9
                0x100001c6                unhandled_user_irq_num_in_r0
                0x100001c8                isr_invalid
                0x100001ca                isr_nmi
                0x100001cc                isr_hardfault
                0x100001ce                isr_svcall
                0x100001d0                isr_pendsv
                0x100001d2                isr_systick
                0x100001d4                __default_isrs_end
 *(.binary_info_header)
 .binary_info_header
                0x100001d4       0x14 CMakeFiles/turret.dir/C_/Users/davee/.pico-sdk/sdk/2.2.0/src/rp2_common/pico_crt0/crt0.S.obj
                0x100001e8                        __binary_info_header_end = .
 *(.embedded_block)
                0x100001e8                        __embedded_block_end = .
 *(.reset)
 .reset         0x100001e8       0x9c CMakeFiles/turret.dir/C_/Users/davee/.pico-sdk/sdk/2.2.0/src/rp2_common/pico_crt0/crt0.S.obj
                0x100001e8                _entry_point
 *(.init)
 .init          0x10000284        0x4 C:/Program Files (x86)/Arm/GNU Toolchain mingw-w64-i686-arm-none-eabi/bin/../lib/gcc/arm-none-eabi/15.2.1/thumb/v6-m/nofp/crti.o
                0x10000284                _init
 *(EXCLUDE_FILE(*libm.a: *libc.a:*lib_a-mem*.o *libgcc.a:) .text*)
 .text.register_tm_clones
                0x10000288       0x28 C:/Program Files (x86)/Arm/GNU Toolchain mingw-w64-i686-arm-none-eabi/bin/../lib/gcc/arm-none-eabi/15.2.1/thumb/v6-m/nofp/crtbegin.o
 .text.frame_dummy
                0x100002b0       0x24 C:/Program Files (x86)/Arm/GNU Toolchain mingw-w64-i686-arm-none-eabi/bin/../lib/gcc/arm-none-eabi/15.2.1/thumb/v6-m/nofp/crtbegin.o
 .text.stepper_init_gpio
                0x100002d4       0x2c CMakeFiles/turret.dir/main.c.obj
 .text.pwm_set_freq
                0x10000300       0x9c CMakeFiles/turret.dir/main.c.obj
 .text.feed_enc_irq
                0x1000039c       0x4c CMakeFiles/turret.dir/main.c.obj
 .text.dshot_init_sm.constprop.0
                0x100003e8       0xe8 CMakeFiles/turret.dir/main.c.obj
 .text.pwm_irq_handler
                0x100004d0       0xe8 CMakeFiles/turret.dir/main.c.obj
 .text.startup.main
                0x100005b8      0x9c4 CMakeFiles/turret.dir/main.c.obj
                0x100005b8                main
 .text.gpio_default_irq_handler
                0x10000f7c      0x2c0 CMakeFiles/turret.dir/C_/Users/davee/.pico-sdk/sdk/2.2.0/src/rp2_common/hardware_gpio/gpio.c.obj
 .text.gpio_set_function
                0x1000123c       0x30 CMakeFiles/turret.dir/C_/Users/davee/.pico-sdk/sdk/2.2.0/src/rp2_common/hardware_gpio/gpio.c.obj
                0x1000123c                gpio_set_function
 .text.gpio_set_pulls
                0x1000126c       0x24 CMakeFiles/turret.dir/C_/Users/davee/.pico-sdk/sdk/2.2.0/src/rp2_common/hardware_gpio/gpio.c.obj
                0x1000126c                gpio_set_pulls
 .text.gpio_set_irq_enabled_with_callback
                0x10001290       0xb0 CMakeFiles/turret.dir/C_/Users/davee/.pico-sdk/sdk/2.2.0/src/rp2_common/hardware_gpio/gpio.c.obj
                0x10001290                gpio_set_irq_enabled_with_callback
 .text.gpio_init
                0x10001340       0x3c CMakeFiles/turret.dir/C_/Users/davee/.pico-sdk/sdk/2.2.0/src/rp2_common/hardware_gpio/gpio.c.obj
                0x10001340                gpio_init
 .text.rp2040_chip_version
                0x1000137c        0xc CMakeFiles/turret.dir/C_/Users/davee/.pico-sdk/sdk/2.2.0/src/rp2040/pico_platform/platform.c.obj
                0x1000137c                rp2040_chip_version
 .text.panic    0x10001388       0x30 CMakeFiles/turret.dir/C_/Users/davee/.pico-sdk/sdk/2.2.0/src/rp2_common/pico_platform_panic/panic.c.obj
                0x10001388                panic
 .text.hw_claim_lock
                0x100013b8       0x18 CMakeFiles/turret.dir/C_/Users/davee/.pico-sdk/sdk/2.2.0/src/common/hardware_claim/claim.c.obj
                0x100013b8                hw_claim_lock
 .text.hw_claim_unlock
                0x100013d0       0x14 CMakeFiles/turret.dir/C_/Users/davee/.pico-sdk/sdk/2.2.0/src/common/hardware_claim/claim.c.obj
                0x100013d0                hw_claim_unlock
 .text.hw_claim_or_assert
                0x100013e4       0x50 CMakeFiles/turret.dir/C_/Users/davee/.pico-sdk/sdk/2.2.0/src/common/hardware_claim/claim.c.obj
                0x100013e4                hw_claim_or_assert
 .text.hw_claim_unused_from_range
                0x10001434       0x88 CMakeFiles/turret.dir/C_/Users/davee/.pico-sdk/sdk/2.2.0/src/common/hardware_claim/claim.c.obj
                0x10001434                hw_claim_unused_from_range
 .text.next_striped_spin_lock_num
                0x100014bc       0x18 CMakeFiles/turret.dir/C_/Users/davee/.pico-sdk/sdk/2.2.0/src/rp2_common/hardware_sync/sync.c.obj
                0x100014bc                next_striped_spin_lock_num
 .text.spin_lock_claim_unused
                0x100014d4       0x20 CMakeFiles/turret.dir/C_/Users/davee/.pico-sdk/sdk/2.2.0/src/rp2_common/hardware_sync/sync.c.obj
                0x100014d4                spin_lock_claim_unused
 .text.spin_locks_reset
                0x100014f4       0x1c CMakeFiles/turret.dir/C_/Users/davee/.pico-sdk/sdk/2.2.0/src/rp2_common/hardware_sync_spin_lock/sync_spin_lock.c.obj
                0x100014f4                spin_locks_reset
 .text.runtime_init_per_core_irq_priorities
                0x10001510       0x48 CMakeFiles/turret.dir/C_/Users/davee/.pico-sdk/sdk/2.2.0/src/rp2_common/hardware_irq/irq.c.obj
                0x10001510                runtime_init_per_core_irq_priorities
 .text.irq_set_enabled
                0x10001558       0x24 CMakeFiles/turret.dir/C_/Users/davee/.pico-sdk/sdk/2.2.0/src/rp2_common/hardware_irq/irq.c.obj
                0x10001558                irq_set_enabled
 .text.irq_is_enabled
                0x1000157c       0x18 CMakeFiles/turret.dir/C_/Users/davee/.pico-sdk/sdk/2.2.0/src/rp2_common/hardware_irq/irq.c.obj
                0x1000157c                irq_is_enabled
 .text.irq_set_pending
                0x10001594       0x10 CMakeFiles/turret.dir/C_/Users/davee/.pico-sdk/sdk/2.2.0/src/rp2_common/hardware_irq/irq.c.obj
                0x10001594                irq_set_pending
 .text.irq_has_shared_handler
                0x100015a4       0x20 CMakeFiles/turret.dir/C_/Users/davee/.pico-sdk/sdk/2.2.0/src/rp2_common/hardware_irq/irq.c.obj
                0x100015a4                irq_has_shared_handler
 .text.irq_set_exclusive_handler
                0x100015c4       0x54 CMakeFiles/turret.dir/C_/Users/davee/.pico-sdk/sdk/2.2.0/src/rp2_common/hardware_irq/irq.c.obj
                0x100015c4                irq_set_exclusive_handler
 .text.irq_add_shared_handler
                0x10001618      0x1cc CMakeFiles/turret.dir/C_/Users/davee/.pico-sdk/sdk/2.2.0/src/rp2_common/hardware_irq/irq.c.obj
                0x10001618                irq_add_shared_handler
 .text.irq_remove_handler
                0x100017e4      0x1c8 CMakeFiles/turret.dir/C_/Users/davee/.pico-sdk/sdk/2.2.0/src/rp2_common/hardware_irq/irq.c.obj
                0x100017e4                irq_remove_handler
 .text.irq_add_tail_to_free_list
                0x100019ac       0xb4 CMakeFiles/turret.dir/C_/Users/davee/.pico-sdk/sdk/2.2.0/src/rp2_common/hardware_irq/irq.c.obj
                0x100019ac                irq_add_tail_to_free_list
 .text.user_irq_claim_unused
                0x10001a60       0x28 CMakeFiles/turret.dir/C_/Users/davee/.pico-sdk/sdk/2.2.0/src/rp2_common/hardware_irq/irq.c.obj
                0x10001a60                user_irq_claim_unused
 .text.lock_init
                0x10001a88       0x10 CMakeFiles/turret.dir/C_/Users/davee/.pico-sdk/sdk/2.2.0/src/common/pico_sync/lock_core.c.obj
                0x10001a88                lock_init
 .text.runtime_init_mutex
                0x10001a98       0x50 CMakeFiles/turret.dir/C_/Users/davee/.pico-sdk/sdk/2.2.0/src/common/pico_sync/mutex.c.obj
                0x10001a98                runtime_init_mutex
 .text.mutex_init
                0x10001ae8       0x1c CMakeFiles/turret.dir/C_/Users/davee/.pico-sdk/sdk/2.2.0/src/common/pico_sync/mutex.c.obj
                0x10001ae8                mutex_init
 .text.critical_section_init
                0x10001b04       0x1c CMakeFiles/turret.dir/C_/Users/davee/.pico-sdk/sdk/2.2.0/src/common/pico_sync/critical_section.c.obj
                0x10001b04                critical_section_init
 .text.critical_section_init_with_lock_num
                0x10001b20       0x14 CMakeFiles/turret.dir/C_/Users/davee/.pico-sdk/sdk/2.2.0/src/common/pico_sync/critical_section.c.obj
                0x10001b20                critical_section_init_with_lock_num
 .text.sleep_until_callback
                0x10001b34       0x30 CMakeFiles/turret.dir/C_/Users/davee/.pico-sdk/sdk/2.2.0/src/common/pico_time/time.c.obj
 .text.alarm_pool_irq_handler
                0x10001b64      0x2f4 CMakeFiles/turret.dir/C_/Users/davee/.pico-sdk/sdk/2.2.0/src/common/pico_time/time.c.obj
 .text.runtime_init_default_alarm_pool
                0x10001e58       0xd8 CMakeFiles/turret.dir/C_/Users/davee/.pico-sdk/sdk/2.2.0/src/common/pico_time/time.c.obj
                0x10001e58                runtime_init_default_alarm_pool
 .text.alarm_pool_get_default
                0x10001f30        0x8 CMakeFiles/turret.dir/C_/Users/davee/.pico-sdk/sdk/2.2.0/src/common/pico_time/time.c.obj
                0x10001f30                alarm_pool_get_default
 .text.alarm_pool_add_alarm_at
                0x10001f38       0xcc CMakeFiles/turret.dir/C_/Users/davee/.pico-sdk/sdk/2.2.0/src/common/pico_time/time.c.obj
                0x10001f38                alarm_pool_add_alarm_at
 .text.alarm_pool_add_alarm_at_force_in_context
                0x10002004       0xbc CMakeFiles/turret.dir/C_/Users/davee/.pico-sdk/sdk/2.2.0/src/common/pico_time/time.c.obj
                0x10002004                alarm_pool_add_alarm_at_force_in_context
 .text.alarm_pool_cancel_alarm
                0x100020c0       0x74 CMakeFiles/turret.dir/C_/Users/davee/.pico-sdk/sdk/2.2.0/src/common/pico_time/time.c.obj
                0x100020c0                alarm_pool_cancel_alarm
 .text.alarm_pool_core_num
                0x10002134        0x4 CMakeFiles/turret.dir/C_/Users/davee/.pico-sdk/sdk/2.2.0/src/common/pico_time/time.c.obj
                0x10002134                alarm_pool_core_num
 .text.sleep_ms
                0x10002138       0xfc CMakeFiles/turret.dir/C_/Users/davee/.pico-sdk/sdk/2.2.0/src/common/pico_time/time.c.obj
                0x10002138                sleep_ms
 .text.best_effort_wfe_or_timeout
                0x10002234      0x100 CMakeFiles/turret.dir/C_/Users/davee/.pico-sdk/sdk/2.2.0/src/common/pico_time/time.c.obj
                0x10002234                best_effort_wfe_or_timeout
 .text.timer_hardware_alarm_claim
                0x10002334       0x14 CMakeFiles/turret.dir/C_/Users/davee/.pico-sdk/sdk/2.2.0/src/rp2_common/hardware_timer/timer.c.obj
                0x10002334                timer_hardware_alarm_claim
 .text.timer_time_us_64
                0x10002348       0x10 CMakeFiles/turret.dir/C_/Users/davee/.pico-sdk/sdk/2.2.0/src/rp2_common/hardware_timer/timer.c.obj
                0x10002348                timer_time_us_64
 .text.time_us_64
                0x10002358       0x14 CMakeFiles/turret.dir/C_/Users/davee/.pico-sdk/sdk/2.2.0/src/rp2_common/hardware_timer/timer.c.obj
                0x10002358                time_us_64
 .text.busy_wait_us
                0x1000236c       0x6c CMakeFiles/turret.dir/C_/Users/davee/.pico-sdk/sdk/2.2.0/src/rp2_common/hardware_timer/timer.c.obj
                0x1000236c                busy_wait_us
 .text.busy_wait_until
                0x100023d8       0x20 CMakeFiles/turret.dir/C_/Users/davee/.pico-sdk/sdk/2.2.0/src/rp2_common/hardware_timer/timer.c.obj
                0x100023d8                busy_wait_until
 .text.clock_configure_int_divider
                0x100023f8       0xec CMakeFiles/turret.dir/C_/Users/davee/.pico-sdk/sdk/2.2.0/src/rp2_common/hardware_clocks/clocks.c.obj
                0x100023f8                clock_configure_int_divider
 .text.clock_configure_undivided
                0x100024e4       0xe0 CMakeFiles/turret.dir/C_/Users/davee/.pico-sdk/sdk/2.2.0/src/rp2_common/hardware_clocks/clocks.c.obj
                0x100024e4                clock_configure_undivided
 .text.clock_get_hz
                0x100025c4        0xc CMakeFiles/turret.dir/C_/Users/davee/.pico-sdk/sdk/2.2.0/src/rp2_common/hardware_clocks/clocks.c.obj
                0x100025c4                clock_get_hz
 .text.pll_init
                0x100025d0       0xb0 CMakeFiles/turret.dir/C_/Users/davee/.pico-sdk/sdk/2.2.0/src/rp2_common/hardware_pll/pll.c.obj
                0x100025d0                pll_init
 .text.watchdog_reboot
                0x10002680       0x9c CMakeFiles/turret.dir/C_/Users/davee/.pico-sdk/sdk/2.2.0/src/rp2_common/hardware_watchdog/watchdog.c.obj
                0x10002680                watchdog_reboot
 .text.tick_start
                0x1000271c       0x10 CMakeFiles/turret.dir/C_/Users/davee/.pico-sdk/sdk/2.2.0/src/rp2_common/hardware_ticks/ticks.c.obj
                0x1000271c                tick_start
 .text.rom_func_lookup
                0x1000272c       0x10 CMakeFiles/turret.dir/C_/Users/davee/.pico-sdk/sdk/2.2.0/src/rp2_common/pico_bootrom/bootrom.c.obj
                0x1000272c                rom_func_lookup
 .text.rom_data_lookup
                0x1000273c       0x10 CMakeFiles/turret.dir/C_/Users/davee/.pico-sdk/sdk/2.2.0/src/rp2_common/pico_bootrom/bootrom.c.obj
                0x1000273c                rom_data_lookup
 .text.rom_funcs_lookup
                0x1000274c       0x44 CMakeFiles/turret.dir/C_/Users/davee/.pico-sdk/sdk/2.2.0/src/rp2_common/pico_bootrom/bootrom.c.obj
                0x1000274c                rom_funcs_lookup
 .text.rom_reset_usb_boot_extra
                0x10002790       0x24 CMakeFiles/turret.dir/C_/Users/davee/.pico-sdk/sdk/2.2.0/src/rp2_common/pico_bootrom/bootrom.c.obj
                0x10002790                rom_reset_usb_boot_extra
 .text.xosc_init
                0x100027b4       0x28 CMakeFiles/turret.dir/C_/Users/davee/.pico-sdk/sdk/2.2.0/src/rp2_common/hardware_xosc/xosc.c.obj
                0x100027b4                xosc_init
 .text.first_per_core_initializer
                0x100027dc        0x4 CMakeFiles/turret.dir/C_/Users/davee/.pico-sdk/sdk/2.2.0/src/rp2_common/pico_runtime/runtime.c.obj
 .text.hard_assertion_failure
                0x100027e0        0xc CMakeFiles/turret.dir/C_/Users/davee/.pico-sdk/sdk/2.2.0/src/rp2_common/pico_runtime/runtime.c.obj
                0x100027e0                hard_assertion_failure
 .text.runtime_run_initializers
                0x100027ec       0x28 CMakeFiles/turret.dir/C_/Users/davee/.pico-sdk/sdk/2.2.0/src/rp2_common/pico_runtime/runtime.c.obj
                0x100027ec                runtime_run_initializers
 .text.runtime_init_early_resets
                0x10002814       0x2c CMakeFiles/turret.dir/C_/Users/davee/.pico-sdk/sdk/2.2.0/src/rp2_common/pico_runtime_init/runtime_init.c.obj
                0x10002814                runtime_init_early_resets
 .text.runtime_init_usb_power_down
                0x10002840       0x1c CMakeFiles/turret.dir/C_/Users/davee/.pico-sdk/sdk/2.2.0/src/rp2_common/pico_runtime_init/runtime_init.c.obj
                0x10002840                runtime_init_usb_power_down
 .text.runtime_init_post_clock_resets
                0x1000285c       0x20 CMakeFiles/turret.dir/C_/Users/davee/.pico-sdk/sdk/2.2.0/src/rp2_common/pico_runtime_init/runtime_init.c.obj
                0x1000285c                runtime_init_post_clock_resets
 .text.runtime_init_rp2040_gpio_ie_disable
                0x1000287c       0x14 CMakeFiles/turret.dir/C_/Users/davee/.pico-sdk/sdk/2.2.0/src/rp2_common/pico_runtime_init/runtime_init.c.obj
                0x1000287c                runtime_init_rp2040_gpio_ie_disable
 .text.runtime_init_spin_locks_reset
                0x10002890        0x8 CMakeFiles/turret.dir/C_/Users/davee/.pico-sdk/sdk/2.2.0/src/rp2_common/pico_runtime_init/runtime_init.c.obj
                0x10002890                runtime_init_spin_locks_reset
 .text.runtime_init_install_ram_vector_table
                0x10002898       0xb8 CMakeFiles/turret.dir/C_/Users/davee/.pico-sdk/sdk/2.2.0/src/rp2_common/pico_runtime_init/runtime_init.c.obj
                0x10002898                runtime_init_install_ram_vector_table
 .text.runtime_init_clocks
                0x10002950       0xd8 CMakeFiles/turret.dir/C_/Users/davee/.pico-sdk/sdk/2.2.0/src/rp2_common/pico_runtime_init/runtime_init_clocks.c.obj
                0x10002950                runtime_init_clocks
 .text          0x10002a28       0x10 CMakeFiles/turret.dir/C_/Users/davee/.pico-sdk/sdk/2.2.0/src/rp2_common/pico_bit_ops/bit_ops_aeabi.S.obj
 .text.__wrap___aeabi_idiv
                0x10002a38       0x50 CMakeFiles/turret.dir/C_/Users/davee/.pico-sdk/sdk/2.2.0/src/rp2_common/pico_divider/divider_hardware.S.obj
                0x10002a38                __wrap___aeabi_idivmod
                0x10002a38                divmod_s32s32
                0x10002a38                div_s32s32
                0x10002a38                __wrap___aeabi_idiv
                0x10002a40                divmod_s32s32_unsafe
                0x10002a6c                divmod_s32s32_savestate
 .text.__wrap___aeabi_uidiv
                0x10002a88       0x4c CMakeFiles/turret.dir/C_/Users/davee/.pico-sdk/sdk/2.2.0/src/rp2_common/pico_divider/divider_hardware.S.obj
                0x10002a88                __wrap___aeabi_uidiv
                0x10002a88                __wrap___aeabi_uidivmod
                0x10002a88                div_u32u32
                0x10002a88                divmod_u32u32
                0x10002a90                divmod_u32u32_unsafe
                0x10002ab8                divmod_u32u32_savestate
 .text.__wrap___aeabi_ldiv
                0x10002ad4      0x424 CMakeFiles/turret.dir/C_/Users/davee/.pico-sdk/sdk/2.2.0/src/rp2_common/pico_divider/divider_hardware.S.obj
                0x10002ad4                div_s64s64
                0x10002ad4                divmod_s64s64
                0x10002ad4                __wrap___aeabi_ldivmod
                0x10002b04                divmod_u64u64
                0x10002b04                div_u64u64
                0x10002b04                __wrap___aeabi_uldivmod
                0x10002b14                divmod_u64u64_savestate
                0x10002b34                divmod_s64s64_unsafe
                0x10002bbc                divmod_u64u64_unsafe
 .text.__wrap___aeabi_darithmetic
                0x10002ef8       0x80 CMakeFiles/turret.dir/C_/Users/davee/.pico-sdk/sdk/2.2.0/src/rp2_common/pico_double/double_aeabi_rp2040.S.obj
                0x10002ef8                __wrap___aeabi_drsub
                0x10002efe                __wrap___aeabi_dsub
                0x10002f10                __wrap___aeabi_dadd
                0x10002f22                __wrap___aeabi_ddiv
                0x10002f5e                __wrap___aeabi_dmul
 .text.__wrap___aeabi_cdcmple
                0x10002f78       0x6c CMakeFiles/turret.dir/C_/Users/davee/.pico-sdk/sdk/2.2.0/src/rp2_common/pico_double/double_aeabi_rp2040.S.obj
                0x10002f78                __wrap___aeabi_cdrcmple
                0x10002f88                __wrap___aeabi_cdcmpeq
                0x10002f88                __wrap___aeabi_cdcmple
 .text.__wrap___aeabi_dcmpeq
                0x10002fe4       0x10 CMakeFiles/turret.dir/C_/Users/davee/.pico-sdk/sdk/2.2.0/src/rp2_common/pico_double/double_aeabi_rp2040.S.obj
                0x10002fe4                __wrap___aeabi_dcmpeq
 .text.__wrap___aeabi_dcmplt
                0x10002ff4        0xc CMakeFiles/turret.dir/C_/Users/davee/.pico-sdk/sdk/2.2.0/src/rp2_common/pico_double/double_aeabi_rp2040.S.obj
                0x10002ff4                __wrap___aeabi_dcmplt
 .text.__wrap___aeabi_dcmple
                0x10003000       0x10 CMakeFiles/turret.dir/C_/Users/davee/.pico-sdk/sdk/2.2.0/src/rp2_common/pico_double/double_aeabi_rp2040.S.obj
                0x10003000                __wrap___aeabi_dcmple
 .text.__wrap___aeabi_dcmpge
                0x10003010       0x10 CMakeFiles/turret.dir/C_/Users/davee/.pico-sdk/sdk/2.2.0/src/rp2_common/pico_double/double_aeabi_rp2040.S.obj
                0x10003010                __wrap___aeabi_dcmpge
 .text.__wrap___aeabi_dcmpgt
                0x10003020        0xa CMakeFiles/turret.dir/C_/Users/davee/.pico-sdk/sdk/2.2.0/src/rp2_common/pico_double/double_aeabi_rp2040.S.obj
                0x10003020                __wrap___aeabi_dcmpgt
 .text.__wrap___aeabi_dcmpun
                0x1000302a       0x18 CMakeFiles/turret.dir/C_/Users/davee/.pico-sdk/sdk/2.2.0/src/rp2_common/pico_double/double_aeabi_rp2040.S.obj
                0x1000302a                __wrap___aeabi_dcmpun
 *fill*         0x10003042        0x2 
 .text.__wrap___aeabi_i2d
                0x10003044       0x38 CMakeFiles/turret.dir/C_/Users/davee/.pico-sdk/sdk/2.2.0/src/rp2_common/pico_double/double_aeabi_rp2040.S.obj
                0x10003044                uint2double
                0x10003044                __wrap___aeabi_ui2d
                0x1000304c                int2double
                0x1000304c                __wrap___aeabi_i2d
 .text.__wrap___aeabi_d2iz
                0x1000307c       0x48 CMakeFiles/turret.dir/C_/Users/davee/.pico-sdk/sdk/2.2.0/src/rp2_common/pico_double/double_aeabi_rp2040.S.obj
                0x1000307c                double2int_z
                0x1000307c                __wrap___aeabi_d2iz
 .text.__wrap___aeabi_d2uiz
                0x100030c4       0x18 CMakeFiles/turret.dir/C_/Users/davee/.pico-sdk/sdk/2.2.0/src/rp2_common/pico_double/double_aeabi_rp2040.S.obj
                0x100030c4                double2uint
                0x100030c4                __wrap___aeabi_d2uiz
                0x100030c4                double2uint_z
 .text.__wrap___aeabi_l2d
                0x100030dc       0x18 CMakeFiles/turret.dir/C_/Users/davee/.pico-sdk/sdk/2.2.0/src/rp2_common/pico_double/double_aeabi_rp2040.S.obj
                0x100030dc                int642double
                0x100030dc                __wrap___aeabi_l2d
 .text.__wrap___aeabi_d2lz
                0x100030f4       0x26 CMakeFiles/turret.dir/C_/Users/davee/.pico-sdk/sdk/2.2.0/src/rp2_common/pico_double/double_aeabi_rp2040.S.obj
                0x100030f4                double2int64_z
                0x100030f4                __wrap___aeabi_d2lz
 *fill*         0x1000311a        0x2 
 .text.double2int64
                0x1000311c       0x18 CMakeFiles/turret.dir/C_/Users/davee/.pico-sdk/sdk/2.2.0/src/rp2_common/pico_double/double_aeabi_rp2040.S.obj
                0x1000311c                double2int64
 .text.double2ufix64
                0x10003134       0x18 CMakeFiles/turret.dir/C_/Users/davee/.pico-sdk/sdk/2.2.0/src/rp2_common/pico_double/double_aeabi_rp2040.S.obj
                0x10003134                double2ufix64_z
                0x10003134                double2ufix64
 .text.__wrap___aeabi_d2f
                0x1000314c       0x18 CMakeFiles/turret.dir/C_/Users/davee/.pico-sdk/sdk/2.2.0/src/rp2_common/pico_double/double_aeabi_rp2040.S.obj
                0x1000314c                __wrap___aeabi_d2f
 .text.__aeabi_double_init
                0x10003164       0xa4 CMakeFiles/turret.dir/C_/Users/davee/.pico-sdk/sdk/2.2.0/src/rp2_common/pico_double/double_init_rom_rp2040.c.obj
                0x10003164                __aeabi_double_init
 .text.double_table_shim_on_use_helper
                0x10003208       0x2c CMakeFiles/turret.dir/C_/Users/davee/.pico-sdk/sdk/2.2.0/src/rp2_common/pico_double/double_v1_rom_shim_rp2040.S.obj
                0x10003208                double_table_shim_on_use_helper
 .text.__wrap___aeabi_dsub
                0x10003234       0x10 CMakeFiles/turret.dir/C_/Users/davee/.pico-sdk/sdk/2.2.0/src/rp2_common/pico_double/double_v1_rom_shim_rp2040.S.obj
                0x10003234                drsub_shim
                0x1000323a                dsub_shim
 .text.dadd_shim
                0x10003244      0x15c CMakeFiles/turret.dir/C_/Users/davee/.pico-sdk/sdk/2.2.0/src/rp2_common/pico_double/double_v1_rom_shim_rp2040.S.obj
                0x10003244                dadd_shim
 .text.dmul_shim
                0x100033a0      0x15c CMakeFiles/turret.dir/C_/Users/davee/.pico-sdk/sdk/2.2.0/src/rp2_common/pico_double/double_v1_rom_shim_rp2040.S.obj
                0x100033a0                dmul_shim
 .text.ddiv_shim
                0x100034fc      0x1b0 CMakeFiles/turret.dir/C_/Users/davee/.pico-sdk/sdk/2.2.0/src/rp2_common/pico_double/double_v1_rom_shim_rp2040.S.obj
                0x100034fc                ddiv_shim
 .text.double2uint_shim
                0x100036ac        0xe CMakeFiles/turret.dir/C_/Users/davee/.pico-sdk/sdk/2.2.0/src/rp2_common/pico_double/double_v1_rom_shim_rp2040.S.obj
                0x100036ac                double2uint_shim
                0x100036ae                double2ufix_shim
 .text.double2int64_shim
                0x100036ba       0x1a CMakeFiles/turret.dir/C_/Users/davee/.pico-sdk/sdk/2.2.0/src/rp2_common/pico_double/double_v1_rom_shim_rp2040.S.obj
                0x100036ba                double2int64_shim
                0x100036bc                double2fix64_shim
 .text.double2uint64_shim
                0x100036d4       0x70 CMakeFiles/turret.dir/C_/Users/davee/.pico-sdk/sdk/2.2.0/src/rp2_common/pico_double/double_v1_rom_shim_rp2040.S.obj
                0x100036d4                double2uint64_shim
                0x100036d6                double2ufix64_shim
                0x100036f6                d2fix_a
 .text.double2float_shim
                0x10003744       0x5c CMakeFiles/turret.dir/C_/Users/davee/.pico-sdk/sdk/2.2.0/src/rp2_common/pico_double/double_v1_rom_shim_rp2040.S.obj
                0x10003744                double2float_shim
 .text.x2double_shims
                0x100037a0       0x90 CMakeFiles/turret.dir/C_/Users/davee/.pico-sdk/sdk/2.2.0/src/rp2_common/pico_double/double_v1_rom_shim_rp2040.S.obj
                0x100037a0                uint2double_shim
                0x100037a2                ufix2double_shim
                0x100037a8                int2double_shim
                0x100037aa                fix2double_shim
                0x100037b0                uint642double_shim
                0x100037b2                ufix642double_shim
                0x100037b8                int642double_shim
                0x100037ba                fix642double_shim
 .text.dunpacks
                0x10003830       0x3c CMakeFiles/turret.dir/C_/Users/davee/.pico-sdk/sdk/2.2.0/src/rp2_common/pico_double/double_v1_rom_shim_rp2040.S.obj
                0x10003830                dunpacks
 .text.__aeabi_lmul
                0x1000386c       0x32 CMakeFiles/turret.dir/C_/Users/davee/.pico-sdk/sdk/2.2.0/src/rp2_common/pico_int64_ops/pico_int64_ops_aeabi.S.obj
                0x1000386c                __wrap___aeabi_lmul
 *fill*         0x1000389e        0x2 
 .text.__wrap___aeabi_farithmetic
                0x100038a0       0x48 CMakeFiles/turret.dir/C_/Users/davee/.pico-sdk/sdk/2.2.0/src/rp2_common/pico_float/float_aeabi_rp2040.S.obj
                0x100038a0                __wrap___aeabi_frsub
                0x100038a6                __wrap___aeabi_fsub
                0x100038ac                __wrap___aeabi_fadd
                0x100038b2                __wrap___aeabi_fdiv
                0x100038da                __wrap___aeabi_fmul
 .text.__wrap___aeabi_cfcmple
                0x100038e8       0x50 CMakeFiles/turret.dir/C_/Users/davee/.pico-sdk/sdk/2.2.0/src/rp2_common/pico_float/float_aeabi_rp2040.S.obj
                0x100038e8                __wrap___aeabi_cfrcmple
                0x100038f4                __wrap___aeabi_cfcmple
                0x100038f4                __wrap___aeabi_cfcmpeq
 .text.__wrap___aeabi_fcmple
                0x10003938       0x10 CMakeFiles/turret.dir/C_/Users/davee/.pico-sdk/sdk/2.2.0/src/rp2_common/pico_float/float_aeabi_rp2040.S.obj
                0x10003938                __wrap___aeabi_fcmple
 .text.__wrap___aeabi_fcmpge
                0x10003948       0x10 CMakeFiles/turret.dir/C_/Users/davee/.pico-sdk/sdk/2.2.0/src/rp2_common/pico_float/float_aeabi_rp2040.S.obj
                0x10003948                __wrap___aeabi_fcmpge
 .text.__wrap___aeabi_fcmpun
                0x10003958       0x18 CMakeFiles/turret.dir/C_/Users/davee/.pico-sdk/sdk/2.2.0/src/rp2_common/pico_float/float_aeabi_rp2040.S.obj
                0x10003958                __wrap___aeabi_fcmpun
 .text.__wrap___aeabi_ui2f
                0x10003970        0xa CMakeFiles/turret.dir/C_/Users/davee/.pico-sdk/sdk/2.2.0/src/rp2_common/pico_float/float_aeabi_rp2040.S.obj
                0x10003970                __wrap___aeabi_ui2f
                0x10003970                uint2float
 *fill*         0x1000397a        0x2 
 .text.__wrap___aeabi_i2f
                0x1000397c       0x44 CMakeFiles/turret.dir/C_/Users/davee/.pico-sdk/sdk/2.2.0/src/rp2_common/pico_float/float_aeabi_rp2040.S.obj
                0x1000397c                __wrap___aeabi_i2f
                0x1000397c                int2float
 .text.__wrap___aeabi_f2uiz
                0x100039c0        0xc CMakeFiles/turret.dir/C_/Users/davee/.pico-sdk/sdk/2.2.0/src/rp2_common/pico_float/float_aeabi_rp2040.S.obj
                0x100039c0                float2uint_z
                0x100039c0                __wrap___aeabi_f2uiz
                0x100039c0                float2uint
 .text.__aeabi_float_init
                0x100039cc       0x68 CMakeFiles/turret.dir/C_/Users/davee/.pico-sdk/sdk/2.2.0/src/rp2_common/pico_float/float_init_rom_rp2040.c.obj
                0x100039cc                __aeabi_float_init
 .text.float_table_shim_on_use_helper
                0x10003a34       0x2c CMakeFiles/turret.dir/C_/Users/davee/.pico-sdk/sdk/2.2.0/src/rp2_common/pico_float/float_v1_rom_shim_rp2040.S.obj
                0x10003a34                float_table_shim_on_use_helper
 .text          0x10003a60       0x10 CMakeFiles/turret.dir/C_/Users/davee/.pico-sdk/sdk/2.2.0/src/rp2_common/pico_mem_ops/mem_ops_aeabi.S.obj
                0x10003a60                __aeabi_mem_init
 .text.memset   0x10003a70        0xc CMakeFiles/turret.dir/C_/Users/davee/.pico-sdk/sdk/2.2.0/src/rp2_common/pico_mem_ops/mem_ops_aeabi.S.obj
                0x10003a70                __wrap_memset
 .text.memcpy   0x10003a7c        0xc CMakeFiles/turret.dir/C_/Users/davee/.pico-sdk/sdk/2.2.0/src/rp2_common/pico_mem_ops/mem_ops_aeabi.S.obj
                0x10003a7c                __wrap_memcpy
                0x10003a7c                __wrap___aeabi_memcpy
 .text._out_buffer
                0x10003a88        0x8 CMakeFiles/turret.dir/C_/Users/davee/.pico-sdk/sdk/2.2.0/src/rp2_common/pico_printf/printf.c.obj
 .text._out_null
                0x10003a90        0x4 CMakeFiles/turret.dir/C_/Users/davee/.pico-sdk/sdk/2.2.0/src/rp2_common/pico_printf/printf.c.obj
 .text._out_rev
                0x10003a94       0xa8 CMakeFiles/turret.dir/C_/Users/davee/.pico-sdk/sdk/2.2.0/src/rp2_common/pico_printf/printf.c.obj
 .text._ntoa_format
                0x10003b3c      0x1d8 CMakeFiles/turret.dir/C_/Users/davee/.pico-sdk/sdk/2.2.0/src/rp2_common/pico_printf/printf.c.obj
 .text._out_char
                0x10003d14       0x10 CMakeFiles/turret.dir/C_/Users/davee/.pico-sdk/sdk/2.2.0/src/rp2_common/pico_printf/printf.c.obj
 .text._out_fct
                0x10003d24       0x10 CMakeFiles/turret.dir/C_/Users/davee/.pico-sdk/sdk/2.2.0/src/rp2_common/pico_printf/printf.c.obj
 .text._ftoa    0x10003d34      0x474 CMakeFiles/turret.dir/C_/Users/davee/.pico-sdk/sdk/2.2.0/src/rp2_common/pico_printf/printf.c.obj
 .text._etoa    0x100041a8      0x560 CMakeFiles/turret.dir/C_/Users/davee/.pico-sdk/sdk/2.2.0/src/rp2_common/pico_printf/printf.c.obj
 .text._vsnprintf
                0x10004708      0xab8 CMakeFiles/turret.dir/C_/Users/davee/.pico-sdk/sdk/2.2.0/src/rp2_common/pico_printf/printf.c.obj
 .text.__wrap_snprintf
                0x100051c0       0x28 CMakeFiles/turret.dir/C_/Users/davee/.pico-sdk/sdk/2.2.0/src/rp2_common/pico_printf/printf.c.obj
                0x100051c0                __wrap_snprintf
 .text.vfctprintf
                0x100051e8       0x20 CMakeFiles/turret.dir/C_/Users/davee/.pico-sdk/sdk/2.2.0/src/rp2_common/pico_printf/printf.c.obj
                0x100051e8                vfctprintf
 .text.weak_raw_printf
                0x10005208       0x40 CMakeFiles/turret.dir/C_/Users/davee/.pico-sdk/sdk/2.2.0/src/rp2_common/pico_printf/printf.c.obj
                0x10005208                weak_raw_printf
 .text.weak_raw_vprintf
                0x10005248       0x30 CMakeFiles/turret.dir/C_/Users/davee/.pico-sdk/sdk/2.2.0/src/rp2_common/pico_printf/printf.c.obj
                0x10005248                weak_raw_vprintf
 .text._exit    0x10005278        0x4 CMakeFiles/turret.dir/C_/Users/davee/.pico-sdk/sdk/2.2.0/src/rp2_common/pico_clib_interface/newlib_interface.c.obj
                0x10005278                _exit
 .text._sbrk    0x1000527c       0x34 CMakeFiles/turret.dir/C_/Users/davee/.pico-sdk/sdk/2.2.0/src/rp2_common/pico_clib_interface/newlib_interface.c.obj
                0x1000527c                _sbrk
 .text.exit     0x100052b0        0x8 CMakeFiles/turret.dir/C_/Users/davee/.pico-sdk/sdk/2.2.0/src/rp2_common/pico_clib_interface/newlib_interface.c.obj
                0x100052b0                exit
 .text.__assert_func
                0x100052b8       0x38 CMakeFiles/turret.dir/C_/Users/davee/.pico-sdk/sdk/2.2.0/src/rp2_common/pico_clib_interface/newlib_interface.c.obj
                0x100052b8                __assert_func
 .text.runtime_init
                0x100052f0       0x2c CMakeFiles/turret.dir/C_/Users/davee/.pico-sdk/sdk/2.2.0/src/rp2_common/pico_clib_interface/newlib_interface.c.obj
                0x100052f0                runtime_init
 .text.stdio_out_chars_no_crlf
                0x1000531c       0x10 CMakeFiles/turret.dir/C_/Users/davee/.pico-sdk/sdk/2.2.0/src/rp2_common/pico_stdio/stdio.c.obj
 .text.stdio_out_chars_crlf
                0x1000532c       0x90 CMakeFiles/turret.dir/C_/Users/davee/.pico-sdk/sdk/2.2.0/src/rp2_common/pico_stdio/stdio.c.obj
 .text.stdio_buffered_printer
                0x100053bc       0x64 CMakeFiles/turret.dir/C_/Users/davee/.pico-sdk/sdk/2.2.0/src/rp2_common/pico_stdio/stdio.c.obj
 .text.stdio_put_string
                0x10005420       0xf4 CMakeFiles/turret.dir/C_/Users/davee/.pico-sdk/sdk/2.2.0/src/rp2_common/pico_stdio/stdio.c.obj
                0x10005420                stdio_put_string
 .text.stdio_set_driver_enabled
                0x10005514       0x30 CMakeFiles/turret.dir/C_/Users/davee/.pico-sdk/sdk/2.2.0/src/rp2_common/pico_stdio/stdio.c.obj
                0x10005514                stdio_set_driver_enabled
 .text.stdio_init_all
                0x10005544        0x8 CMakeFiles/turret.dir/C_/Users/davee/.pico-sdk/sdk/2.2.0/src/rp2_common/pico_stdio/stdio.c.obj
                0x10005544                stdio_init_all
 .text.stdio_getchar_timeout_us
                0x1000554c       0x98 CMakeFiles/turret.dir/C_/Users/davee/.pico-sdk/sdk/2.2.0/src/rp2_common/pico_stdio/stdio.c.obj
                0x1000554c                stdio_getchar_timeout_us
 .text.__wrap_putchar
                0x100055e4       0x94 CMakeFiles/turret.dir/C_/Users/davee/.pico-sdk/sdk/2.2.0/src/rp2_common/pico_stdio/stdio.c.obj
                0x100055e4                __wrap_putchar
                0x100055e4                stdio_putchar
 .text.__wrap_puts
                0x10005678       0x3c CMakeFiles/turret.dir/C_/Users/davee/.pico-sdk/sdk/2.2.0/src/rp2_common/pico_stdio/stdio.c.obj
                0x10005678                stdio_puts
                0x10005678                __wrap_puts
 .text.__wrap_vprintf
                0x100056b4       0xc8 CMakeFiles/turret.dir/C_/Users/davee/.pico-sdk/sdk/2.2.0/src/rp2_common/pico_stdio/stdio.c.obj
                0x100056b4                stdio_vprintf
                0x100056b4                __wrap_vprintf
 .text.__wrap_printf
                0x1000577c       0x18 CMakeFiles/turret.dir/C_/Users/davee/.pico-sdk/sdk/2.2.0/src/rp2_common/pico_stdio/stdio.c.obj
                0x1000577c                __wrap_printf
                0x1000577c                stdio_printf
 .text.resetd_init
                0x10005794        0x4 CMakeFiles/turret.dir/C_/Users/davee/.pico-sdk/sdk/2.2.0/src/rp2_common/pico_stdio_usb/reset_interface.c.obj
 .text.resetd_reset
                0x10005798        0xc CMakeFiles/turret.dir/C_/Users/davee/.pico-sdk/sdk/2.2.0/src/rp2_common/pico_stdio_usb/reset_interface.c.obj
 .text.resetd_open
                0x100057a4       0x28 CMakeFiles/turret.dir/C_/Users/davee/.pico-sdk/sdk/2.2.0/src/rp2_common/pico_stdio_usb/reset_interface.c.obj
 .text.resetd_xfer_cb
                0x100057cc        0x4 CMakeFiles/turret.dir/C_/Users/davee/.pico-sdk/sdk/2.2.0/src/rp2_common/pico_stdio_usb/reset_interface.c.obj
 .text.resetd_control_xfer_cb
                0x100057d0       0x54 CMakeFiles/turret.dir/C_/Users/davee/.pico-sdk/sdk/2.2.0/src/rp2_common/pico_stdio_usb/reset_interface.c.obj
 .text.tud_descriptor_bos_cb
                0x10005824        0x8 CMakeFiles/turret.dir/C_/Users/davee/.pico-sdk/sdk/2.2.0/src/rp2_common/pico_stdio_usb/reset_interface.c.obj
                0x10005824                tud_descriptor_bos_cb
 .text.tud_vendor_control_xfer_cb
                0x1000582c       0x38 CMakeFiles/turret.dir/C_/Users/davee/.pico-sdk/sdk/2.2.0/src/rp2_common/pico_stdio_usb/reset_interface.c.obj
                0x1000582c                tud_vendor_control_xfer_cb
 .text.usbd_app_driver_get_cb
                0x10005864        0xc CMakeFiles/turret.dir/C_/Users/davee/.pico-sdk/sdk/2.2.0/src/rp2_common/pico_stdio_usb/reset_interface.c.obj
                0x10005864                usbd_app_driver_get_cb
 .text.tud_cdc_line_coding_cb
                0x10005870       0x2c CMakeFiles/turret.dir/C_/Users/davee/.pico-sdk/sdk/2.2.0/src/rp2_common/pico_stdio_usb/reset_interface.c.obj
                0x10005870                tud_cdc_line_coding_cb
 .text.stdio_usb_set_chars_available_callback
                0x1000589c       0x14 CMakeFiles/turret.dir/C_/Users/davee/.pico-sdk/sdk/2.2.0/src/rp2_common/pico_stdio_usb/stdio_usb.c.obj
                0x1000589c                stdio_usb_set_chars_available_callback
 .text.usb_irq  0x100058b0       0x10 CMakeFiles/turret.dir/C_/Users/davee/.pico-sdk/sdk/2.2.0/src/rp2_common/pico_stdio_usb/stdio_usb.c.obj
 .text.timer_task
                0x100058c0       0x64 CMakeFiles/turret.dir/C_/Users/davee/.pico-sdk/sdk/2.2.0/src/rp2_common/pico_stdio_usb/stdio_usb.c.obj
 .text.stdio_usb_in_chars
                0x10005924       0x8c CMakeFiles/turret.dir/C_/Users/davee/.pico-sdk/sdk/2.2.0/src/rp2_common/pico_stdio_usb/stdio_usb.c.obj
                0x10005924                stdio_usb_in_chars
 .text.stdio_usb_out_flush
                0x100059b0       0x4c CMakeFiles/turret.dir/C_/Users/davee/.pico-sdk/sdk/2.2.0/src/rp2_common/pico_stdio_usb/stdio_usb.c.obj
 .text.stdio_usb_out_chars
                0x100059fc       0xf8 CMakeFiles/turret.dir/C_/Users/davee/.pico-sdk/sdk/2.2.0/src/rp2_common/pico_stdio_usb/stdio_usb.c.obj
 .text.low_priority_worker_irq
                0x10005af4       0xc4 CMakeFiles/turret.dir/C_/Users/davee/.pico-sdk/sdk/2.2.0/src/rp2_common/pico_stdio_usb/stdio_usb.c.obj
 .text.stdio_usb_init
                0x10005bb8       0xe4 CMakeFiles/turret.dir/C_/Users/davee/.pico-sdk/sdk/2.2.0/src/rp2_common/pico_stdio_usb/stdio_usb.c.obj
                0x10005bb8                stdio_usb_init
 .text.stdio_usb_connected
                0x10005c9c        0xc CMakeFiles/turret.dir/C_/Users/davee/.pico-sdk/sdk/2.2.0/src/rp2_common/pico_stdio_usb/stdio_usb.c.obj
                0x10005c9c                stdio_usb_connected
 .text.tud_descriptor_device_cb
                0x10005ca8        0x8 CMakeFiles/turret.dir/C_/Users/davee/.pico-sdk/sdk/2.2.0/src/rp2_common/pico_stdio_usb/stdio_usb_descriptors.c.obj
                0x10005ca8                tud_descriptor_device_cb
 .text.tud_descriptor_configuration_cb
                0x10005cb0        0x8 CMakeFiles/turret.dir/C_/Users/davee/.pico-sdk/sdk/2.2.0/src/rp2_common/pico_stdio_usb/stdio_usb_descriptors.c.obj
                0x10005cb0                tud_descriptor_configuration_cb
 .text.tud_descriptor_string_cb
                0x10005cb8       0x70 CMakeFiles/turret.dir/C_/Users/davee/.pico-sdk/sdk/2.2.0/src/rp2_common/pico_stdio_usb/stdio_usb_descriptors.c.obj
                0x10005cb8                tud_descriptor_string_cb
 .text.startup._retrieve_unique_id_on_boot
                0x10005d28       0x10 CMakeFiles/turret.dir/C_/Users/davee/.pico-sdk/sdk/2.2.0/src/rp2_common/pico_unique_id/unique_id.c.obj
 .text.pico_get_unique_board_id_string
                0x10005d38      0x1e0 CMakeFiles/turret.dir/C_/Users/davee/.pico-sdk/sdk/2.2.0/src/rp2_common/pico_unique_id/unique_id.c.obj
                0x10005d38                pico_get_unique_board_id_string
 .text.flash_get_unique_id
                0x10005f18       0x3c CMakeFiles/turret.dir/C_/Users/davee/.pico-sdk/sdk/2.2.0/src/rp2_common/hardware_flash/flash.c.obj
                0x10005f18                flash_get_unique_id
 .text.dcd_init
                0x10005f54       0x90 CMakeFiles/turret.dir/C_/Users/davee/.pico-sdk/sdk/2.2.0/lib/tinyusb/src/portable/raspberrypi/rp2040/dcd_rp2040.c.obj
                0x10005f54                dcd_init
 .text.dcd_int_enable
                0x10005fe4        0xc CMakeFiles/turret.dir/C_/Users/davee/.pico-sdk/sdk/2.2.0/lib/tinyusb/src/portable/raspberrypi/rp2040/dcd_rp2040.c.obj
                0x10005fe4                dcd_int_enable
 .text.dcd_set_address
                0x10005ff0       0x14 CMakeFiles/turret.dir/C_/Users/davee/.pico-sdk/sdk/2.2.0/lib/tinyusb/src/portable/raspberrypi/rp2040/dcd_rp2040.c.obj
                0x10005ff0                dcd_set_address
 .text.dcd_sof_enable
                0x10006004       0x1c CMakeFiles/turret.dir/C_/Users/davee/.pico-sdk/sdk/2.2.0/lib/tinyusb/src/portable/raspberrypi/rp2040/dcd_rp2040.c.obj
                0x10006004                dcd_sof_enable
 .text.dcd_edpt0_status_complete
                0x10006020       0x1c CMakeFiles/turret.dir/C_/Users/davee/.pico-sdk/sdk/2.2.0/lib/tinyusb/src/portable/raspberrypi/rp2040/dcd_rp2040.c.obj
                0x10006020                dcd_edpt0_status_complete
 .text.dcd_edpt_open
                0x1000603c      0x114 CMakeFiles/turret.dir/C_/Users/davee/.pico-sdk/sdk/2.2.0/lib/tinyusb/src/portable/raspberrypi/rp2040/dcd_rp2040.c.obj
                0x1000603c                dcd_edpt_open
 .text.dcd_edpt_close_all
                0x10006150        0x8 CMakeFiles/turret.dir/C_/Users/davee/.pico-sdk/sdk/2.2.0/lib/tinyusb/src/portable/raspberrypi/rp2040/dcd_rp2040.c.obj
                0x10006150                dcd_edpt_close_all
 .text.dcd_edpt_xfer
                0x10006158       0x24 CMakeFiles/turret.dir/C_/Users/davee/.pico-sdk/sdk/2.2.0/lib/tinyusb/src/portable/raspberrypi/rp2040/dcd_rp2040.c.obj
                0x10006158                dcd_edpt_xfer
 .text.dcd_edpt_stall
                0x1000617c       0x3c CMakeFiles/turret.dir/C_/Users/davee/.pico-sdk/sdk/2.2.0/lib/tinyusb/src/portable/raspberrypi/rp2040/dcd_rp2040.c.obj
                0x1000617c                dcd_edpt_stall
 .text.dcd_edpt_clear_stall
                0x100061b8       0x30 CMakeFiles/turret.dir/C_/Users/davee/.pico-sdk/sdk/2.2.0/lib/tinyusb/src/portable/raspberrypi/rp2040/dcd_rp2040.c.obj
                0x100061b8                dcd_edpt_clear_stall
 .text.rp2040_usb_init
                0x100061e8       0x40 CMakeFiles/turret.dir/C_/Users/davee/.pico-sdk/sdk/2.2.0/lib/tinyusb/src/portable/raspberrypi/rp2040/rp2040_usb.c.obj
                0x100061e8                rp2040_usb_init
 .text.hw_endpoint_xfer_start
                0x10006228       0x40 CMakeFiles/turret.dir/C_/Users/davee/.pico-sdk/sdk/2.2.0/lib/tinyusb/src/portable/raspberrypi/rp2040/rp2040_usb.c.obj
                0x10006228                hw_endpoint_xfer_start
 .text.tud_event_hook_cb
                0x10006268        0x4 CMakeFiles/turret.dir/C_/Users/davee/.pico-sdk/sdk/2.2.0/lib/tinyusb/src/device/usbd.c.obj
                0x10006268                tud_event_hook_cb
 .text.tud_sof_cb
                0x1000626c        0x4 CMakeFiles/turret.dir/C_/Users/davee/.pico-sdk/sdk/2.2.0/lib/tinyusb/src/device/usbd.c.obj
                0x1000626c                tud_sof_cb
 .text.tud_descriptor_device_qualifier_cb
                0x10006270        0x4 CMakeFiles/turret.dir/C_/Users/davee/.pico-sdk/sdk/2.2.0/lib/tinyusb/src/device/usbd.c.obj
                0x10006270                tud_descriptor_device_qualifier_cb
 .text.tud_descriptor_other_speed_configuration_cb
                0x10006274        0x4 CMakeFiles/turret.dir/C_/Users/davee/.pico-sdk/sdk/2.2.0/lib/tinyusb/src/device/usbd.c.obj
                0x10006274                tud_descriptor_other_speed_configuration_cb
 .text.tud_mount_cb
                0x10006278        0x4 CMakeFiles/turret.dir/C_/Users/davee/.pico-sdk/sdk/2.2.0/lib/tinyusb/src/device/usbd.c.obj
                0x10006278                tud_mount_cb
 .text.tud_umount_cb
                0x1000627c        0x4 CMakeFiles/turret.dir/C_/Users/davee/.pico-sdk/sdk/2.2.0/lib/tinyusb/src/device/usbd.c.obj
                0x1000627c                tud_umount_cb
 .text.tud_suspend_cb
                0x10006280        0x4 CMakeFiles/turret.dir/C_/Users/davee/.pico-sdk/sdk/2.2.0/lib/tinyusb/src/device/usbd.c.obj
                0x10006280                tud_suspend_cb
 .text.tud_resume_cb
                0x10006284        0x4 CMakeFiles/turret.dir/C_/Users/davee/.pico-sdk/sdk/2.2.0/lib/tinyusb/src/device/usbd.c.obj
                0x10006284                tud_resume_cb
 .text.tud_mounted
                0x10006288       0x10 CMakeFiles/turret.dir/C_/Users/davee/.pico-sdk/sdk/2.2.0/lib/tinyusb/src/device/usbd.c.obj
                0x10006288                tud_mounted
 .text.tud_suspended
                0x10006298       0x10 CMakeFiles/turret.dir/C_/Users/davee/.pico-sdk/sdk/2.2.0/lib/tinyusb/src/device/usbd.c.obj
                0x10006298                tud_suspended
 .text.tud_rhport_init
                0x100062a8       0xf0 CMakeFiles/turret.dir/C_/Users/davee/.pico-sdk/sdk/2.2.0/lib/tinyusb/src/device/usbd.c.obj
                0x100062a8                tud_rhport_init
 .text.tud_task_ext
                0x10006398      0x7fc CMakeFiles/turret.dir/C_/Users/davee/.pico-sdk/sdk/2.2.0/lib/tinyusb/src/device/usbd.c.obj
                0x10006398                tud_task_ext
 .text.usbd_open_edpt_pair
                0x10006b94       0x98 CMakeFiles/turret.dir/C_/Users/davee/.pico-sdk/sdk/2.2.0/lib/tinyusb/src/device/usbd.c.obj
                0x10006b94                usbd_open_edpt_pair
 .text.usbd_edpt_open
                0x10006c2c       0x34 CMakeFiles/turret.dir/C_/Users/davee/.pico-sdk/sdk/2.2.0/lib/tinyusb/src/device/usbd.c.obj
                0x10006c2c                usbd_edpt_open
 .text.usbd_edpt_claim
                0x10006c60       0x28 CMakeFiles/turret.dir/C_/Users/davee/.pico-sdk/sdk/2.2.0/lib/tinyusb/src/device/usbd.c.obj
                0x10006c60                usbd_edpt_claim
 .text.usbd_edpt_release
                0x10006c88       0x28 CMakeFiles/turret.dir/C_/Users/davee/.pico-sdk/sdk/2.2.0/lib/tinyusb/src/device/usbd.c.obj
                0x10006c88                usbd_edpt_release
 .text.usbd_edpt_xfer
                0x10006cb0       0x50 CMakeFiles/turret.dir/C_/Users/davee/.pico-sdk/sdk/2.2.0/lib/tinyusb/src/device/usbd.c.obj
                0x10006cb0                usbd_edpt_xfer
 .text.tud_control_status
                0x10006d00       0x2c CMakeFiles/turret.dir/C_/Users/davee/.pico-sdk/sdk/2.2.0/lib/tinyusb/src/device/usbd_control.c.obj
                0x10006d00                tud_control_status
 .text.tud_control_xfer
                0x10006d2c       0xa0 CMakeFiles/turret.dir/C_/Users/davee/.pico-sdk/sdk/2.2.0/lib/tinyusb/src/device/usbd_control.c.obj
                0x10006d2c                tud_control_xfer
 .text.usbd_control_reset
                0x10006dcc       0x14 CMakeFiles/turret.dir/C_/Users/davee/.pico-sdk/sdk/2.2.0/lib/tinyusb/src/device/usbd_control.c.obj
                0x10006dcc                usbd_control_reset
 .text.usbd_control_set_complete_callback
                0x10006de0        0xc CMakeFiles/turret.dir/C_/Users/davee/.pico-sdk/sdk/2.2.0/lib/tinyusb/src/device/usbd_control.c.obj
                0x10006de0                usbd_control_set_complete_callback
 .text.usbd_control_set_request
                0x10006dec       0x1c CMakeFiles/turret.dir/C_/Users/davee/.pico-sdk/sdk/2.2.0/lib/tinyusb/src/device/usbd_control.c.obj
                0x10006dec                usbd_control_set_request
 .text.usbd_control_xfer_cb
                0x10006e08       0xe8 CMakeFiles/turret.dir/C_/Users/davee/.pico-sdk/sdk/2.2.0/lib/tinyusb/src/device/usbd_control.c.obj
                0x10006e08                usbd_control_xfer_cb
 .text._prep_out_transaction.isra.0
                0x10006ef0       0x6c CMakeFiles/turret.dir/C_/Users/davee/.pico-sdk/sdk/2.2.0/lib/tinyusb/src/class/cdc/cdc_device.c.obj
 .text.tud_cdc_n_connected
                0x10006f5c       0x2c CMakeFiles/turret.dir/C_/Users/davee/.pico-sdk/sdk/2.2.0/lib/tinyusb/src/class/cdc/cdc_device.c.obj
                0x10006f5c                tud_cdc_n_connected
 .text.tud_cdc_n_available
                0x10006f88       0x14 CMakeFiles/turret.dir/C_/Users/davee/.pico-sdk/sdk/2.2.0/lib/tinyusb/src/class/cdc/cdc_device.c.obj
                0x10006f88                tud_cdc_n_available
 .text.tud_cdc_n_read
                0x10006f9c       0x88 CMakeFiles/turret.dir/C_/Users/davee/.pico-sdk/sdk/2.2.0/lib/tinyusb/src/class/cdc/cdc_device.c.obj
                0x10006f9c                tud_cdc_n_read
 .text.tud_cdc_n_write_flush
                0x10007024       0x78 CMakeFiles/turret.dir/C_/Users/davee/.pico-sdk/sdk/2.2.0/lib/tinyusb/src/class/cdc/cdc_device.c.obj
                0x10007024                tud_cdc_n_write_flush
 .text.tud_cdc_n_write
                0x1000709c       0x40 CMakeFiles/turret.dir/C_/Users/davee/.pico-sdk/sdk/2.2.0/lib/tinyusb/src/class/cdc/cdc_device.c.obj
                0x1000709c                tud_cdc_n_write
 .text.tud_cdc_n_write_available
                0x100070dc       0x14 CMakeFiles/turret.dir/C_/Users/davee/.pico-sdk/sdk/2.2.0/lib/tinyusb/src/class/cdc/cdc_device.c.obj
                0x100070dc                tud_cdc_n_write_available
 .text.cdcd_init
                0x100070f0       0x70 CMakeFiles/turret.dir/C_/Users/davee/.pico-sdk/sdk/2.2.0/lib/tinyusb/src/class/cdc/cdc_device.c.obj
                0x100070f0                cdcd_init
 .text.cdcd_deinit
                0x10007160       0x30 CMakeFiles/turret.dir/C_/Users/davee/.pico-sdk/sdk/2.2.0/lib/tinyusb/src/class/cdc/cdc_device.c.obj
                0x10007160                cdcd_deinit
 .text.cdcd_reset
                0x10007190       0x48 CMakeFiles/turret.dir/C_/Users/davee/.pico-sdk/sdk/2.2.0/lib/tinyusb/src/class/cdc/cdc_device.c.obj
                0x10007190                cdcd_reset
 .text.cdcd_open
                0x100071d8       0xa8 CMakeFiles/turret.dir/C_/Users/davee/.pico-sdk/sdk/2.2.0/lib/tinyusb/src/class/cdc/cdc_device.c.obj
                0x100071d8                cdcd_open
 .text.cdcd_control_xfer_cb
                0x10007280       0xf0 CMakeFiles/turret.dir/C_/Users/davee/.pico-sdk/sdk/2.2.0/lib/tinyusb/src/class/cdc/cdc_device.c.obj
                0x10007280                cdcd_control_xfer_cb
 .text.cdcd_xfer_cb
                0x10007370       0xf8 CMakeFiles/turret.dir/C_/Users/davee/.pico-sdk/sdk/2.2.0/lib/tinyusb/src/class/cdc/cdc_device.c.obj
                0x10007370                cdcd_xfer_cb
 .text.vendord_init
                0x10007468       0x5c CMakeFiles/turret.dir/C_/Users/davee/.pico-sdk/sdk/2.2.0/lib/tinyusb/src/class/vendor/vendor_device.c.obj
                0x10007468                vendord_init
 .text.vendord_deinit
                0x100074c4       0x1c CMakeFiles/turret.dir/C_/Users/davee/.pico-sdk/sdk/2.2.0/lib/tinyusb/src/class/vendor/vendor_device.c.obj
                0x100074c4                vendord_deinit
 .text.vendord_reset
                0x100074e0       0x28 CMakeFiles/turret.dir/C_/Users/davee/.pico-sdk/sdk/2.2.0/lib/tinyusb/src/class/vendor/vendor_device.c.obj
                0x100074e0                vendord_reset
 .text.vendord_open
                0x10007508      0x104 CMakeFiles/turret.dir/C_/Users/davee/.pico-sdk/sdk/2.2.0/lib/tinyusb/src/class/vendor/vendor_device.c.obj
                0x10007508                vendord_open
 .text.vendord_xfer_cb
                0x1000760c       0xa0 CMakeFiles/turret.dir/C_/Users/davee/.pico-sdk/sdk/2.2.0/lib/tinyusb/src/class/vendor/vendor_device.c.obj
                0x1000760c                vendord_xfer_cb
 .text.tusb_rhport_init
                0x100076ac       0x4c CMakeFiles/turret.dir/C_/Users/davee/.pico-sdk/sdk/2.2.0/lib/tinyusb/src/tusb.c.obj
                0x100076ac                tusb_rhport_init
 .text.tu_edpt_claim
                0x100076f8       0x50 CMakeFiles/turret.dir/C_/Users/davee/.pico-sdk/sdk/2.2.0/lib/tinyusb/src/tusb.c.obj
                0x100076f8                tu_edpt_claim
 .text.tu_edpt_release
                0x10007748       0x38 CMakeFiles/turret.dir/C_/Users/davee/.pico-sdk/sdk/2.2.0/lib/tinyusb/src/tusb.c.obj
                0x10007748                tu_edpt_release
 .text.tu_edpt_validate
                0x10007780       0x74 CMakeFiles/turret.dir/C_/Users/davee/.pico-sdk/sdk/2.2.0/lib/tinyusb/src/tusb.c.obj
                0x10007780                tu_edpt_validate
 .text.tu_edpt_bind_driver
                0x100077f4       0x34 CMakeFiles/turret.dir/C_/Users/davee/.pico-sdk/sdk/2.2.0/lib/tinyusb/src/tusb.c.obj
                0x100077f4                tu_edpt_bind_driver
 .text.tu_edpt_stream_init
                0x10007828       0x68 CMakeFiles/turret.dir/C_/Users/davee/.pico-sdk/sdk/2.2.0/lib/tinyusb/src/tusb.c.obj
                0x10007828                tu_edpt_stream_init
 .text.tu_edpt_stream_deinit
                0x10007890        0x4 CMakeFiles/turret.dir/C_/Users/davee/.pico-sdk/sdk/2.2.0/lib/tinyusb/src/tusb.c.obj
                0x10007890                tu_edpt_stream_deinit
 .text.tu_edpt_stream_write_zlp_if_needed
                0x10007894       0x64 CMakeFiles/turret.dir/C_/Users/davee/.pico-sdk/sdk/2.2.0/lib/tinyusb/src/tusb.c.obj
                0x10007894                tu_edpt_stream_write_zlp_if_needed
 .text.tu_edpt_stream_write_xfer
                0x100078f8       0x6c CMakeFiles/turret.dir/C_/Users/davee/.pico-sdk/sdk/2.2.0/lib/tinyusb/src/tusb.c.obj
                0x100078f8                tu_edpt_stream_write_xfer
 .text.tu_edpt_stream_read_xfer
                0x10007964       0xd8 CMakeFiles/turret.dir/C_/Users/davee/.pico-sdk/sdk/2.2.0/lib/tinyusb/src/tusb.c.obj
                0x10007964                tu_edpt_stream_read_xfer
 .text.tu_fifo_config
                0x10007a3c       0x6c CMakeFiles/turret.dir/C_/Users/davee/.pico-sdk/sdk/2.2.0/lib/tinyusb/src/common/tusb_fifo.c.obj
                0x10007a3c                tu_fifo_config
 .text.tu_fifo_count
                0x10007aa8       0x2c CMakeFiles/turret.dir/C_/Users/davee/.pico-sdk/sdk/2.2.0/lib/tinyusb/src/common/tusb_fifo.c.obj
                0x10007aa8                tu_fifo_count
 .text.tu_fifo_empty
                0x10007ad4       0x10 CMakeFiles/turret.dir/C_/Users/davee/.pico-sdk/sdk/2.2.0/lib/tinyusb/src/common/tusb_fifo.c.obj
                0x10007ad4                tu_fifo_empty
 .text.tu_fifo_remaining
                0x10007ae4       0x2c CMakeFiles/turret.dir/C_/Users/davee/.pico-sdk/sdk/2.2.0/lib/tinyusb/src/common/tusb_fifo.c.obj
                0x10007ae4                tu_fifo_remaining
 .text.tu_fifo_read
                0x10007b10       0x9c CMakeFiles/turret.dir/C_/Users/davee/.pico-sdk/sdk/2.2.0/lib/tinyusb/src/common/tusb_fifo.c.obj
                0x10007b10                tu_fifo_read
 .text.tu_fifo_read_n
                0x10007bac       0xec CMakeFiles/turret.dir/C_/Users/davee/.pico-sdk/sdk/2.2.0/lib/tinyusb/src/common/tusb_fifo.c.obj
                0x10007bac                tu_fifo_read_n
 .text.tu_fifo_write
                0x10007c98       0xa4 CMakeFiles/turret.dir/C_/Users/davee/.pico-sdk/sdk/2.2.0/lib/tinyusb/src/common/tusb_fifo.c.obj
                0x10007c98                tu_fifo_write
 .text.tu_fifo_write_n
                0x10007d3c      0x168 CMakeFiles/turret.dir/C_/Users/davee/.pico-sdk/sdk/2.2.0/lib/tinyusb/src/common/tusb_fifo.c.obj
                0x10007d3c                tu_fifo_write_n
 .text.tu_fifo_clear
                0x10007ea4       0x40 CMakeFiles/turret.dir/C_/Users/davee/.pico-sdk/sdk/2.2.0/lib/tinyusb/src/common/tusb_fifo.c.obj
                0x10007ea4                tu_fifo_clear
 .text.tu_fifo_set_overwritable
                0x10007ee4       0x48 CMakeFiles/turret.dir/C_/Users/davee/.pico-sdk/sdk/2.2.0/lib/tinyusb/src/common/tusb_fifo.c.obj
                0x10007ee4                tu_fifo_set_overwritable
 .text.pio_add_program
                0x10007f2c       0xf8 CMakeFiles/turret.dir/C_/Users/davee/.pico-sdk/sdk/2.2.0/src/rp2_common/hardware_pio/pio.c.obj
                0x10007f2c                pio_add_program
 .text.pio_sm_set_consecutive_pindirs
                0x10008024       0xb0 CMakeFiles/turret.dir/C_/Users/davee/.pico-sdk/sdk/2.2.0/src/rp2_common/hardware_pio/pio.c.obj
                0x10008024                pio_sm_set_consecutive_pindirs
 .text.pio_sm_init
                0x100080d4       0xa8 CMakeFiles/turret.dir/C_/Users/davee/.pico-sdk/sdk/2.2.0/src/rp2_common/hardware_pio/pio.c.obj
                0x100080d4                pio_sm_init
 .text.atoi     0x1000817c        0xc C:/Program Files (x86)/Arm/GNU Toolchain mingw-w64-i686-arm-none-eabi/bin/../lib/gcc/arm-none-eabi/15.2.1/../../../../arm-none-eabi/lib/thumb/v6-m/nofp\libg.a(libc_a-atoi.o)
                0x1000817c                atoi
 .text._calloc_r
                0x10008188       0xb8 C:/Program Files (x86)/Arm/GNU Toolchain mingw-w64-i686-arm-none-eabi/bin/../lib/gcc/arm-none-eabi/15.2.1/../../../../arm-none-eabi/lib/thumb/v6-m/nofp\libg.a(libc_a-callocr.o)
                0x10008188                _calloc_r
 .text._malloc_r
                0x10008240      0x564 C:/Program Files (x86)/Arm/GNU Toolchain mingw-w64-i686-arm-none-eabi/bin/../lib/gcc/arm-none-eabi/15.2.1/../../../../arm-none-eabi/lib/thumb/v6-m/nofp\libg.a(libc_a-mallocr.o)
                0x10008240                _malloc_r
 .text.__malloc_lock
                0x100087a4       0x10 C:/Program Files (x86)/Arm/GNU Toolchain mingw-w64-i686-arm-none-eabi/bin/../lib/gcc/arm-none-eabi/15.2.1/../../../../arm-none-eabi/lib/thumb/v6-m/nofp\libg.a(libc_a-mlock.o)
                0x100087a4                __malloc_lock
 .text.__malloc_unlock
                0x100087b4       0x10 C:/Program Files (x86)/Arm/GNU Toolchain mingw-w64-i686-arm-none-eabi/bin/../lib/gcc/arm-none-eabi/15.2.1/../../../../arm-none-eabi/lib/thumb/v6-m/nofp\libg.a(libc_a-mlock.o)
                0x100087b4                __malloc_unlock
 .text.sulp     0x100087c4       0x30 C:/Program Files (x86)/Arm/GNU Toolchain mingw-w64-i686-arm-none-eabi/bin/../lib/gcc/arm-none-eabi/15.2.1/../../../../arm-none-eabi/lib/thumb/v6-m/nofp\libg.a(libc_a-strtod.o)
 .text._strtod_l
                0x100087f4      0xf98 C:/Program Files (x86)/Arm/GNU Toolchain mingw-w64-i686-arm-none-eabi/bin/../lib/gcc/arm-none-eabi/15.2.1/../../../../arm-none-eabi/lib/thumb/v6-m/nofp\libg.a(libc_a-strtod.o)
                0x100087f4                _strtod_l
 .text.strtof   0x1000978c       0xd0 C:/Program Files (x86)/Arm/GNU Toolchain mingw-w64-i686-arm-none-eabi/bin/../lib/gcc/arm-none-eabi/15.2.1/../../../../arm-none-eabi/lib/thumb/v6-m/nofp\libg.a(libc_a-strtod.o)
                0x1000978c                strtof
 .text._strtol_l.isra.0
                0x1000985c      0x154 C:/Program Files (x86)/Arm/GNU Toolchain mingw-w64-i686-arm-none-eabi/bin/../lib/gcc/arm-none-eabi/15.2.1/../../../../arm-none-eabi/lib/thumb/v6-m/nofp\libg.a(libc_a-strtol.o)
 .text.strtol   0x100099b0       0x18 C:/Program Files (x86)/Arm/GNU Toolchain mingw-w64-i686-arm-none-eabi/bin/../lib/gcc/arm-none-eabi/15.2.1/../../../../arm-none-eabi/lib/thumb/v6-m/nofp\libg.a(libc_a-strtol.o)
                0x100099b0                strtol
 .text._strtoul_l.isra.0
                0x100099c8      0x144 C:/Program Files (x86)/Arm/GNU Toolchain mingw-w64-i686-arm-none-eabi/bin/../lib/gcc/arm-none-eabi/15.2.1/../../../../arm-none-eabi/lib/thumb/v6-m/nofp\libg.a(libc_a-strtoul.o)
 .text.strtoul  0x10009b0c       0x18 C:/Program Files (x86)/Arm/GNU Toolchain mingw-w64-i686-arm-none-eabi/bin/../lib/gcc/arm-none-eabi/15.2.1/../../../../arm-none-eabi/lib/thumb/v6-m/nofp\libg.a(libc_a-strtoul.o)
                0x10009b0c                strtoul
 .text.strncmp  0x10009b24       0x6c C:/Program Files (x86)/Arm/GNU Toolchain mingw-w64-i686-arm-none-eabi/bin/../lib/gcc/arm-none-eabi/15.2.1/../../../../arm-none-eabi/lib/thumb/v6-m/nofp\libg.a(libc_a-strncmp.o)
                0x10009b24                strncmp
 .text._sbrk_r  0x10009b90       0x24 C:/Program Files (x86)/Arm/GNU Toolchain mingw-w64-i686-arm-none-eabi/bin/../lib/gcc/arm-none-eabi/15.2.1/../../../../arm-none-eabi/lib/thumb/v6-m/nofp\libg.a(libc_a-sbrkr.o)
                0x10009b90                _sbrk_r
 .text.__errno  0x10009bb4        0xc C:/Program Files (x86)/Arm/GNU Toolchain mingw-w64-i686-arm-none-eabi/bin/../lib/gcc/arm-none-eabi/15.2.1/../../../../arm-none-eabi/lib/thumb/v6-m/nofp\libg.a(libc_a-errno.o)
                0x10009bb4                __errno
 .text.__retarget_lock_acquire_recursive
                0x10009bc0        0x4 C:/Program Files (x86)/Arm/GNU Toolchain mingw-w64-i686-arm-none-eabi/bin/../lib/gcc/arm-none-eabi/15.2.1/../../../../arm-none-eabi/lib/thumb/v6-m/nofp\libg.a(libc_a-lock.o)
                0x10009bc0                __retarget_lock_acquire_recursive
 .text.__retarget_lock_release_recursive
                0x10009bc4        0x4 C:/Program Files (x86)/Arm/GNU Toolchain mingw-w64-i686-arm-none-eabi/bin/../lib/gcc/arm-none-eabi/15.2.1/../../../../arm-none-eabi/lib/thumb/v6-m/nofp\libg.a(libc_a-lock.o)
                0x10009bc4                __retarget_lock_release_recursive
 .text.sysconf  0x10009bc8       0x1c C:/Program Files (x86)/Arm/GNU Toolchain mingw-w64-i686-arm-none-eabi/bin/../lib/gcc/arm-none-eabi/15.2.1/../../../../arm-none-eabi/lib/thumb/v6-m/nofp\libg.a(libc_a-sysconf.o)
                0x10009bc8                sysconf
 .text          0x10009be4       0x88 C:/Program Files (x86)/Arm/GNU Toolchain mingw-w64-i686-arm-none-eabi/bin/../lib/gcc/arm-none-eabi/15.2.1/../../../../arm-none-eabi/lib/thumb/v6-m/nofp\libg.a(libc_a-strcmp.o)
                0x10009be4                strcmp
 .text.strlen   0x10009c6c       0x60 C:/Program Files (x86)/Arm/GNU Toolchain mingw-w64-i686-arm-none-eabi/bin/../lib/gcc/arm-none-eabi/15.2.1/../../../../arm-none-eabi/lib/thumb/v6-m/nofp\libg.a(libc_a-strlen-stub.o)
                0x10009c6c                strlen
 .text.nan      0x10009ccc        0xc C:/Program Files (x86)/Arm/GNU Toolchain mingw-w64-i686-arm-none-eabi/bin/../lib/gcc/arm-none-eabi/15.2.1/../../../../arm-none-eabi/lib/thumb/v6-m/nofp\libg.a(libm_a-s_nan.o)
                0x10009ccc                nan
 .text.nanf     0x10009cd8        0x8 C:/Program Files (x86)/Arm/GNU Toolchain mingw-w64-i686-arm-none-eabi/bin/../lib/gcc/arm-none-eabi/15.2.1/../../../../arm-none-eabi/lib/thumb/v6-m/nofp\libg.a(libm_a-sf_nan.o)
                0x10009cd8                nanf
 .text._malloc_trim_r
                0x10009ce0       0xb0 C:/Program Files (x86)/Arm/GNU Toolchain mingw-w64-i686-arm-none-eabi/bin/../lib/gcc/arm-none-eabi/15.2.1/../../../../arm-none-eabi/lib/thumb/v6-m/nofp\libg.a(libc_a-freer.o)
                0x10009ce0                _malloc_trim_r
 .text._free_r  0x10009d90      0x1d4 C:/Program Files (x86)/Arm/GNU Toolchain mingw-w64-i686-arm-none-eabi/bin/../lib/gcc/arm-none-eabi/15.2.1/../../../../arm-none-eabi/lib/thumb/v6-m/nofp\libg.a(libc_a-freer.o)
                0x10009d90                _free_r
 .text.rshift   0x10009f64       0xa8 C:/Program Files (x86)/Arm/GNU Toolchain mingw-w64-i686-arm-none-eabi/bin/../lib/gcc/arm-none-eabi/15.2.1/../../../../arm-none-eabi/lib/thumb/v6-m/nofp\libg.a(libc_a-gdtoa-gethex.o)
 .text.__gethex
                0x1000a00c      0x5f8 C:/Program Files (x86)/Arm/GNU Toolchain mingw-w64-i686-arm-none-eabi/bin/../lib/gcc/arm-none-eabi/15.2.1/../../../../arm-none-eabi/lib/thumb/v6-m/nofp\libg.a(libc_a-gdtoa-gethex.o)
                0x1000a00c                __gethex
 .text.__match  0x1000a604       0x30 C:/Program Files (x86)/Arm/GNU Toolchain mingw-w64-i686-arm-none-eabi/bin/../lib/gcc/arm-none-eabi/15.2.1/../../../../arm-none-eabi/lib/thumb/v6-m/nofp\libg.a(libc_a-gdtoa-hexnan.o)
                0x1000a604                __match
 .text.__hexnan
                0x1000a634      0x1e0 C:/Program Files (x86)/Arm/GNU Toolchain mingw-w64-i686-arm-none-eabi/bin/../lib/gcc/arm-none-eabi/15.2.1/../../../../arm-none-eabi/lib/thumb/v6-m/nofp\libg.a(libc_a-gdtoa-hexnan.o)
                0x1000a634                __hexnan
 .text.__ascii_mbtowc
                0x1000a814       0x2c C:/Program Files (x86)/Arm/GNU Toolchain mingw-w64-i686-arm-none-eabi/bin/../lib/gcc/arm-none-eabi/15.2.1/../../../../arm-none-eabi/lib/thumb/v6-m/nofp\libg.a(libc_a-mbtowc_r.o)
                0x1000a814                __ascii_mbtowc
 .text._Balloc  0x1000a840       0x58 C:/Program Files (x86)/Arm/GNU Toolchain mingw-w64-i686-arm-none-eabi/bin/../lib/gcc/arm-none-eabi/15.2.1/../../../../arm-none-eabi/lib/thumb/v6-m/nofp\libg.a(libc_a-mprec.o)
                0x1000a840                _Balloc
 .text._Bfree   0x1000a898       0x14 C:/Program Files (x86)/Arm/GNU Toolchain mingw-w64-i686-arm-none-eabi/bin/../lib/gcc/arm-none-eabi/15.2.1/../../../../arm-none-eabi/lib/thumb/v6-m/nofp\libg.a(libc_a-mprec.o)
                0x1000a898                _Bfree
 .text.__multadd
                0x1000a8ac       0xa4 C:/Program Files (x86)/Arm/GNU Toolchain mingw-w64-i686-arm-none-eabi/bin/../lib/gcc/arm-none-eabi/15.2.1/../../../../arm-none-eabi/lib/thumb/v6-m/nofp\libg.a(libc_a-mprec.o)
                0x1000a8ac                __multadd
 .text.__s2b    0x1000a950       0xb0 C:/Program Files (x86)/Arm/GNU Toolchain mingw-w64-i686-arm-none-eabi/bin/../lib/gcc/arm-none-eabi/15.2.1/../../../../arm-none-eabi/lib/thumb/v6-m/nofp\libg.a(libc_a-mprec.o)
                0x1000a950                __s2b
 .text.__hi0bits
                0x1000aa00       0x60 C:/Program Files (x86)/Arm/GNU Toolchain mingw-w64-i686-arm-none-eabi/bin/../lib/gcc/arm-none-eabi/15.2.1/../../../../arm-none-eabi/lib/thumb/v6-m/nofp\libg.a(libc_a-mprec.o)
                0x1000aa00                __hi0bits
 .text.__lo0bits
                0x1000aa60       0x8c C:/Program Files (x86)/Arm/GNU Toolchain mingw-w64-i686-arm-none-eabi/bin/../lib/gcc/arm-none-eabi/15.2.1/../../../../arm-none-eabi/lib/thumb/v6-m/nofp\libg.a(libc_a-mprec.o)
                0x1000aa60                __lo0bits
 .text.__i2b    0x1000aaec       0x60 C:/Program Files (x86)/Arm/GNU Toolchain mingw-w64-i686-arm-none-eabi/bin/../lib/gcc/arm-none-eabi/15.2.1/../../../../arm-none-eabi/lib/thumb/v6-m/nofp\libg.a(libc_a-mprec.o)
                0x1000aaec                __i2b
 .text.__multiply
                0x1000ab4c      0x1b8 C:/Program Files (x86)/Arm/GNU Toolchain mingw-w64-i686-arm-none-eabi/bin/../lib/gcc/arm-none-eabi/15.2.1/../../../../arm-none-eabi/lib/thumb/v6-m/nofp\libg.a(libc_a-mprec.o)
                0x1000ab4c                __multiply
 .text.__pow5mult
                0x1000ad04       0xd4 C:/Program Files (x86)/Arm/GNU Toolchain mingw-w64-i686-arm-none-eabi/bin/../lib/gcc/arm-none-eabi/15.2.1/../../../../arm-none-eabi/lib/thumb/v6-m/nofp\libg.a(libc_a-mprec.o)
                0x1000ad04                __pow5mult
 .text.__lshift
                0x1000add8       0xf4 C:/Program Files (x86)/Arm/GNU Toolchain mingw-w64-i686-arm-none-eabi/bin/../lib/gcc/arm-none-eabi/15.2.1/../../../../arm-none-eabi/lib/thumb/v6-m/nofp\libg.a(libc_a-mprec.o)
                0x1000add8                __lshift
 .text.__mcmp   0x1000aecc       0x4c C:/Program Files (x86)/Arm/GNU Toolchain mingw-w64-i686-arm-none-eabi/bin/../lib/gcc/arm-none-eabi/15.2.1/../../../../arm-none-eabi/lib/thumb/v6-m/nofp\libg.a(libc_a-mprec.o)
                0x1000aecc                __mcmp
 .text.__mdiff  0x1000af18      0x1a0 C:/Program Files (x86)/Arm/GNU Toolchain mingw-w64-i686-arm-none-eabi/bin/../lib/gcc/arm-none-eabi/15.2.1/../../../../arm-none-eabi/lib/thumb/v6-m/nofp\libg.a(libc_a-mprec.o)
                0x1000af18                __mdiff
 .text.__ulp    0x1000b0b8       0x40 C:/Program Files (x86)/Arm/GNU Toolchain mingw-w64-i686-arm-none-eabi/bin/../lib/gcc/arm-none-eabi/15.2.1/../../../../arm-none-eabi/lib/thumb/v6-m/nofp\libg.a(libc_a-mprec.o)
                0x1000b0b8                __ulp
 .text.__b2d    0x1000b0f8       0xc4 C:/Program Files (x86)/Arm/GNU Toolchain mingw-w64-i686-arm-none-eabi/bin/../lib/gcc/arm-none-eabi/15.2.1/../../../../arm-none-eabi/lib/thumb/v6-m/nofp\libg.a(libc_a-mprec.o)
                0x1000b0f8                __b2d
 .text.__d2b    0x1000b1bc       0xd0 C:/Program Files (x86)/Arm/GNU Toolchain mingw-w64-i686-arm-none-eabi/bin/../lib/gcc/arm-none-eabi/15.2.1/../../../../arm-none-eabi/lib/thumb/v6-m/nofp\libg.a(libc_a-mprec.o)
                0x1000b1bc                __d2b
 .text.__ratio  0x1000b28c       0x5c C:/Program Files (x86)/Arm/GNU Toolchain mingw-w64-i686-arm-none-eabi/bin/../lib/gcc/arm-none-eabi/15.2.1/../../../../arm-none-eabi/lib/thumb/v6-m/nofp\libg.a(libc_a-mprec.o)
                0x1000b28c                __ratio
 .text.__copybits
                0x1000b2e8       0x44 C:/Program Files (x86)/Arm/GNU Toolchain mingw-w64-i686-arm-none-eabi/bin/../lib/gcc/arm-none-eabi/15.2.1/../../../../arm-none-eabi/lib/thumb/v6-m/nofp\libg.a(libc_a-mprec.o)
                0x1000b2e8                __copybits
 .text.__any_on
                0x1000b32c       0x50 C:/Program Files (x86)/Arm/GNU Toolchain mingw-w64-i686-arm-none-eabi/bin/../lib/gcc/arm-none-eabi/15.2.1/../../../../arm-none-eabi/lib/thumb/v6-m/nofp\libg.a(libc_a-mprec.o)
                0x1000b32c                __any_on
 .text.__ascii_wctomb
                0x1000b37c       0x1c C:/Program Files (x86)/Arm/GNU Toolchain mingw-w64-i686-arm-none-eabi/bin/../lib/gcc/arm-none-eabi/15.2.1/../../../../arm-none-eabi/lib/thumb/v6-m/nofp\libg.a(libc_a-wctomb_r.o)
                0x1000b37c                __ascii_wctomb
 *(.fini)
 .fini          0x1000b398        0x4 C:/Program Files (x86)/Arm/GNU Toolchain mingw-w64-i686-arm-none-eabi/bin/../lib/gcc/arm-none-eabi/15.2.1/thumb/v6-m/nofp/crti.o
                0x1000b398                _fini
 *fill*         0x1000b39c        0x4 
 .fini.__stub   0x1000b3a0       0xc0 linker stubs
 *crtbegin.o(.ctors)
 *crtbegin?.o(.ctors)
 *(EXCLUDE_FILE(*crtend.o *crtend?.o) .ctors)
 *(SORT_BY_NAME(.ctors.*))
 *(.ctors)
 *crtbegin.o(.dtors)
 *crtbegin?.o(.dtors)
 *(EXCLUDE_FILE(*crtend.o *crtend?.o) .dtors)
 *(SORT_BY_NAME(.dtors.*))
 *(.dtors)
                0x1000b460                        . = ALIGN (0x4)
                0x1000b460                        PROVIDE (__preinit_array_start = .)
 *(SORT_BY_NAME(.preinit_array.*))
 .preinit_array.00100
                0x1000b460        0x4 CMakeFiles/turret.dir/C_/Users/davee/.pico-sdk/sdk/2.2.0/src/rp2_common/pico_runtime_init/runtime_init.c.obj
                0x1000b460                __pre_init_runtime_init_early_resets
 .preinit_array.00101
                0x1000b464        0x4 CMakeFiles/turret.dir/C_/Users/davee/.pico-sdk/sdk/2.2.0/src/rp2_common/pico_runtime_init/runtime_init.c.obj
                0x1000b464                __pre_init_runtime_init_usb_power_down
 .preinit_array.00275
                0x1000b468        0x4 CMakeFiles/turret.dir/C_/Users/davee/.pico-sdk/sdk/2.2.0/src/rp2_common/pico_bit_ops/bit_ops_aeabi.S.obj
 .preinit_array.00300
                0x1000b46c        0x4 CMakeFiles/turret.dir/C_/Users/davee/.pico-sdk/sdk/2.2.0/src/rp2_common/pico_mem_ops/mem_ops_aeabi.S.obj
 .preinit_array.00350
                0x1000b470        0x4 CMakeFiles/turret.dir/C_/Users/davee/.pico-sdk/sdk/2.2.0/src/rp2_common/pico_double/double_aeabi_rp2040.S.obj
 .preinit_array.00350
                0x1000b474        0x4 CMakeFiles/turret.dir/C_/Users/davee/.pico-sdk/sdk/2.2.0/src/rp2_common/pico_float/float_aeabi_rp2040.S.obj
 .preinit_array.00500
                0x1000b478        0x4 CMakeFiles/turret.dir/C_/Users/davee/.pico-sdk/sdk/2.2.0/src/rp2_common/pico_runtime_init/runtime_init.c.obj
                0x1000b478                __pre_init_runtime_init_clocks
 .preinit_array.00600
                0x1000b47c        0x4 CMakeFiles/turret.dir/C_/Users/davee/.pico-sdk/sdk/2.2.0/src/rp2_common/pico_runtime_init/runtime_init.c.obj
                0x1000b47c                __pre_init_runtime_init_post_clock_resets
 .preinit_array.00700
                0x1000b480        0x4 CMakeFiles/turret.dir/C_/Users/davee/.pico-sdk/sdk/2.2.0/src/rp2_common/pico_runtime_init/runtime_init.c.obj
                0x1000b480                __pre_init_runtime_init_rp2040_gpio_ie_disable
 .preinit_array.01000
                0x1000b484        0x4 CMakeFiles/turret.dir/C_/Users/davee/.pico-sdk/sdk/2.2.0/src/rp2_common/pico_runtime_init/runtime_init.c.obj
                0x1000b484                __pre_init_runtime_init_spin_locks_reset
 .preinit_array.01100
                0x1000b488        0x4 CMakeFiles/turret.dir/C_/Users/davee/.pico-sdk/sdk/2.2.0/src/common/pico_sync/mutex.c.obj
                0x1000b488                __pre_init_runtime_init_mutex
 .preinit_array.10080
                0x1000b48c        0x4 CMakeFiles/turret.dir/C_/Users/davee/.pico-sdk/sdk/2.2.0/src/rp2_common/pico_runtime_init/runtime_init.c.obj
                0x1000b48c                __pre_init_runtime_init_install_ram_vector_table
 .preinit_array.11000
                0x1000b490        0x4 CMakeFiles/turret.dir/C_/Users/davee/.pico-sdk/sdk/2.2.0/src/common/pico_time/time.c.obj
                0x1000b490                __pre_init_runtime_init_default_alarm_pool
 .preinit_array.YYYYY
                0x1000b494        0x4 CMakeFiles/turret.dir/C_/Users/davee/.pico-sdk/sdk/2.2.0/src/rp2_common/pico_runtime/runtime.c.obj
                0x1000b494                __pre_init_first_per_core_initializer
 .preinit_array.ZZZZZ.01200
                0x1000b498        0x4 CMakeFiles/turret.dir/C_/Users/davee/.pico-sdk/sdk/2.2.0/src/rp2_common/hardware_irq/irq.c.obj
                0x1000b498                __pre_init_runtime_init_per_core_irq_priorities
 *(.preinit_array)
                0x1000b49c                        PROVIDE (__preinit_array_end = .)
                0x1000b49c                        . = ALIGN (0x4)
                0x1000b49c                        PROVIDE (__init_array_start = .)
 *(SORT_BY_NAME(.init_array.*))
 .init_array.01000
                0x1000b49c        0x4 CMakeFiles/turret.dir/C_/Users/davee/.pico-sdk/sdk/2.2.0/src/rp2_common/pico_unique_id/unique_id.c.obj
 *(.init_array)
 .init_array    0x1000b4a0        0x4 C:/Program Files (x86)/Arm/GNU Toolchain mingw-w64-i686-arm-none-eabi/bin/../lib/gcc/arm-none-eabi/15.2.1/thumb/v6-m/nofp/crtbegin.o
                0x1000b4a4                        PROVIDE (__init_array_end = .)
                0x1000b4a4                        . = ALIGN (0x4)
                [!provide]                        PROVIDE (__fini_array_start = .)
 *(SORT_BY_NAME(.fini_array.*))
 *(.fini_array)
                [!provide]                        PROVIDE (__fini_array_end = .)
 *(.eh_frame*)
 .eh_frame      0x1000b4a4        0x0 C:/Program Files (x86)/Arm/GNU Toolchain mingw-w64-i686-arm-none-eabi/bin/../lib/gcc/arm-none-eabi/15.2.1/thumb/v6-m/nofp/crtbegin.o
                0x1000b4a4                        . = ALIGN (0x4)

.glue_7         0x1000b4a4        0x0
 .glue_7        0x1000b4a4        0x0 linker stubs

.glue_7t        0x1000b4a4        0x0
 .glue_7t       0x1000b4a4        0x0 linker stubs

.vfp11_veneer   0x1000b4a4        0x0
 .vfp11_veneer  0x1000b4a4        0x0 linker stubs

.v4_bx          0x1000b4a4        0x0
 .v4_bx         0x1000b4a4        0x0 linker stubs

.iplt           0x1000b4a4        0x0
 .iplt          0x1000b4a4        0x0 C:/Program Files (x86)/Arm/GNU Toolchain mingw-w64-i686-arm-none-eabi/bin/../lib/gcc/arm-none-eabi/15.2.1/thumb/v6-m/nofp/crtbegin.o

.rodata         0x1000b4a8      0xd10
 *(EXCLUDE_FILE(*libm.a: *libc.a:*lib_a-mem*.o *libgcc.a:) .rodata*)
 .rodata.main.str1.4
                0x1000b4a8      0x42a CMakeFiles/turret.dir/main.c.obj
                                0x152 (size before relaxing)
 *fill*         0x1000b8d2        0x2 
 .rodata.dshot_program
                0x1000b8d4        0x8 CMakeFiles/turret.dir/main.c.obj
 .rodata.dshot_program_instructions
                0x1000b8dc       0x12 CMakeFiles/turret.dir/main.c.obj
 .rodata.panic.str1.4
                0x1000b8ee        0x0 CMakeFiles/turret.dir/C_/Users/davee/.pico-sdk/sdk/2.2.0/src/rp2_common/pico_platform_panic/panic.c.obj
                                 0x12 (size before relaxing)
 .rodata.spin_lock_claim_unused.str1.4
                0x1000b8ee        0x0 CMakeFiles/turret.dir/C_/Users/davee/.pico-sdk/sdk/2.2.0/src/rp2_common/hardware_sync/sync.c.obj
                                 0x1b (size before relaxing)
 .rodata.user_irq_claim_unused.str1.4
                0x1000b8ee        0x0 CMakeFiles/turret.dir/C_/Users/davee/.pico-sdk/sdk/2.2.0/src/rp2_common/hardware_irq/irq.c.obj
                                 0x1b (size before relaxing)
 .rodata.timer_hardware_alarm_claim.str1.4
                0x1000b8ee        0x0 CMakeFiles/turret.dir/C_/Users/davee/.pico-sdk/sdk/2.2.0/src/rp2_common/hardware_timer/timer.c.obj
                                 0x22 (size before relaxing)
 .rodata.hard_assertion_failure.str1.4
                0x1000b8ee        0x0 CMakeFiles/turret.dir/C_/Users/davee/.pico-sdk/sdk/2.2.0/src/rp2_common/pico_runtime/runtime.c.obj
                                  0xc (size before relaxing)
 .rodata.str1.4
                0x1000b8ee        0x0 CMakeFiles/turret.dir/C_/Users/davee/.pico-sdk/sdk/2.2.0/src/rp2_common/pico_standard_binary_info/standard_binary_info.c.obj
                                 0x3c (size before relaxing)
 *fill*         0x1000b8ee        0x2 
 .rodata.__bi_84
                0x1000b8f0        0xc CMakeFiles/turret.dir/C_/Users/davee/.pico-sdk/sdk/2.2.0/src/rp2_common/pico_standard_binary_info/standard_binary_info.c.obj
 .rodata.__bi_78
                0x1000b8fc        0xc CMakeFiles/turret.dir/C_/Users/davee/.pico-sdk/sdk/2.2.0/src/rp2_common/pico_standard_binary_info/standard_binary_info.c.obj
 .rodata.__bi_54
                0x1000b908        0xc CMakeFiles/turret.dir/C_/Users/davee/.pico-sdk/sdk/2.2.0/src/rp2_common/pico_standard_binary_info/standard_binary_info.c.obj
 .rodata.__bi_48
                0x1000b914        0xc CMakeFiles/turret.dir/C_/Users/davee/.pico-sdk/sdk/2.2.0/src/rp2_common/pico_standard_binary_info/standard_binary_info.c.obj
 .rodata.__bi_42
                0x1000b920        0xc CMakeFiles/turret.dir/C_/Users/davee/.pico-sdk/sdk/2.2.0/src/rp2_common/pico_standard_binary_info/standard_binary_info.c.obj
 .rodata.__bi_34
                0x1000b92c        0xc CMakeFiles/turret.dir/C_/Users/davee/.pico-sdk/sdk/2.2.0/src/rp2_common/pico_standard_binary_info/standard_binary_info.c.obj
 .rodata.__bi_26
                0x1000b938        0xc CMakeFiles/turret.dir/C_/Users/davee/.pico-sdk/sdk/2.2.0/src/rp2_common/pico_standard_binary_info/standard_binary_info.c.obj
 .rodata._ftoa.str1.4
                0x1000b944        0x0 CMakeFiles/turret.dir/C_/Users/davee/.pico-sdk/sdk/2.2.0/src/rp2_common/pico_printf/printf.c.obj
                                 0x15 (size before relaxing)
 .rodata._vsnprintf
                0x1000b944      0x19c CMakeFiles/turret.dir/C_/Users/davee/.pico-sdk/sdk/2.2.0/src/rp2_common/pico_printf/printf.c.obj
 .rodata.pow10.0
                0x1000bae0       0x50 CMakeFiles/turret.dir/C_/Users/davee/.pico-sdk/sdk/2.2.0/src/rp2_common/pico_printf/printf.c.obj
 .rodata.__assert_func.str1.4
                0x1000bb30        0x0 CMakeFiles/turret.dir/C_/Users/davee/.pico-sdk/sdk/2.2.0/src/rp2_common/pico_clib_interface/newlib_interface.c.obj
                                 0x43 (size before relaxing)
 .rodata.crlf_str.0
                0x1000bb30        0x2 CMakeFiles/turret.dir/C_/Users/davee/.pico-sdk/sdk/2.2.0/src/rp2_common/pico_stdio/stdio.c.obj
 *fill*         0x1000bb32        0x2 
 .rodata._resetd_driver
                0x1000bb34       0x20 CMakeFiles/turret.dir/C_/Users/davee/.pico-sdk/sdk/2.2.0/src/rp2_common/pico_stdio_usb/reset_interface.c.obj
 .rodata.desc_ms_os_20
                0x1000bb54       0xa6 CMakeFiles/turret.dir/C_/Users/davee/.pico-sdk/sdk/2.2.0/src/rp2_common/pico_stdio_usb/reset_interface.c.obj
 *fill*         0x1000bbfa        0x2 
 .rodata.desc_bos
                0x1000bbfc       0x21 CMakeFiles/turret.dir/C_/Users/davee/.pico-sdk/sdk/2.2.0/src/rp2_common/pico_stdio_usb/reset_interface.c.obj
                0x1000bbfc                desc_bos
 .rodata.str1.4
                0x1000bc1d        0x0 CMakeFiles/turret.dir/C_/Users/davee/.pico-sdk/sdk/2.2.0/src/rp2_common/pico_stdio_usb/stdio_usb.c.obj
                                 0x13 (size before relaxing)
 *fill*         0x1000bc1d        0x3 
 .rodata.__bi_202.0
                0x1000bc20        0xc CMakeFiles/turret.dir/C_/Users/davee/.pico-sdk/sdk/2.2.0/src/rp2_common/pico_stdio_usb/stdio_usb.c.obj
 .rodata.str1.4
                0x1000bc2c        0x0 CMakeFiles/turret.dir/C_/Users/davee/.pico-sdk/sdk/2.2.0/src/rp2_common/pico_stdio_usb/stdio_usb_descriptors.c.obj
                                 0x2a (size before relaxing)
 .rodata.usbd_desc_str
                0x1000bc2c       0x18 CMakeFiles/turret.dir/C_/Users/davee/.pico-sdk/sdk/2.2.0/src/rp2_common/pico_stdio_usb/stdio_usb_descriptors.c.obj
 .rodata.usbd_desc_cfg
                0x1000bc44       0x54 CMakeFiles/turret.dir/C_/Users/davee/.pico-sdk/sdk/2.2.0/src/rp2_common/pico_stdio_usb/stdio_usb_descriptors.c.obj
 .rodata.usbd_desc_device
                0x1000bc98       0x12 CMakeFiles/turret.dir/C_/Users/davee/.pico-sdk/sdk/2.2.0/src/rp2_common/pico_stdio_usb/stdio_usb_descriptors.c.obj
 .rodata.str1.4
                0x1000bcaa        0x0 CMakeFiles/turret.dir/C_/Users/davee/.pico-sdk/sdk/2.2.0/lib/tinyusb/src/portable/raspberrypi/rp2040/dcd_rp2040.c.obj
                                 0x14 (size before relaxing)
 .rodata.str1.4
                0x1000bcaa        0x0 CMakeFiles/turret.dir/C_/Users/davee/.pico-sdk/sdk/2.2.0/lib/tinyusb/src/portable/raspberrypi/rp2040/rp2040_usb.c.obj
                                 0x48 (size before relaxing)
 *fill*         0x1000bcaa        0x2 
 .rodata.tud_task_ext
                0x1000bcac       0x8c CMakeFiles/turret.dir/C_/Users/davee/.pico-sdk/sdk/2.2.0/lib/tinyusb/src/device/usbd.c.obj
 .rodata        0x1000bd38       0x1c CMakeFiles/turret.dir/C_/Users/davee/.pico-sdk/sdk/2.2.0/lib/tinyusb/src/device/usbd.c.obj
 .rodata._usbd_driver
                0x1000bd54       0x40 CMakeFiles/turret.dir/C_/Users/davee/.pico-sdk/sdk/2.2.0/lib/tinyusb/src/device/usbd.c.obj
 .rodata._strtod_l.str1.4
                0x1000bd94        0x0 C:/Program Files (x86)/Arm/GNU Toolchain mingw-w64-i686-arm-none-eabi/bin/../lib/gcc/arm-none-eabi/15.2.1/../../../../arm-none-eabi/lib/thumb/v6-m/nofp\libg.a(libc_a-strtod.o)
                                 0x15 (size before relaxing)
 .rodata._strtod_l
                0x1000bd94       0xd0 C:/Program Files (x86)/Arm/GNU Toolchain mingw-w64-i686-arm-none-eabi/bin/../lib/gcc/arm-none-eabi/15.2.1/../../../../arm-none-eabi/lib/thumb/v6-m/nofp\libg.a(libc_a-strtod.o)
 .rodata.fpinan.0
                0x1000be64       0x14 C:/Program Files (x86)/Arm/GNU Toolchain mingw-w64-i686-arm-none-eabi/bin/../lib/gcc/arm-none-eabi/15.2.1/../../../../arm-none-eabi/lib/thumb/v6-m/nofp\libg.a(libc_a-strtod.o)
 .rodata.fpi.1  0x1000be78       0x14 C:/Program Files (x86)/Arm/GNU Toolchain mingw-w64-i686-arm-none-eabi/bin/../lib/gcc/arm-none-eabi/15.2.1/../../../../arm-none-eabi/lib/thumb/v6-m/nofp\libg.a(libc_a-strtod.o)
 *fill*         0x1000be8c        0x4 
 .rodata.tinytens
                0x1000be90       0x28 C:/Program Files (x86)/Arm/GNU Toolchain mingw-w64-i686-arm-none-eabi/bin/../lib/gcc/arm-none-eabi/15.2.1/../../../../arm-none-eabi/lib/thumb/v6-m/nofp\libg.a(libc_a-strtod.o)
 .rodata._ctype_
                0x1000beb8      0x101 C:/Program Files (x86)/Arm/GNU Toolchain mingw-w64-i686-arm-none-eabi/bin/../lib/gcc/arm-none-eabi/15.2.1/../../../../arm-none-eabi/lib/thumb/v6-m/nofp\libg.a(libc_a-ctype_.o)
                0x1000beb8                _ctype_
 .rodata.str1.4
                0x1000bfb9        0x0 C:/Program Files (x86)/Arm/GNU Toolchain mingw-w64-i686-arm-none-eabi/bin/../lib/gcc/arm-none-eabi/15.2.1/../../../../arm-none-eabi/lib/thumb/v6-m/nofp\libg.a(libc_a-locale.o)
                                 0x4c (size before relaxing)
 .rodata.__gethex.str1.4
                0x1000bfb9        0x0 C:/Program Files (x86)/Arm/GNU Toolchain mingw-w64-i686-arm-none-eabi/bin/../lib/gcc/arm-none-eabi/15.2.1/../../../../arm-none-eabi/lib/thumb/v6-m/nofp\libg.a(libc_a-gdtoa-gethex.o)
                                 0x79 (size before relaxing)
 *fill*         0x1000bfb9        0x3 
 .rodata.__hexdig
                0x1000bfbc      0x100 C:/Program Files (x86)/Arm/GNU Toolchain mingw-w64-i686-arm-none-eabi/bin/../lib/gcc/arm-none-eabi/15.2.1/../../../../arm-none-eabi/lib/thumb/v6-m/nofp\libg.a(libc_a-gdtoa-gethex.o)
                0x1000bfbc                __hexdig
 .rodata.__multadd.str1.4
                0x1000c0bc        0x0 C:/Program Files (x86)/Arm/GNU Toolchain mingw-w64-i686-arm-none-eabi/bin/../lib/gcc/arm-none-eabi/15.2.1/../../../../arm-none-eabi/lib/thumb/v6-m/nofp\libg.a(libc_a-mprec.o)
                                 0x6e (size before relaxing)
 .rodata.p05.0  0x1000c0bc        0xc C:/Program Files (x86)/Arm/GNU Toolchain mingw-w64-i686-arm-none-eabi/bin/../lib/gcc/arm-none-eabi/15.2.1/../../../../arm-none-eabi/lib/thumb/v6-m/nofp\libg.a(libc_a-mprec.o)
 .rodata.__mprec_bigtens
                0x1000c0c8       0x28 C:/Program Files (x86)/Arm/GNU Toolchain mingw-w64-i686-arm-none-eabi/bin/../lib/gcc/arm-none-eabi/15.2.1/../../../../arm-none-eabi/lib/thumb/v6-m/nofp\libg.a(libc_a-mprec.o)
                0x1000c0c8                __mprec_bigtens
 .rodata.__mprec_tens
                0x1000c0f0       0xc8 C:/Program Files (x86)/Arm/GNU Toolchain mingw-w64-i686-arm-none-eabi/bin/../lib/gcc/arm-none-eabi/15.2.1/../../../../arm-none-eabi/lib/thumb/v6-m/nofp\libg.a(libc_a-mprec.o)
                0x1000c0f0                __mprec_tens
                0x1000c1b8                        . = ALIGN (0x4)
 *(SORT_BY_ALIGNMENT(SORT_BY_NAME(.flashdata*)))
                0x1000c1b8                        . = ALIGN (0x4)

.ARM.extab
 *(.ARM.extab* .gnu.linkonce.armextab.*)
                0x1000c1b8                        __exidx_start = .

.ARM.exidx
 *(.ARM.exidx* .gnu.linkonce.armexidx.*)
                0x1000c1b8                        __exidx_end = .
                0x1000c1b8                        . = ALIGN (0x4)
                0x1000c1b8                        __binary_info_start = .

.binary_info    0x1000c1b8       0x20
 *(.binary_info.keep.*)
 .binary_info.keep.__bi_ptr84
                0x1000c1b8        0x4 CMakeFiles/turret.dir/C_/Users/davee/.pico-sdk/sdk/2.2.0/src/rp2_common/pico_standard_binary_info/standard_binary_info.c.obj
 .binary_info.keep.__bi_ptr78
                0x1000c1bc        0x4 CMakeFiles/turret.dir/C_/Users/davee/.pico-sdk/sdk/2.2.0/src/rp2_common/pico_standard_binary_info/standard_binary_info.c.obj
 .binary_info.keep.__bi_ptr54
                0x1000c1c0        0x4 CMakeFiles/turret.dir/C_/Users/davee/.pico-sdk/sdk/2.2.0/src/rp2_common/pico_standard_binary_info/standard_binary_info.c.obj
 .binary_info.keep.__bi_ptr48
                0x1000c1c4        0x4 CMakeFiles/turret.dir/C_/Users/davee/.pico-sdk/sdk/2.2.0/src/rp2_common/pico_standard_binary_info/standard_binary_info.c.obj
 .binary_info.keep.__bi_ptr42
                0x1000c1c8        0x4 CMakeFiles/turret.dir/C_/Users/davee/.pico-sdk/sdk/2.2.0/src/rp2_common/pico_standard_binary_info/standard_binary_info.c.obj
 .binary_info.keep.__bi_ptr34
                0x1000c1cc        0x4 CMakeFiles/turret.dir/C_/Users/davee/.pico-sdk/sdk/2.2.0/src/rp2_common/pico_standard_binary_info/standard_binary_info.c.obj
 .binary_info.keep.__bi_ptr26
                0x1000c1d0        0x4 CMakeFiles/turret.dir/C_/Users/davee/.pico-sdk/sdk/2.2.0/src/rp2_common/pico_standard_binary_info/standard_binary_info.c.obj
 *(.binary_info.*)
 .binary_info.__bi_ptr202
                0x1000c1d4        0x4 CMakeFiles/turret.dir/C_/Users/davee/.pico-sdk/sdk/2.2.0/src/rp2_common/pico_stdio_usb/stdio_usb.c.obj
                0x1000c1d8                        __binary_info_end = .