Archive member included to satisfy reference by file (symbol)

/usr/lib/gcc/arm-none-eabi/14.2.1/thumb/v6-m/nofp/libgcc.a(_dvmd_tls.o)
                              CMakeFiles/turret.dir/_deps/pico_sdk-src/src/rp2_common/pico_divider/divider_hardware.S.o (__aeabi_idiv0)
/usr/lib/gcc/arm-none-eabi/14.2.1/../../../arm-none-eabi/lib/thumb/v6-m/nofp/libg.a(libc_a-strlen-stub.o)
                              CMakeFiles/turret.dir/_deps/pico_sdk-src/src/rp2_common/pico_stdio/stdio.c.o (strlen)
/usr/lib/gcc/arm-none-eabi/14.2.1/../../../arm-none-eabi/lib/thumb/v6-m/nofp/libg.a(libc_a-strtod.o)
                              CMakeFiles/turret.dir/main.c.o (strtof)
/usr/lib/gcc/arm-none-eabi/14.2.1/../../../arm-none-eabi/lib/thumb/v6-m/nofp/libg.a(libc_a-locale.o)
                              /usr/lib/gcc/arm-none-eabi/14.2.1/../../../arm-none-eabi/lib/thumb/v6-m/nofp/libg.a(libc_a-strtod.o) (__global_locale)
/usr/lib/gcc/arm-none-eabi/14.2.1/../../../arm-none-eabi/lib/thumb/v6-m/nofp/libg.a(libc_a-gdtoa-gethex.o)
                              /usr/lib/gcc/arm-none-eabi/14.2.1/../../../arm-none-eabi/lib/thumb/v6-m/nofp/libg.a(libc_a-strtod.o) (__gethex)
/usr/lib/gcc/arm-none-eabi/14.2.1/../../../arm-none-eabi/lib/thumb/v6-m/nofp/libg.a(libc_a-strtoul.o)
                              CMakeFiles/turret.dir/main.c.o (strtoul)
/usr/lib/gcc/arm-none-eabi/14.2.1/../../../arm-none-eabi/lib/thumb/v6-m/nofp/libg.a(libc_a-mbtowc_r.o)
                              /usr/lib/gcc/arm-none-eabi/14.2.1/../../../arm-none-eabi/lib/thumb/v6-m/nofp/libg.a(libc_a-locale.o) (__ascii_mbtowc)
/usr/lib/gcc/arm-none-eabi/14.2.1/../../../arm-none-eabi/lib/thumb/v6-m/nofp/libg.a(libc_a-fini.o)
                              /usr/lib/gcc/arm-none-eabi/14.2.1/../../../arm-none-eabi/lib/thumb/v6-m/nofp/crt0.o (__libc_fini_array)
/usr/lib/gcc/arm-none-eabi/14.2.1/../../../arm-none-eabi/lib/thumb/v6-m/nofp/libg.a(libc_a-strncmp.o)
                              /usr/lib/gcc/arm-none-eabi/14.2.1/../../../arm-none-eabi/lib/thumb/v6-m/nofp/libg.a(libc_a-strtod.o) (strncmp)
/usr/lib/gcc/arm-none-eabi/14.2.1/../../../arm-none-eabi/lib/thumb/v6-m/nofp/libg.a(libc_a-calloc.o)
                              CMakeFiles/turret.dir/_deps/pico_sdk-src/src/rp2_common/pico_malloc/malloc.c.o (calloc)
/usr/lib/gcc/arm-none-eabi/14.2.1/../../../arm-none-eabi/lib/thumb/v6-m/nofp/libg.a(libc_a-callocr.o)
                              /usr/lib/gcc/arm-none-eabi/14.2.1/../../../arm-none-eabi/lib/thumb/v6-m/nofp/libg.a(libc_a-calloc.o) (_calloc_r)
/usr/lib/gcc/arm-none-eabi/14.2.1/../../../arm-none-eabi/lib/thumb/v6-m/nofp/libg.a(libc_a-realloc.o)
                              CMakeFiles/turret.dir/_deps/pico_sdk-src/src/rp2_common/pico_malloc/malloc.c.o (realloc)
/usr/lib/gcc/arm-none-eabi/14.2.1/../../../arm-none-eabi/lib/thumb/v6-m/nofp/libg.a(libc_a-mallocr.o)
                              /usr/lib/gcc/arm-none-eabi/14.2.1/../../../arm-none-eabi/lib/thumb/v6-m/nofp/libg.a(libc_a-callocr.o) (_malloc_r)
/usr/lib/gcc/arm-none-eabi/14.2.1/../../../arm-none-eabi/lib/thumb/v6-m/nofp/libg.a(libc_a-freer.o)
                              /usr/lib/gcc/arm-none-eabi/14.2.1/../../../arm-none-eabi/lib/thumb/v6-m/nofp/libg.a(libc_a-mallocr.o) (_free_r)
/usr/lib/gcc/arm-none-eabi/14.2.1/../../../arm-none-eabi/lib/thumb/v6-m/nofp/libg.a(libc_a-memcmp.o)
                              CMakeFiles/turret.dir/_deps/pico_sdk-src/src/rp2_common/pico_atomic/atomic.c.o (memcmp)
/usr/lib/gcc/arm-none-eabi/14.2.1/../../../arm-none-eabi/lib/thumb/v6-m/nofp/libg.a(libc_a-atoi.o)
                              CMakeFiles/turret.dir/main.c.o (atoi)
/usr/lib/gcc/arm-none-eabi/14.2.1/../../../arm-none-eabi/lib/thumb/v6-m/nofp/libg.a(libc_a-strtol.o)
                              /usr/lib/gcc/arm-none-eabi/14.2.1/../../../arm-none-eabi/lib/thumb/v6-m/nofp/libg.a(libc_a-atoi.o) (_strtol_r)
/usr/lib/gcc/arm-none-eabi/14.2.1/../../../arm-none-eabi/lib/thumb/v6-m/nofp/libg.a(libc_a-wctomb_r.o)
                              /usr/lib/gcc/arm-none-eabi/14.2.1/../../../arm-none-eabi/lib/thumb/v6-m/nofp/libg.a(libc_a-locale.o) (__ascii_wctomb)
/usr/lib/gcc/arm-none-eabi/14.2.1/../../../arm-none-eabi/lib/thumb/v6-m/nofp/libg.a(libc_a-errno.o)
                              /usr/lib/gcc/arm-none-eabi/14.2.1/../../../arm-none-eabi/lib/thumb/v6-m/nofp/libg.a(libc_a-strtod.o) (__errno)
/usr/lib/gcc/arm-none-eabi/14.2.1/../../../arm-none-eabi/lib/thumb/v6-m/nofp/libg.a(libc_a-malloc.o)
                              CMakeFiles/turret.dir/_deps/pico_sdk-src/src/rp2_common/pico_malloc/malloc.c.o (malloc)
/usr/lib/gcc/arm-none-eabi/14.2.1/../../../arm-none-eabi/lib/thumb/v6-m/nofp/libg.a(libc_a-reallocr.o)
                              /usr/lib/gcc/arm-none-eabi/14.2.1/../../../arm-none-eabi/lib/thumb/v6-m/nofp/libg.a(libc_a-realloc.o) (_realloc_r)
/usr/lib/gcc/arm-none-eabi/14.2.1/../../../arm-none-eabi/lib/thumb/v6-m/nofp/libg.a(libc_a-mktime.o)
[...]
Memory Configuration

Name             Origin             Length             Attributes
FLASH            0x10000000         0x00200000         xr
RAM              0x20000000         0x00040000         xrw
SCRATCH_X        0x20040000         0x00001000         xrw
SCRATCH_Y        0x20041000         0x00001000         xrw
*default*        0x00000000         0xffffffff

Linker script and memory map

LOAD /usr/lib/gcc/arm-none-eabi/14.2.1/thumb/v6-m/nofp/crti.o
LOAD /usr/lib/gcc/arm-none-eabi/14.2.1/thumb/v6-m/nofp/crtbegin.o
LOAD /usr/lib/gcc/arm-none-eabi/14.2.1/../../../arm-none-eabi/lib/thumb/v6-m/nofp/crt0.o

.flash_begin    0x10000000        0x0
                0x10000000                        __flash_binary_start = .

.boot2          0x10000000      0x100
                0x10000000                        __boot2_start__ = .
 *(.boot2)
 .boot2         0x10000000      0x100 pico-sdk/src/rp2040/boot_stage2/CMakeFiles/bs2_default_library.dir/./bs2_default_padded_checksummed.S.o
                0x10000100                        __boot2_end__ = .
                0x00000001                        ASSERT (((__boot2_end__ - __boot2_start__) == 0x100), ERROR: Pico second stage bootloader must be 256 bytes in size)

.text           0x10000100     0xb8b8
                0x10000100                        __logical_binary_start = .
 *(.vectors)
 .vectors       0x10000100       0xd4 CMakeFiles/turret.dir/_deps/pico_sdk-src/src/rp2_common/pico_crt0/crt0.S.o
                0x10000100                __vectors
                0x10000100                __VECTOR_TABLE
                0x100001c0                isr_invalid
                0x100001c0                __default_isrs_start
                0x100001c2                isr_nmi
                0x100001c4                isr_hardfault
                0x100001c6                isr_svcall
                0x100001c8                isr_pendsv
                0x100001ca                isr_systick
                0x100001cc                isr_irq30
                0x100001cc                __unhandled_user_irq
                0x100001cc                isr_irq13
                0x100001cc                isr_irq27
                0x100001cc                isr_irq31
                0x100001cc                isr_irq5
                0x100001cc                isr_irq11
                0x100001cc                isr_irq23
                0x100001cc                isr_irq18
                0x100001cc                isr_irq28
                0x100001cc                isr_irq19
                0x100001cc                isr_irq0
                0x100001cc                isr_irq6
                0x100001cc                isr_irq22
                0x100001cc                isr_irq17
                0x100001cc                isr_irq14
                0x100001cc                isr_irq2
                0x100001cc                isr_irq10
                0x100001cc                isr_irq8
                0x100001cc                isr_irq24
                0x100001cc                isr_irq1
                0x100001cc                isr_irq7
                0x100001cc                isr_irq21
                0x100001cc                isr_irq20
                0x100001cc                isr_irq15
                0x100001cc                isr_irq25
                0x100001cc                isr_irq4
                0x100001cc                isr_irq16
                0x100001cc                isr_irq29
                0x100001cc                isr_irq26
                0x100001cc                __default_isrs_end
                0x100001cc                isr_irq3
                0x100001cc                isr_irq12
                0x100001cc                isr_irq9
                0x100001d2                unhandled_user_irq_num_in_r0
 *(.binary_info_header)
 .binary_info_header
                0x100001d4       0x14 CMakeFiles/turret.dir/_deps/pico_sdk-src/src/rp2_common/pico_crt0/crt0.S.o
                0x100001e8                        __binary_info_header_end = .
 *(.embedded_block)
                0x100001e8                        __embedded_block_end = .
 *(.reset)
 .reset         0x100001e8       0x9c CMakeFiles/turret.dir/_deps/pico_sdk-src/src/rp2_common/pico_crt0/crt0.S.o
                0x100001e8                _entry_point
 *(.init)
 .init          0x10000284        0x4 /usr/lib/gcc/arm-none-eabi/14.2.1/thumb/v6-m/nofp/crti.o
                0x10000284                _init
 *(EXCLUDE_FILE(*libm.a: *libc.a:*lib_a-mem*.o *libgcc.a:) .text*)
 .text          0x10000288       0x98 /usr/lib/gcc/arm-none-eabi/14.2.1/thumb/v6-m/nofp/crtbegin.o
 .text.stepper_init_gpio
                0x10000320       0x2c CMakeFiles/turret.dir/main.c.o
 .text.pwm_set_freq
                0x1000034c       0xa8 CMakeFiles/turret.dir/main.c.o
 .text.feed_enc_irq
                0x100003f4       0x5c CMakeFiles/turret.dir/main.c.o
 .text.dshot_init_sm.constprop.0
                0x10000450       0xf8 CMakeFiles/turret.dir/main.c.o
 .text.pwm_irq_handler
                0x10000548       0xec CMakeFiles/turret.dir/main.c.o
 .text.startup.main
                0x10000634      0xb70 CMakeFiles/turret.dir/main.c.o
                0x10000634                main
 .text.gpio_default_irq_handler
                0x100011a4      0x2c8 CMakeFiles/turret.dir/_deps/pico_sdk-src/src/rp2_common/hardware_gpio/gpio.c.o
 .text.gpio_set_function
                0x1000146c       0x34 CMakeFiles/turret.dir/_deps/pico_sdk-src/src/rp2_common/hardware_gpio/gpio.c.o
                0x1000146c                gpio_set_function
 .text.gpio_set_pulls
                0x100014a0       0x28 CMakeFiles/turret.dir/_deps/pico_sdk-src/src/rp2_common/hardware_gpio/gpio.c.o
                0x100014a0                gpio_set_pulls
 .text.gpio_set_irq_enabled_with_callback
                0x100014c8       0xd0 CMakeFiles/turret.dir/_deps/pico_sdk-src/src/rp2_common/hardware_gpio/gpio.c.o
                0x100014c8                gpio_set_irq_enabled_with_callback
 .text.gpio_init
                0x10001598       0x40 CMakeFiles/turret.dir/_deps/pico_sdk-src/src/rp2_common/hardware_gpio/gpio.c.o
                0x10001598                gpio_init
 .text.rp2040_chip_version
                0x100015d8        0xc CMakeFiles/turret.dir/_deps/pico_sdk-src/src/rp2040/pico_platform/platform.c.o
                0x100015d8                rp2040_chip_version
 .text.panic    0x100015e4       0x30 CMakeFiles/turret.dir/_deps/pico_sdk-src/src/rp2_common/pico_platform_panic/panic.c.o
                0x100015e4                panic
 .text.hw_claim_lock
                0x10001614       0x18 CMakeFiles/turret.dir/_deps/pico_sdk-src/src/common/hardware_claim/claim.c.o
                0x10001614                hw_claim_lock
 .text.hw_claim_unlock
                0x1000162c       0x14 CMakeFiles/turret.dir/_deps/pico_sdk-src/src/common/hardware_claim/claim.c.o
                0x1000162c                hw_claim_unlock
 .text.hw_claim_or_assert
                0x10001640       0x44 CMakeFiles/turret.dir/_deps/pico_sdk-src/src/common/hardware_claim/claim.c.o
                0x10001640                hw_claim_or_assert
 .text.hw_claim_unused_from_range
                0x10001684       0x88 CMakeFiles/turret.dir/_deps/pico_sdk-src/src/common/hardware_claim/claim.c.o
                0x10001684                hw_claim_unused_from_range
 .text.next_striped_spin_lock_num
                0x1000170c       0x18 CMakeFiles/turret.dir/_deps/pico_sdk-src/src/rp2_common/hardware_sync/sync.c.o
                0x1000170c                next_striped_spin_lock_num
 .text.spin_lock_claim_unused
                0x10001724       0x24 CMakeFiles/turret.dir/_deps/pico_sdk-src/src/rp2_common/hardware_sync/sync.c.o
                0x10001724                spin_lock_claim_unused
 .text.spin_locks_reset
                0x10001748       0x1c CMakeFiles/turret.dir/_deps/pico_sdk-src/src/rp2_common/hardware_sync_spin_lock/sync_spin_lock.c.o
                0x10001748                spin_locks_reset
 .text.runtime_init_per_core_irq_priorities
                0x10001764       0x24 CMakeFiles/turret.dir/_deps/pico_sdk-src/src/rp2_common/hardware_irq/irq.c.o
                0x10001764                runtime_init_per_core_irq_priorities
 .text.irq_set_enabled
                0x10001788       0x24 CMakeFiles/turret.dir/_deps/pico_sdk-src/src/rp2_common/hardware_irq/irq.c.o
                0x10001788                irq_set_enabled
 .text.irq_is_enabled
                0x100017ac       0x18 CMakeFiles/turret.dir/_deps/pico_sdk-src/src/rp2_common/hardware_irq/irq.c.o
                0x100017ac                irq_is_enabled
 .text.irq_set_pending
                0x100017c4       0x10 CMakeFiles/turret.dir/_deps/pico_sdk-src/src/rp2_common/hardware_irq/irq.c.o
                0x100017c4                irq_set_pending
 .text.irq_has_shared_handler
                0x100017d4       0x24 CMakeFiles/turret.dir/_deps/pico_sdk-src/src/rp2_common/hardware_irq/irq.c.o
                0x100017d4                irq_has_shared_handler
 .text.irq_set_exclusive_handler
                0x100017f8       0x54 CMakeFiles/turret.dir/_deps/pico_sdk-src/src/rp2_common/hardware_irq/irq.c.o
                0x100017f8                irq_set_exclusive_handler
 .text.irq_add_shared_handler
                0x1000184c      0x1f4 CMakeFiles/turret.dir/_deps/pico_sdk-src/src/rp2_common/hardware_irq/irq.c.o
                0x1000184c                irq_add_shared_handler
 .text.irq_remove_handler
                0x10001a40      0x1d4 CMakeFiles/turret.dir/_deps/pico_sdk-src/src/rp2_common/hardware_irq/irq.c.o
                0x10001a40                irq_remove_handler
 .text.irq_add_tail_to_free_list
                0x10001c14       0xb4 CMakeFiles/turret.dir/_deps/pico_sdk-src/src/rp2_common/hardware_irq/irq.c.o
                0x10001c14                irq_add_tail_to_free_list
 .text.user_irq_claim_unused
                0x10001cc8       0x2c CMakeFiles/turret.dir/_deps/pico_sdk-src/src/rp2_common/hardware_irq/irq.c.o
                0x10001cc8                user_irq_claim_unused
 .text.lock_init
                0x10001cf4       0x10 CMakeFiles/turret.dir/_deps/pico_sdk-src/src/common/pico_sync/lock_core.c.o
                0x10001cf4                lock_init
 .text.runtime_init_mutex
                0x10001d04       0x50 CMakeFiles/turret.dir/_deps/pico_sdk-src/src/common/pico_sync/mutex.c.o
                0x10001d04                runtime_init_mutex
 .text.mutex_init
                0x10001d54       0x1c CMakeFiles/turret.dir/_deps/pico_sdk-src/src/common/pico_sync/mutex.c.o
                0x10001d54                mutex_init
 .text.critical_section_init
                0x10001d70       0x1c CMakeFiles/turret.dir/_deps/pico_sdk-src/src/common/pico_sync/critical_section.c.o
                0x10001d70                critical_section_init
 .text.critical_section_init_with_lock_num
                0x10001d8c       0x14 CMakeFiles/turret.dir/_deps/pico_sdk-src/src/common/pico_sync/critical_section.c.o
                0x10001d8c                critical_section_init_with_lock_num
 .text.sleep_until_callback
                0x10001da0       0x30 CMakeFiles/turret.dir/_deps/pico_sdk-src/src/common/pico_time/time.c.o
 .text.alarm_pool_irq_handler
                0x10001dd0      0x300 CMakeFiles/turret.dir/_deps/pico_sdk-src/src/common/pico_time/time.c.o
 .text.runtime_init_default_alarm_pool
                0x100020d0       0xdc CMakeFiles/turret.dir/_deps/pico_sdk-src/src/common/pico_time/time.c.o
                0x100020d0                runtime_init_default_alarm_pool
 .text.alarm_pool_get_default
                0x100021ac        0x8 CMakeFiles/turret.dir/_deps/pico_sdk-src/src/common/pico_time/time.c.o
                0x100021ac                alarm_pool_get_default
 .text.alarm_pool_add_alarm_at
                0x100021b4       0xd0 CMakeFiles/turret.dir/_deps/pico_sdk-src/src/common/pico_time/time.c.o
                0x100021b4                alarm_pool_add_alarm_at
 .text.alarm_pool_add_alarm_at_force_in_context
                0x10002284       0xb0 CMakeFiles/turret.dir/_deps/pico_sdk-src/src/common/pico_time/time.c.o
                0x10002284                alarm_pool_add_alarm_at_force_in_context
 .text.alarm_pool_cancel_alarm
                0x10002334       0x74 CMakeFiles/turret.dir/_deps/pico_sdk-src/src/common/pico_time/time.c.o
                0x10002334                alarm_pool_cancel_alarm
 .text.alarm_pool_core_num
                0x100023a8        0x4 CMakeFiles/turret.dir/_deps/pico_sdk-src/src/common/pico_time/time.c.o
                0x100023a8                alarm_pool_core_num
 .text.sleep_ms
                0x100023ac       0xfc CMakeFiles/turret.dir/_deps/pico_sdk-src/src/common/pico_time/time.c.o
                0x100023ac                sleep_ms
 .text.best_effort_wfe_or_timeout
                0x100024a8      0x10c CMakeFiles/turret.dir/_deps/pico_sdk-src/src/common/pico_time/time.c.o
                0x100024a8                best_effort_wfe_or_timeout
 .text.timer_hardware_alarm_claim
                0x100025b4       0x14 CMakeFiles/turret.dir/_deps/pico_sdk-src/src/rp2_common/hardware_timer/timer.c.o
                0x100025b4                timer_hardware_alarm_claim
 .text.timer_time_us_64
                0x100025c8       0x10 CMakeFiles/turret.dir/_deps/pico_sdk-src/src/rp2_common/hardware_timer/timer.c.o
                0x100025c8                timer_time_us_64
 .text.time_us_64
                0x100025d8       0x14 CMakeFiles/turret.dir/_deps/pico_sdk-src/src/rp2_common/hardware_timer/timer.c.o
                0x100025d8                time_us_64
 .text.busy_wait_us
                0x100025ec       0x68 CMakeFiles/turret.dir/_deps/pico_sdk-src/src/rp2_common/hardware_timer/timer.c.o
                0x100025ec                busy_wait_us
 .text.busy_wait_until
                0x10002654       0x20 CMakeFiles/turret.dir/_deps/pico_sdk-src/src/rp2_common/hardware_timer/timer.c.o
                0x10002654                busy_wait_until
 .text.clock_configure_int_divider
                0x10002674       0xf4 CMakeFiles/turret.dir/_deps/pico_sdk-src/src/rp2_common/hardware_clocks/clocks.c.o
                0x10002674                clock_configure_int_divider
 .text.clock_configure_undivided
                0x10002768       0xe8 CMakeFiles/turret.dir/_deps/pico_sdk-src/src/rp2_common/hardware_clocks/clocks.c.o
                0x10002768                clock_configure_undivided
 .text.clock_get_hz
                0x10002850        0xc CMakeFiles/turret.dir/_deps/pico_sdk-src/src/rp2_common/hardware_clocks/clocks.c.o
                0x10002850                clock_get_hz
 .text.pll_init
                0x1000285c       0xa4 CMakeFiles/turret.dir/_deps/pico_sdk-src/src/rp2_common/hardware_pll/pll.c.o
                0x1000285c                pll_init
 .text.watchdog_reboot
                0x10002900       0x9c CMakeFiles/turret.dir/_deps/pico_sdk-src/src/rp2_common/hardware_watchdog/watchdog.c.o
                0x10002900                watchdog_reboot
 .text.tick_start
                0x1000299c       0x10 CMakeFiles/turret.dir/_deps/pico_sdk-src/src/rp2_common/hardware_ticks/ticks.c.o
                0x1000299c                tick_start
 .text.rom_func_lookup
                0x100029ac       0x10 CMakeFiles/turret.dir/_deps/pico_sdk-src/src/rp2_common/pico_bootrom/bootrom.c.o
                0x100029ac                rom_func_lookup
 .text.rom_data_lookup
                0x100029bc       0x10 CMakeFiles/turret.dir/_deps/pico_sdk-src/src/rp2_common/pico_bootrom/bootrom.c.o
                0x100029bc                rom_data_lookup
 .text.rom_funcs_lookup
                0x100029cc       0x44 CMakeFiles/turret.dir/_deps/pico_sdk-src/src/rp2_common/pico_bootrom/bootrom.c.o
                0x100029cc                rom_funcs_lookup
 .text.rom_reset_usb_boot_extra
                0x10002a10       0x24 CMakeFiles/turret.dir/_deps/pico_sdk-src/src/rp2_common/pico_bootrom/bootrom.c.o
                0x10002a10                rom_reset_usb_boot_extra
 .text.xosc_init
                0x10002a34       0x28 CMakeFiles/turret.dir/_deps/pico_sdk-src/src/rp2_common/hardware_xosc/xosc.c.o
                0x10002a34                xosc_init
 .text.first_per_core_initializer
                0x10002a5c        0x4 CMakeFiles/turret.dir/_deps/pico_sdk-src/src/rp2_common/pico_runtime/runtime.c.o
 .text.hard_assertion_failure
                0x10002a60        0xc CMakeFiles/turret.dir/_deps/pico_sdk-src/src/rp2_common/pico_runtime/runtime.c.o
                0x10002a60                hard_assertion_failure
 .text.runtime_run_initializers
                0x10002a6c       0x28 CMakeFiles/turret.dir/_deps/pico_sdk-src/src/rp2_common/pico_runtime/runtime.c.o
                0x10002a6c                runtime_run_initializers
 .text.runtime_init_early_resets
                0x10002a94       0x2c CMakeFiles/turret.dir/_deps/pico_sdk-src/src/rp2_common/pico_runtime_init/runtime_init.c.o
                0x10002a94                runtime_init_early_resets
 .text.runtime_init_usb_power_down
                0x10002ac0       0x1c CMakeFiles/turret.dir/_deps/pico_sdk-src/src/rp2_common/pico_runtime_init/runtime_init.c.o
                0x10002ac0                runtime_init_usb_power_down
 .text.runtime_init_post_clock_resets
                0x10002adc       0x20 CMakeFiles/turret.dir/_deps/pico_sdk-src/src/rp2_common/pico_runtime_init/runtime_init.c.o
                0x10002adc                runtime_init_post_clock_resets
 .text.runtime_init_rp2040_gpio_ie_disable
                0x10002afc       0x14 CMakeFiles/turret.dir/_deps/pico_sdk-src/src/rp2_common/pico_runtime_init/runtime_init.c.o
                0x10002afc                runtime_init_rp2040_gpio_ie_disable
 .text.runtime_init_spin_locks_reset
                0x10002b10        0x8 CMakeFiles/turret.dir/_deps/pico_sdk-src/src/rp2_common/pico_runtime_init/runtime_init.c.o
                0x10002b10                runtime_init_spin_locks_reset
 .text.runtime_init_install_ram_vector_table
                0x10002b18       0x1c CMakeFiles/turret.dir/_deps/pico_sdk-src/src/rp2_common/pico_runtime_init/runtime_init.c.o
                0x10002b18                runtime_init_install_ram_vector_table
 .text.runtime_init_clocks
                0x10002b34       0xd8 CMakeFiles/turret.dir/_deps/pico_sdk-src/src/rp2_common/pico_runtime_init/runtime_init_clocks.c.o
                0x10002b34                runtime_init_clocks
 .text          0x10002c0c       0x10 CMakeFiles/turret.dir/_deps/pico_sdk-src/src/rp2_common/pico_bit_ops/bit_ops_aeabi.S.o
 .text.__wrap___aeabi_idiv
                0x10002c1c       0x50 CMakeFiles/turret.dir/_deps/pico_sdk-src/src/rp2_common/pico_divider/divider_hardware.S.o
                0x10002c1c                __wrap___aeabi_idivmod
                0x10002c1c                divmod_s32s32
                0x10002c1c                div_s32s32
                0x10002c1c                __wrap___aeabi_idiv
                0x10002c24                divmod_s32s32_unsafe
                0x10002c50                divmod_s32s32_savestate
 .text.__wrap___aeabi_uidiv
                0x10002c6c       0x4c CMakeFiles/turret.dir/_deps/pico_sdk-src/src/rp2_common/pico_divider/divider_hardware.S.o
                0x10002c6c                __wrap___aeabi_uidiv
                0x10002c6c                __wrap___aeabi_uidivmod
                0x10002c6c                div_u32u32
                0x10002c6c                divmod_u32u32
                0x10002c74                divmod_u32u32_unsafe
                0x10002c9c                divmod_u32u32_savestate
 .text.__wrap___aeabi_ldiv
                0x10002cb8      0x424 CMakeFiles/turret.dir/_deps/pico_sdk-src/src/rp2_common/pico_divider/divider_hardware.S.o
                0x10002cb8                div_s64s64
                0x10002cb8                divmod_s64s64
                0x10002cb8                __wrap___aeabi_ldivmod
                0x10002ce8                div_u64u64
                0x10002ce8                divmod_u64u64
                0x10002ce8                __wrap___aeabi_uldivmod
                0x10002cf8                divmod_u64u64_savestate
                0x10002d18                divmod_s64s64_unsafe
                0x10002da0                divmod_u64u64_unsafe
 .text.__wrap___aeabi_darithmetic
                0x100030dc       0x80 CMakeFiles/turret.dir/_deps/pico_sdk-src/src/rp2_common/pico_double/double_aeabi_rp2040.S.o
                0x100030dc                __wrap___aeabi_drsub
                0x100030e2                __wrap___aeabi_dsub
                0x100030f4                __wrap___aeabi_dadd
                0x10003106                __wrap___aeabi_ddiv
                0x10003142                __wrap___aeabi_dmul
 .text.__wrap___aeabi_cdcmple
                0x1000315c       0x6c CMakeFiles/turret.dir/_deps/pico_sdk-src/src/rp2_common/pico_double/double_aeabi_rp2040.S.o
                0x1000315c                __wrap___aeabi_cdrcmple
                0x1000316c                __wrap___aeabi_cdcmple
                0x1000316c                __wrap___aeabi_cdcmpeq
 .text.__wrap___aeabi_dcmpeq
                0x100031c8       0x10 CMakeFiles/turret.dir/_deps/pico_sdk-src/src/rp2_common/pico_double/double_aeabi_rp2040.S.o
                0x100031c8                __wrap___aeabi_dcmpeq
 .text.__wrap___aeabi_dcmplt
                0x100031d8        0xc CMakeFiles/turret.dir/_deps/pico_sdk-src/src/rp2_common/pico_double/double_aeabi_rp2040.S.o
                0x100031d8                __wrap___aeabi_dcmplt
 .text.__wrap___aeabi_dcmple
                0x100031e4       0x10 CMakeFiles/turret.dir/_deps/pico_sdk-src/src/rp2_common/pico_double/double_aeabi_rp2040.S.o
                0x100031e4                __wrap___aeabi_dcmple
 .text.__wrap___aeabi_dcmpge
                0x100031f4       0x10 CMakeFiles/turret.dir/_deps/pico_sdk-src/src/rp2_common/pico_double/double_aeabi_rp2040.S.o
                0x100031f4                __wrap___aeabi_dcmpge
 .text.__wrap___aeabi_dcmpgt
                0x10003204        0xa CMakeFiles/turret.dir/_deps/pico_sdk-src/src/rp2_common/pico_double/double_aeabi_rp2040.S.o
                0x10003204                __wrap___aeabi_dcmpgt
 .text.__wrap___aeabi_dcmpun
                0x1000320e       0x18 CMakeFiles/turret.dir/_deps/pico_sdk-src/src/rp2_common/pico_double/double_aeabi_rp2040.S.o
                0x1000320e                __wrap___aeabi_dcmpun
 *fill*         0x10003226        0x2 
 .text.__wrap___aeabi_i2d
                0x10003228       0x38 CMakeFiles/turret.dir/_deps/pico_sdk-src/src/rp2_common/pico_double/double_aeabi_rp2040.S.o
                0x10003228                __wrap___aeabi_ui2d
                0x10003228                uint2double
                0x10003230                __wrap___aeabi_i2d
                0x10003230                int2double
 .text.__wrap___aeabi_d2iz
                0x10003260       0x48 CMakeFiles/turret.dir/_deps/pico_sdk-src/src/rp2_common/pico_double/double_aeabi_rp2040.S.o
                0x10003260                __wrap___aeabi_d2iz
                0x10003260                double2int_z
 .text.__wrap___aeabi_d2uiz
                0x100032a8       0x18 CMakeFiles/turret.dir/_deps/pico_sdk-src/src/rp2_common/pico_double/double_aeabi_rp2040.S.o
                0x100032a8                double2uint_z
                0x100032a8                double2uint
                0x100032a8                __wrap___aeabi_d2uiz
 .text.__wrap___aeabi_l2d
                0x100032c0       0x18 CMakeFiles/turret.dir/_deps/pico_sdk-src/src/rp2_common/pico_double/double_aeabi_rp2040.S.o
                0x100032c0                __wrap___aeabi_l2d
                0x100032c0                int642double
 .text.__wrap___aeabi_d2lz
                0x100032d8       0x26 CMakeFiles/turret.dir/_deps/pico_sdk-src/src/rp2_common/pico_double/double_aeabi_rp2040.S.o
                0x100032d8                __wrap___aeabi_d2lz
                0x100032d8                double2int64_z
 *fill*         0x100032fe        0x2 
 .text.double2int64
                0x10003300       0x18 CMakeFiles/turret.dir/_deps/pico_sdk-src/src/rp2_common/pico_double/double_aeabi_rp2040.S.o
                0x10003300                double2int64
 .text.double2ufix64
                0x10003318       0x18 CMakeFiles/turret.dir/_deps/pico_sdk-src/src/rp2_common/pico_double/double_aeabi_rp2040.S.o
                0x10003318                double2ufix64
                0x10003318                double2ufix64_z
 .text.__wrap___aeabi_d2f
                0x10003330       0x18 CMakeFiles/turret.dir/_deps/pico_sdk-src/src/rp2_common/pico_double/double_aeabi_rp2040.S.o
                0x10003330                __wrap___aeabi_d2f
 .text.__aeabi_double_init
                0x10003348       0xa4 CMakeFiles/turret.dir/_deps/pico_sdk-src/src/rp2_common/pico_double/double_init_rom_rp2040.c.o
                0x10003348                __aeabi_double_init
 .text.double_table_shim_on_use_helper
                0x100033ec       0x2c CMakeFiles/turret.dir/_deps/pico_sdk-src/src/rp2_common/pico_double/double_v1_rom_shim_rp2040.S.o
                0x100033ec                double_table_shim_on_use_helper
 .text.__wrap___aeabi_dsub
                0x10003418       0x10 CMakeFiles/turret.dir/_deps/pico_sdk-src/src/rp2_common/pico_double/double_v1_rom_shim_rp2040.S.o
                0x10003418                drsub_shim
                0x1000341e                dsub_shim
 .text.dadd_shim
                0x10003428      0x15c CMakeFiles/turret.dir/_deps/pico_sdk-src/src/rp2_common/pico_double/double_v1_rom_shim_rp2040.S.o
                0x10003428                dadd_shim
 .text.dmul_shim
                0x10003584      0x15c CMakeFiles/turret.dir/_deps/pico_sdk-src/src/rp2_common/pico_double/double_v1_rom_shim_rp2040.S.o
                0x10003584                dmul_shim
 .text.ddiv_shim
                0x100036e0      0x1b0 CMakeFiles/turret.dir/_deps/pico_sdk-src/src/rp2_common/pico_double/double_v1_rom_shim_rp2040.S.o
                0x100036e0                ddiv_shim
 .text.double2uint_shim
                0x10003890        0xe CMakeFiles/turret.dir/_deps/pico_sdk-src/src/rp2_common/pico_double/double_v1_rom_shim_rp2040.S.o
                0x10003890                double2uint_shim
                0x10003892                double2ufix_shim
 .text.double2int64_shim
                0x1000389e       0x1a CMakeFiles/turret.dir/_deps/pico_sdk-src/src/rp2_common/pico_double/double_v1_rom_shim_rp2040.S.o
                0x1000389e                double2int64_shim
                0x100038a0                double2fix64_shim
 .text.double2uint64_shim
                0x100038b8       0x70 CMakeFiles/turret.dir/_deps/pico_sdk-src/src/rp2_common/pico_double/double_v1_rom_shim_rp2040.S.o
                0x100038b8                double2uint64_shim
                0x100038ba                double2ufix64_shim
                0x100038da                d2fix_a
 .text.double2float_shim
                0x10003928       0x5c CMakeFiles/turret.dir/_deps/pico_sdk-src/src/rp2_common/pico_double/double_v1_rom_shim_rp2040.S.o
                0x10003928                double2float_shim
 .text.x2double_shims
                0x10003984       0x90 CMakeFiles/turret.dir/_deps/pico_sdk-src/src/rp2_common/pico_double/double_v1_rom_shim_rp2040.S.o
                0x10003984                uint2double_shim
                0x10003986                ufix2double_shim
                0x1000398c                int2double_shim
                0x1000398e                fix2double_shim
                0x10003994                uint642double_shim
                0x10003996                ufix642double_shim
                0x1000399c                int642double_shim
                0x1000399e                fix642double_shim
 .text.dunpacks
                0x10003a14       0x3c CMakeFiles/turret.dir/_deps/pico_sdk-src/src/rp2_common/pico_double/double_v1_rom_shim_rp2040.S.o
                0x10003a14                dunpacks
 .text.__aeabi_lmul
                0x10003a50       0x32 CMakeFiles/turret.dir/_deps/pico_sdk-src/src/rp2_common/pico_int64_ops/pico_int64_ops_aeabi.S.o
                0x10003a50                __wrap___aeabi_lmul
 *fill*         0x10003a82        0x2 
 .text.__wrap___aeabi_farithmetic
                0x10003a84       0x48 CMakeFiles/turret.dir/_deps/pico_sdk-src/src/rp2_common/pico_float/float_aeabi_rp2040.S.o
                0x10003a84                __wrap___aeabi_frsub
                0x10003a8a                __wrap___aeabi_fsub
                0x10003a90                __wrap___aeabi_fadd
                0x10003a96                __wrap___aeabi_fdiv
                0x10003abe                __wrap___aeabi_fmul
 .text.__wrap___aeabi_cfcmple
                0x10003acc       0x50 CMakeFiles/turret.dir/_deps/pico_sdk-src/src/rp2_common/pico_float/float_aeabi_rp2040.S.o
                0x10003acc                __wrap___aeabi_cfrcmple
                0x10003ad8                __wrap___aeabi_cfcmpeq
                0x10003ad8                __wrap___aeabi_cfcmple
 .text.__wrap___aeabi_fcmple
                0x10003b1c       0x10 CMakeFiles/turret.dir/_deps/pico_sdk-src/src/rp2_common/pico_float/float_aeabi_rp2040.S.o
                0x10003b1c                __wrap___aeabi_fcmple
 .text.__wrap___aeabi_fcmpge
                0x10003b2c       0x10 CMakeFiles/turret.dir/_deps/pico_sdk-src/src/rp2_common/pico_float/float_aeabi_rp2040.S.o
                0x10003b2c                __wrap___aeabi_fcmpge
 .text.__wrap___aeabi_fcmpun
                0x10003b3c       0x18 CMakeFiles/turret.dir/_deps/pico_sdk-src/src/rp2_common/pico_float/float_aeabi_rp2040.S.o
                0x10003b3c                __wrap___aeabi_fcmpun
 .text.__wrap___aeabi_ui2f
                0x10003b54        0xa CMakeFiles/turret.dir/_deps/pico_sdk-src/src/rp2_common/pico_float/float_aeabi_rp2040.S.o
                0x10003b54                uint2float
                0x10003b54                __wrap___aeabi_ui2f
 *fill*         0x10003b5e        0x2 
 .text.__wrap___aeabi_i2f
                0x10003b60       0x44 CMakeFiles/turret.dir/_deps/pico_sdk-src/src/rp2_common/pico_float/float_aeabi_rp2040.S.o
                0x10003b60                int2float
                0x10003b60                __wrap___aeabi_i2f
 .text.__wrap___aeabi_f2uiz
                0x10003ba4        0xc CMakeFiles/turret.dir/_deps/pico_sdk-src/src/rp2_common/pico_float/float_aeabi_rp2040.S.o
                0x10003ba4                float2uint
                0x10003ba4                float2uint_z
                0x10003ba4                __wrap___aeabi_f2uiz
 .text.__wrap___aeabi_f2d
                0x10003bb0       0x14 CMakeFiles/turret.dir/_deps/pico_sdk-src/src/rp2_common/pico_float/float_aeabi_rp2040.S.o
                0x10003bb0                __wrap___aeabi_f2d
 .text.__aeabi_float_init
                0x10003bc4       0x64 CMakeFiles/turret.dir/_deps/pico_sdk-src/src/rp2_common/pico_float/float_init_rom_rp2040.c.o
                0x10003bc4                __aeabi_float_init
 .text.float_table_shim_on_use_helper
                0x10003c28       0x2c CMakeFiles/turret.dir/_deps/pico_sdk-src/src/rp2_common/pico_float/float_v1_rom_shim_rp2040.S.o
                0x10003c28                float_table_shim_on_use_helper
 .text.float2double_shim
                0x10003c54       0x30 CMakeFiles/turret.dir/_deps/pico_sdk-src/src/rp2_common/pico_float/float_v1_rom_shim_rp2040.S.o
                0x10003c54                float2double_shim
 .text          0x10003c84       0x10 CMakeFiles/turret.dir/_deps/pico_sdk-src/src/rp2_common/pico_mem_ops/mem_ops_aeabi.S.o
                0x10003c84                __aeabi_mem_init
 .text.memset   0x10003c94        0xc CMakeFiles/turret.dir/_deps/pico_sdk-src/src/rp2_common/pico_mem_ops/mem_ops_aeabi.S.o
                0x10003c94                __wrap_memset
 .text.memcpy   0x10003ca0        0xc CMakeFiles/turret.dir/_deps/pico_sdk-src/src/rp2_common/pico_mem_ops/mem_ops_aeabi.S.o
                0x10003ca0                __wrap___aeabi_memcpy
                0x10003ca0                __wrap_memcpy
 .text._out_buffer
                0x10003cac        0x8 CMakeFiles/turret.dir/_deps/pico_sdk-src/src/rp2_common/pico_printf/printf.c.o
 .text._out_null
                0x10003cb4        0x4 CMakeFiles/turret.dir/_deps/pico_sdk-src/src/rp2_common/pico_printf/printf.c.o
 .text._out_rev
                0x10003cb8       0xac CMakeFiles/turret.dir/_deps/pico_sdk-src/src/rp2_common/pico_printf/printf.c.o
 .text._ntoa_format
                0x10003d64      0x1cc CMakeFiles/turret.dir/_deps/pico_sdk-src/src/rp2_common/pico_printf/printf.c.o
 .text._out_char
                0x10003f30       0x10 CMakeFiles/turret.dir/_deps/pico_sdk-src/src/rp2_common/pico_printf/printf.c.o
 .text._out_fct
                0x10003f40       0x10 CMakeFiles/turret.dir/_deps/pico_sdk-src/src/rp2_common/pico_printf/printf.c.o
 .text._ftoa    0x10003f50      0x4a8 CMakeFiles/turret.dir/_deps/pico_sdk-src/src/rp2_common/pico_printf/printf.c.o
 .text._etoa    0x100043f8      0x57c CMakeFiles/turret.dir/_deps/pico_sdk-src/src/rp2_common/pico_printf/printf.c.o
 .text._vsnprintf
                0x10004974      0xbe0 CMakeFiles/turret.dir/_deps/pico_sdk-src/src/rp2_common/pico_printf/printf.c.o
 .text.__wrap_snprintf
                0x10005554       0x28 CMakeFiles/turret.dir/_deps/pico_sdk-src/src/rp2_common/pico_printf/printf.c.o
                0x10005554                __wrap_snprintf
 .text.vfctprintf
                0x1000557c       0x24 CMakeFiles/turret.dir/_deps/pico_sdk-src/src/rp2_common/pico_printf/printf.c.o
                0x1000557c                vfctprintf
 .text.weak_raw_printf
                0x100055a0       0x40 CMakeFiles/turret.dir/_deps/pico_sdk-src/src/rp2_common/pico_printf/printf.c.o
                0x100055a0                weak_raw_printf
 .text.weak_raw_vprintf
                0x100055e0       0x30 CMakeFiles/turret.dir/_deps/pico_sdk-src/src/rp2_common/pico_printf/printf.c.o
                0x100055e0                weak_raw_vprintf
 .text._exit    0x10005610        0x4 CMakeFiles/turret.dir/_deps/pico_sdk-src/src/rp2_common/pico_clib_interface/newlib_interface.c.o
                0x10005610                _exit
 .text._sbrk    0x10005614       0x34 CMakeFiles/turret.dir/_deps/pico_sdk-src/src/rp2_common/pico_clib_interface/newlib_interface.c.o
                0x10005614                _sbrk
 .text.exit     0x10005648        0x8 CMakeFiles/turret.dir/_deps/pico_sdk-src/src/rp2_common/pico_clib_interface/newlib_interface.c.o
                0x10005648                exit
 .text.__assert_func
                0x10005650       0x38 CMakeFiles/turret.dir/_deps/pico_sdk-src/src/rp2_common/pico_clib_interface/newlib_interface.c.o
                0x10005650                __assert_func
 .text.runtime_init
                0x10005688       0x2c CMakeFiles/turret.dir/_deps/pico_sdk-src/src/rp2_common/pico_clib_interface/newlib_interface.c.o
                0x10005688                runtime_init
 .text.stdio_out_chars_no_crlf
                0x100056b4       0x10 CMakeFiles/turret.dir/_deps/pico_sdk-src/src/rp2_common/pico_stdio/stdio.c.o
 .text.stdio_out_chars_crlf
                0x100056c4       0xb0 CMakeFiles/turret.dir/_deps/pico_sdk-src/src/rp2_common/pico_stdio/stdio.c.o
 .text.stdio_buffered_printer
                0x10005774       0x64 CMakeFiles/turret.dir/_deps/pico_sdk-src/src/rp2_common/pico_stdio/stdio.c.o
 .text.stdio_put_string
                0x100057d8       0xfc CMakeFiles/turret.dir/_deps/pico_sdk-src/src/rp2_common/pico_stdio/stdio.c.o
                0x100057d8                stdio_put_string
 .text.stdio_set_driver_enabled
                0x100058d4       0x30 CMakeFiles/turret.dir/_deps/pico_sdk-src/src/rp2_common/pico_stdio/stdio.c.o
                0x100058d4                stdio_set_driver_enabled
 .text.stdio_init_all
                0x10005904        0x8 CMakeFiles/turret.dir/_deps/pico_sdk-src/src/rp2_common/pico_stdio/stdio.c.o
                0x10005904                stdio_init_all
 .text.stdio_getchar_timeout_us
                0x1000590c       0x98 CMakeFiles/turret.dir/_deps/pico_sdk-src/src/rp2_common/pico_stdio/stdio.c.o
                0x1000590c                stdio_getchar_timeout_us
 .text.__wrap_putchar
                0x100059a4       0x94 CMakeFiles/turret.dir/_deps/pico_sdk-src/src/rp2_common/pico_stdio/stdio.c.o
                0x100059a4                stdio_putchar
                0x100059a4                __wrap_putchar
 .text.__wrap_puts
                0x10005a38       0x3c CMakeFiles/turret.dir/_deps/pico_sdk-src/src/rp2_common/pico_stdio/stdio.c.o
                0x10005a38                __wrap_puts
                0x10005a38                stdio_puts
 .text.__wrap_vprintf
                0x10005a74       0xcc CMakeFiles/turret.dir/_deps/pico_sdk-src/src/rp2_common/pico_stdio/stdio.c.o
                0x10005a74                __wrap_vprintf
                0x10005a74                stdio_vprintf
 .text.__wrap_printf
                0x10005b40       0x18 CMakeFiles/turret.dir/_deps/pico_sdk-src/src/rp2_common/pico_stdio/stdio.c.o
                0x10005b40                stdio_printf
                0x10005b40                __wrap_printf
 .text.resetd_init
                0x10005b58        0x4 CMakeFiles/turret.dir/_deps/pico_sdk-src/src/rp2_common/pico_stdio_usb/reset_interface.c.o
 .text.resetd_reset
                0x10005b5c        0xc CMakeFiles/turret.dir/_deps/pico_sdk-src/src/rp2_common/pico_stdio_usb/reset_interface.c.o
 .text.resetd_open
                0x10005b68       0x28 CMakeFiles/turret.dir/_deps/pico_sdk-src/src/rp2_common/pico_stdio_usb/reset_interface.c.o
 .text.resetd_xfer_cb
                0x10005b90        0x4 CMakeFiles/turret.dir/_deps/pico_sdk-src/src/rp2_common/pico_stdio_usb/reset_interface.c.o
 .text.resetd_control_xfer_cb
                0x10005b94       0x54 CMakeFiles/turret.dir/_deps/pico_sdk-src/src/rp2_common/pico_stdio_usb/reset_interface.c.o
 .text.tud_descriptor_bos_cb
                0x10005be8        0x8 CMakeFiles/turret.dir/_deps/pico_sdk-src/src/rp2_common/pico_stdio_usb/reset_interface.c.o
                0x10005be8                tud_descriptor_bos_cb
 .text.tud_vendor_control_xfer_cb
                0x10005bf0       0x34 CMakeFiles/turret.dir/_deps/pico_sdk-src/src/rp2_common/pico_stdio_usb/reset_interface.c.o
                0x10005bf0                tud_vendor_control_xfer_cb
 .text.usbd_app_driver_get_cb
                0x10005c24        0xc CMakeFiles/turret.dir/_deps/pico_sdk-src/src/rp2_common/pico_stdio_usb/reset_interface.c.o
                0x10005c24                usbd_app_driver_get_cb
 .text.tud_cdc_line_coding_cb
                0x10005c30       0x2c CMakeFiles/turret.dir/_deps/pico_sdk-src/src/rp2_common/pico_stdio_usb/reset_interface.c.o
                0x10005c30                tud_cdc_line_coding_cb
 .text.stdio_usb_set_chars_available_callback
                0x10005c5c       0x14 CMakeFiles/turret.dir/_deps/pico_sdk-src/src/rp2_common/pico_stdio_usb/stdio_usb.c.o
                0x10005c5c                stdio_usb_set_chars_available_callback
 .text.usb_irq  0x10005c70       0x10 CMakeFiles/turret.dir/_deps/pico_sdk-src/src/rp2_common/pico_stdio_usb/stdio_usb.c.o
 .text.timer_task
                0x10005c80       0x64 CMakeFiles/turret.dir/_deps/pico_sdk-src/src/rp2_common/pico_stdio_usb/stdio_usb.c.o
 .text.stdio_usb_in_chars
                0x10005ce4       0x8c CMakeFiles/turret.dir/_deps/pico_sdk-src/src/rp2_common/pico_stdio_usb/stdio_usb.c.o
                0x10005ce4                stdio_usb_in_chars
 .text.stdio_usb_out_flush
                0x10005d70       0x4c CMakeFiles/turret.dir/_deps/pico_sdk-src/src/rp2_common/pico_stdio_usb/stdio_usb.c.o
 .text.stdio_usb_out_chars
                0x10005dbc      0x100 CMakeFiles/turret.dir/_deps/pico_sdk-src/src/rp2_common/pico_stdio_usb/stdio_usb.c.o
 .text.low_priority_worker_irq
                0x10005ebc       0xc8 CMakeFiles/turret.dir/_deps/pico_sdk-src/src/rp2_common/pico_stdio_usb/stdio_usb.c.o
 .text.stdio_usb_init
                0x10005f84       0xe8 CMakeFiles/turret.dir/_deps/pico_sdk-src/src/rp2_common/pico_stdio_usb/stdio_usb.c.o
                0x10005f84                stdio_usb_init
 .text.stdio_usb_connected
                0x1000606c        0xc CMakeFiles/turret.dir/_deps/pico_sdk-src/src/rp2_common/pico_stdio_usb/stdio_usb.c.o
                0x1000606c                stdio_usb_connected
 .text.tud_descriptor_device_cb
                0x10006078        0x8 CMakeFiles/turret.dir/_deps/pico_sdk-src/src/rp2_common/pico_stdio_usb/stdio_usb_descriptors.c.o
                0x10006078                tud_descriptor_device_cb
 .text.tud_descriptor_configuration_cb
                0x10006080        0x8 CMakeFiles/turret.dir/_deps/pico_sdk-src/src/rp2_common/pico_stdio_usb/stdio_usb_descriptors.c.o
                0x10006080                tud_descriptor_configuration_cb
 .text.tud_descriptor_string_cb
                0x10006088       0x78 CMakeFiles/turret.dir/_deps/pico_sdk-src/src/rp2_common/pico_stdio_usb/stdio_usb_descriptors.c.o
                0x10006088                tud_descriptor_string_cb
 .text.startup._retrieve_unique_id_on_boot
                0x10006100       0x10 CMakeFiles/turret.dir/_deps/pico_sdk-src/src/rp2_common/pico_unique_id/unique_id.c.o
 .text.pico_get_unique_board_id_string
                0x10006110      0x1a8 CMakeFiles/turret.dir/_deps/pico_sdk-src/src/rp2_common/pico_unique_id/unique_id.c.o
                0x10006110                pico_get_unique_board_id_string
 .text.flash_get_unique_id
                0x100062b8       0x3c CMakeFiles/turret.dir/_deps/pico_sdk-src/src/rp2_common/hardware_flash/flash.c.o
                0x100062b8                flash_get_unique_id
 .text.dcd_init
                0x100062f4       0x90 CMakeFiles/turret.dir/_deps/pico_sdk-src/lib/tinyusb/src/portable/raspberrypi/rp2040/dcd_rp2040.c.o
                0x100062f4                dcd_init
 .text.dcd_int_enable
                0x10006384        0xc CMakeFiles/turret.dir/_deps/pico_sdk-src/lib/tinyusb/src/portable/raspberrypi/rp2040/dcd_rp2040.c.o
                0x10006384                dcd_int_enable
 .text.dcd_set_address
                0x10006390       0x14 CMakeFiles/turret.dir/_deps/pico_sdk-src/lib/tinyusb/src/portable/raspberrypi/rp2040/dcd_rp2040.c.o
                0x10006390                dcd_set_address
 .text.dcd_sof_enable
                0x100063a4       0x1c CMakeFiles/turret.dir/_deps/pico_sdk-src/lib/tinyusb/src/portable/raspberrypi/rp2040/dcd_rp2040.c.o
                0x100063a4                dcd_sof_enable
 .text.dcd_edpt0_status_complete
                0x100063c0       0x1c CMakeFiles/turret.dir/_deps/pico_sdk-src/lib/tinyusb/src/portable/raspberrypi/rp2040/dcd_rp2040.c.o
                0x100063c0                dcd_edpt0_status_complete
 .text.dcd_edpt_open
                0x100063dc      0x114 CMakeFiles/turret.dir/_deps/pico_sdk-src/lib/tinyusb/src/portable/raspberrypi/rp2040/dcd_rp2040.c.o
                0x100063dc                dcd_edpt_open
 .text.dcd_edpt_close_all
                0x100064f0        0x8 CMakeFiles/turret.dir/_deps/pico_sdk-src/lib/tinyusb/src/portable/raspberrypi/rp2040/dcd_rp2040.c.o
                0x100064f0                dcd_edpt_close_all
 .text.dcd_edpt_xfer
                0x100064f8       0x24 CMakeFiles/turret.dir/_deps/pico_sdk-src/lib/tinyusb/src/portable/raspberrypi/rp2040/dcd_rp2040.c.o
                0x100064f8                dcd_edpt_xfer
 .text.dcd_edpt_stall
                0x1000651c       0x3c CMakeFiles/turret.dir/_deps/pico_sdk-src/lib/tinyusb/src/portable/raspberrypi/rp2040/dcd_rp2040.c.o
                0x1000651c                dcd_edpt_stall
 .text.dcd_edpt_clear_stall
                0x10006558       0x30 CMakeFiles/turret.dir/_deps/pico_sdk-src/lib/tinyusb/src/portable/raspberrypi/rp2040/dcd_rp2040.c.o
                0x10006558                dcd_edpt_clear_stall
 .text.rp2040_usb_init
                0x10006588       0x40 CMakeFiles/turret.dir/_deps/pico_sdk-src/lib/tinyusb/src/portable/raspberrypi/rp2040/rp2040_usb.c.o
                0x10006588                rp2040_usb_init
 .text.hw_endpoint_xfer_start
                0x100065c8       0x40 CMakeFiles/turret.dir/_deps/pico_sdk-src/lib/tinyusb/src/portable/raspberrypi/rp2040/rp2040_usb.c.o
                0x100065c8                hw_endpoint_xfer_start
 .text.tud_event_hook_cb
                0x10006608        0x4 CMakeFiles/turret.dir/_deps/pico_sdk-src/lib/tinyusb/src/device/usbd.c.o
                0x10006608                tud_event_hook_cb
 .text.tud_sof_cb
                0x1000660c        0x4 CMakeFiles/turret.dir/_deps/pico_sdk-src/lib/tinyusb/src/device/usbd.c.o
                0x1000660c                tud_sof_cb
 .text.tud_descriptor_device_qualifier_cb
                0x10006610        0x4 CMakeFiles/turret.dir/_deps/pico_sdk-src/lib/tinyusb/src/device/usbd.c.o
                0x10006610                tud_descriptor_device_qualifier_cb
 .text.tud_descriptor_other_speed_configuration_cb
                0x10006614        0x4 CMakeFiles/turret.dir/_deps/pico_sdk-src/lib/tinyusb/src/device/usbd.c.o
                0x10006614                tud_descriptor_other_speed_configuration_cb
 .text.tud_mount_cb
                0x10006618        0x4 CMakeFiles/turret.dir/_deps/pico_sdk-src/lib/tinyusb/src/device/usbd.c.o
                0x10006618                tud_mount_cb
 .text.tud_umount_cb
                0x1000661c        0x4 CMakeFiles/turret.dir/_deps/pico_sdk-src/lib/tinyusb/src/device/usbd.c.o
                0x1000661c                tud_umount_cb
 .text.tud_suspend_cb
                0x10006620        0x4 CMakeFiles/turret.dir/_deps/pico_sdk-src/lib/tinyusb/src/device/usbd.c.o
                0x10006620                tud_suspend_cb
 .text.tud_resume_cb
                0x10006624        0x4 CMakeFiles/turret.dir/_deps/pico_sdk-src/lib/tinyusb/src/device/usbd.c.o
                0x10006624                tud_resume_cb
 .text.tud_mounted
                0x10006628       0x10 CMakeFiles/turret.dir/_deps/pico_sdk-src/lib/tinyusb/src/device/usbd.c.o
                0x10006628                tud_mounted
 .text.tud_suspended
                0x10006638       0x10 CMakeFiles/turret.dir/_deps/pico_sdk-src/lib/tinyusb/src/device/usbd.c.o
                0x10006638                tud_suspended
 .text.tud_rhport_init
                0x10006648       0xf4 CMakeFiles/turret.dir/_deps/pico_sdk-src/lib/tinyusb/src/device/usbd.c.o
                0x10006648                tud_rhport_init
 .text.tud_task_ext
                0x1000673c      0x800 CMakeFiles/turret.dir/_deps/pico_sdk-src/lib/tinyusb/src/device/usbd.c.o
                0x1000673c                tud_task_ext
 .text.usbd_open_edpt_pair
                0x10006f3c       0x9c CMakeFiles/turret.dir/_deps/pico_sdk-src/lib/tinyusb/src/device/usbd.c.o
                0x10006f3c                usbd_open_edpt_pair
 .text.usbd_edpt_open
                0x10006fd8       0x34 CMakeFiles/turret.dir/_deps/pico_sdk-src/lib/tinyusb/src/device/usbd.c.o
                0x10006fd8                usbd_edpt_open
 .text.usbd_edpt_claim
                0x1000700c       0x28 CMakeFiles/turret.dir/_deps/pico_sdk-src/lib/tinyusb/src/device/usbd.c.o
                0x1000700c                usbd_edpt_claim
 .text.usbd_edpt_release
                0x10007034       0x28 CMakeFiles/turret.dir/_deps/pico_sdk-src/lib/tinyusb/src/device/usbd.c.o
                0x10007034                usbd_edpt_release
 .text.usbd_edpt_xfer
                0x1000705c       0x4c CMakeFiles/turret.dir/_deps/pico_sdk-src/lib/tinyusb/src/device/usbd.c.o
                0x1000705c                usbd_edpt_xfer
 .text.tud_control_status
                0x100070a8       0x2c CMakeFiles/turret.dir/_deps/pico_sdk-src/lib/tinyusb/src/device/usbd_control.c.o
                0x100070a8                tud_control_status
 .text.tud_control_xfer
                0x100070d4       0xa8 CMakeFiles/turret.dir/_deps/pico_sdk-src/lib/tinyusb/src/device/usbd_control.c.o
                0x100070d4                tud_control_xfer
 .text.usbd_control_reset
                0x1000717c       0x14 CMakeFiles/turret.dir/_deps/pico_sdk-src/lib/tinyusb/src/device/usbd_control.c.o
                0x1000717c                usbd_control_reset
 .text.usbd_control_set_complete_callback
                0x10007190        0xc CMakeFiles/turret.dir/_deps/pico_sdk-src/lib/tinyusb/src/device/usbd_control.c.o
                0x10007190                usbd_control_set_complete_callback
 .text.usbd_control_set_request
                0x1000719c       0x1c CMakeFiles/turret.dir/_deps/pico_sdk-src/lib/tinyusb/src/device/usbd_control.c.o
                0x1000719c                usbd_control_set_request
 .text.usbd_control_xfer_cb
                0x100071b8       0xec CMakeFiles/turret.dir/_deps/pico_sdk-src/lib/tinyusb/src/device/usbd_control.c.o
                0x100071b8                usbd_control_xfer_cb
 .text._prep_out_transaction.isra.0
                0x100072a4       0x6c CMakeFiles/turret.dir/_deps/pico_sdk-src/lib/tinyusb/src/class/cdc/cdc_device.c.o
 .text.tud_cdc_n_connected
                0x10007310       0x2c CMakeFiles/turret.dir/_deps/pico_sdk-src/lib/tinyusb/src/class/cdc/cdc_device.c.o
                0x10007310                tud_cdc_n_connected
 .text.tud_cdc_n_available
                0x1000733c       0x14 CMakeFiles/turret.dir/_deps/pico_sdk-src/lib/tinyusb/src/class/cdc/cdc_device.c.o
                0x1000733c                tud_cdc_n_available
 .text.tud_cdc_n_read
                0x10007350       0x88 CMakeFiles/turret.dir/_deps/pico_sdk-src/lib/tinyusb/src/class/cdc/cdc_device.c.o
                0x10007350                tud_cdc_n_read
 .text.tud_cdc_n_write_flush
                0x100073d8       0x74 CMakeFiles/turret.dir/_deps/pico_sdk-src/lib/tinyusb/src/class/cdc/cdc_device.c.o
                0x100073d8                tud_cdc_n_write_flush
 .text.tud_cdc_n_write
                0x1000744c       0x40 CMakeFiles/turret.dir/_deps/pico_sdk-src/lib/tinyusb/src/class/cdc/cdc_device.c.o
                0x1000744c                tud_cdc_n_write
 .text.tud_cdc_n_write_available
                0x1000748c       0x14 CMakeFiles/turret.dir/_deps/pico_sdk-src/lib/tinyusb/src/class/cdc/cdc_device.c.o
                0x1000748c                tud_cdc_n_write_available
 .text.cdcd_init
                0x100074a0       0x70 CMakeFiles/turret.dir/_deps/pico_sdk-src/lib/tinyusb/src/class/cdc/cdc_device.c.o
                0x100074a0                cdcd_init
 .text.cdcd_deinit
                0x10007510       0x30 CMakeFiles/turret.dir/_deps/pico_sdk-src/lib/tinyusb/src/class/cdc/cdc_device.c.o
                0x10007510                cdcd_deinit
 .text.cdcd_reset
                0x10007540       0x4c CMakeFiles/turret.dir/_deps/pico_sdk-src/lib/tinyusb/src/class/cdc/cdc_device.c.o
                0x10007540                cdcd_reset
 .text.cdcd_open
                0x1000758c       0xa4 CMakeFiles/turret.dir/_deps/pico_sdk-src/lib/tinyusb/src/class/cdc/cdc_device.c.o
                0x1000758c                cdcd_open
 .text.cdcd_control_xfer_cb
                0x10007630       0xe8 CMakeFiles/turret.dir/_deps/pico_sdk-src/lib/tinyusb/src/class/cdc/cdc_device.c.o
                0x10007630                cdcd_control_xfer_cb
 .text.cdcd_xfer_cb
                0x10007718      0x100 CMakeFiles/turret.dir/_deps/pico_sdk-src/lib/tinyusb/src/class/cdc/cdc_device.c.o
                0x10007718                cdcd_xfer_cb
 .text.vendord_init
                0x10007818       0x5c CMakeFiles/turret.dir/_deps/pico_sdk-src/lib/tinyusb/src/class/vendor/vendor_device.c.o
                0x10007818                vendord_init
 .text.vendord_deinit
                0x10007874       0x1c CMakeFiles/turret.dir/_deps/pico_sdk-src/lib/tinyusb/src/class/vendor/vendor_device.c.o
                0x10007874                vendord_deinit
 .text.vendord_reset
                0x10007890       0x28 CMakeFiles/turret.dir/_deps/pico_sdk-src/lib/tinyusb/src/class/vendor/vendor_device.c.o
                0x10007890                vendord_reset
 .text.vendord_open
                0x100078b8      0x120 CMakeFiles/turret.dir/_deps/pico_sdk-src/lib/tinyusb/src/class/vendor/vendor_device.c.o
                0x100078b8                vendord_open
 .text.vendord_xfer_cb
                0x100079d8       0x9c CMakeFiles/turret.dir/_deps/pico_sdk-src/lib/tinyusb/src/class/vendor/vendor_device.c.o
                0x100079d8                vendord_xfer_cb
 .text.tusb_rhport_init
                0x10007a74       0x4c CMakeFiles/turret.dir/_deps/pico_sdk-src/lib/tinyusb/src/tusb.c.o
                0x10007a74                tusb_rhport_init
 .text.tu_edpt_claim
                0x10007ac0       0x50 CMakeFiles/turret.dir/_deps/pico_sdk-src/lib/tinyusb/src/tusb.c.o
                0x10007ac0                tu_edpt_claim
 .text.tu_edpt_release
                0x10007b10       0x38 CMakeFiles/turret.dir/_deps/pico_sdk-src/lib/tinyusb/src/tusb.c.o
                0x10007b10                tu_edpt_release
 .text.tu_edpt_validate
                0x10007b48       0x7c CMakeFiles/turret.dir/_deps/pico_sdk-src/lib/tinyusb/src/tusb.c.o
                0x10007b48                tu_edpt_validate
 .text.tu_edpt_bind_driver
                0x10007bc4       0x34 CMakeFiles/turret.dir/_deps/pico_sdk-src/lib/tinyusb/src/tusb.c.o
                0x10007bc4                tu_edpt_bind_driver
 .text.tu_edpt_stream_init
                0x10007bf8       0x6c CMakeFiles/turret.dir/_deps/pico_sdk-src/lib/tinyusb/src/tusb.c.o
                0x10007bf8                tu_edpt_stream_init
 .text.tu_edpt_stream_deinit
                0x10007c64        0x4 CMakeFiles/turret.dir/_deps/pico_sdk-src/lib/tinyusb/src/tusb.c.o
                0x10007c64                tu_edpt_stream_deinit
 .text.tu_edpt_stream_write_zlp_if_needed
                0x10007c68       0x68 CMakeFiles/turret.dir/_deps/pico_sdk-src/lib/tinyusb/src/tusb.c.o
                0x10007c68                tu_edpt_stream_write_zlp_if_needed
 .text.tu_edpt_stream_write_xfer
                0x10007cd0       0x68 CMakeFiles/turret.dir/_deps/pico_sdk-src/lib/tinyusb/src/tusb.c.o
                0x10007cd0                tu_edpt_stream_write_xfer
 .text.tu_edpt_stream_read_xfer
                0x10007d38       0xd8 CMakeFiles/turret.dir/_deps/pico_sdk-src/lib/tinyusb/src/tusb.c.o
                0x10007d38                tu_edpt_stream_read_xfer
 .text.tu_fifo_config
                0x10007e10       0x6c CMakeFiles/turret.dir/_deps/pico_sdk-src/lib/tinyusb/src/common/tusb_fifo.c.o
                0x10007e10                tu_fifo_config
 .text.tu_fifo_count
                0x10007e7c       0x2c CMakeFiles/turret.dir/_deps/pico_sdk-src/lib/tinyusb/src/common/tusb_fifo.c.o
                0x10007e7c                tu_fifo_count
 .text.tu_fifo_empty
                0x10007ea8       0x10 CMakeFiles/turret.dir/_deps/pico_sdk-src/lib/tinyusb/src/common/tusb_fifo.c.o
                0x10007ea8                tu_fifo_empty
 .text.tu_fifo_remaining
                0x10007eb8       0x2c CMakeFiles/turret.dir/_deps/pico_sdk-src/lib/tinyusb/src/common/tusb_fifo.c.o
                0x10007eb8                tu_fifo_remaining
 .text.tu_fifo_read
                0x10007ee4       0x9c CMakeFiles/turret.dir/_deps/pico_sdk-src/lib/tinyusb/src/common/tusb_fifo.c.o
                0x10007ee4                tu_fifo_read
 .text.tu_fifo_read_n
                0x10007f80       0xe8 CMakeFiles/turret.dir/_deps/pico_sdk-src/lib/tinyusb/src/common/tusb_fifo.c.o
                0x10007f80                tu_fifo_read_n
 .text.tu_fifo_write
                0x10008068       0xa4 CMakeFiles/turret.dir/_deps/pico_sdk-src/lib/tinyusb/src/common/tusb_fifo.c.o
                0x10008068                tu_fifo_write
 .text.tu_fifo_write_n
                0x1000810c      0x178 CMakeFiles/turret.dir/_deps/pico_sdk-src/lib/tinyusb/src/common/tusb_fifo.c.o
                0x1000810c                tu_fifo_write_n
 .text.tu_fifo_clear
                0x10008284       0x40 CMakeFiles/turret.dir/_deps/pico_sdk-src/lib/tinyusb/src/common/tusb_fifo.c.o
                0x10008284                tu_fifo_clear
 .text.tu_fifo_set_overwritable
                0x100082c4       0x48 CMakeFiles/turret.dir/_deps/pico_sdk-src/lib/tinyusb/src/common/tusb_fifo.c.o
                0x100082c4                tu_fifo_set_overwritable
 .text.pio_add_program
                0x1000830c       0xf8 CMakeFiles/turret.dir/_deps/pico_sdk-src/src/rp2_common/hardware_pio/pio.c.o
                0x1000830c                pio_add_program
 .text.pio_sm_set_consecutive_pindirs
                0x10008404       0xb4 CMakeFiles/turret.dir/_deps/pico_sdk-src/src/rp2_common/hardware_pio/pio.c.o
                0x10008404                pio_sm_set_consecutive_pindirs
 .text.pio_sm_init
                0x100084b8       0x9c CMakeFiles/turret.dir/_deps/pico_sdk-src/src/rp2_common/hardware_pio/pio.c.o
                0x100084b8                pio_sm_init
 .text          0x10008554       0x5c /usr/lib/gcc/arm-none-eabi/14.2.1/../../../arm-none-eabi/lib/thumb/v6-m/nofp/libg.a(libc_a-strlen-stub.o)
                0x10008554                strlen
 .text          0x100085b0     0x10b8 /usr/lib/gcc/arm-none-eabi/14.2.1/../../../arm-none-eabi/lib/thumb/v6-m/nofp/libg.a(libc_a-strtod.o)
                0x100085e0                _strtod_l
                0x10009498                _strtod_r
                0x100094a8                strtod_l
                0x100094c0                strtod
                0x100094dc                strtof_l
                0x10009594                strtof
 .text          0x10009668      0x658 /usr/lib/gcc/arm-none-eabi/14.2.1/../../../arm-none-eabi/lib/thumb/v6-m/nofp/libg.a(libc_a-gdtoa-gethex.o)
                0x10009718                __gethex
 .text          0x10009cc0      0x17c /usr/lib/gcc/arm-none-eabi/14.2.1/../../../arm-none-eabi/lib/thumb/v6-m/nofp/libg.a(libc_a-strtoul.o)
                0x10009e04                _strtoul_r
                0x10009e0c                strtoul_l
                0x10009e24                strtoul
 .text          0x10009e3c       0x44 /usr/lib/gcc/arm-none-eabi/14.2.1/../../../arm-none-eabi/lib/thumb/v6-m/nofp/libg.a(libc_a-mbtowc_r.o)
                0x10009e3c                _mbtowc_r
                0x10009e54                __ascii_mbtowc
 .text          0x10009e80       0x28 /usr/lib/gcc/arm-none-eabi/14.2.1/../../../arm-none-eabi/lib/thumb/v6-m/nofp/libg.a(libc_a-fini.o)
                0x10009e80                __libc_fini_array
 .text          0x10009ea8       0x74 /usr/lib/gcc/arm-none-eabi/14.2.1/../../../arm-none-eabi/lib/thumb/v6-m/nofp/libg.a(libc_a-strncmp.o)
                0x10009ea8                strncmp
 .text          0x10009f1c       0xa8 /usr/lib/gcc/arm-none-eabi/14.2.1/../../../arm-none-eabi/lib/thumb/v6-m/nofp/libg.a(libc_a-callocr.o)
                0x10009f1c                _calloc_r
 .text          0x10009fc4      0x5b0 /usr/lib/gcc/arm-none-eabi/14.2.1/../../../arm-none-eabi/lib/thumb/v6-m/nofp/libg.a(libc_a-mallocr.o)
                0x10009fc4                _malloc_r
 .text          0x1000a574      0x288 /usr/lib/gcc/arm-none-eabi/14.2.1/../../../arm-none-eabi/lib/thumb/v6-m/nofp/libg.a(libc_a-freer.o)
                0x1000a574                _malloc_trim_r
                0x1000a628                _free_r
 .text          0x1000a7fc       0x18 /usr/lib/gcc/arm-none-eabi/14.2.1/../../../arm-none-eabi/lib/thumb/v6-m/nofp/libg.a(libc_a-atoi.o)
                0x1000a7fc                atoi
                0x1000a808                _atoi_r
 .text          0x1000a814      0x190 /usr/lib/gcc/arm-none-eabi/14.2.1/../../../arm-none-eabi/lib/thumb/v6-m/nofp/libg.a(libc_a-strtol.o)
                0x1000a96c                _strtol_r
                0x1000a974                strtol_l
                0x1000a98c                strtol
 .text          0x1000a9a4       0x2c /usr/lib/gcc/arm-none-eabi/14.2.1/../../../arm-none-eabi/lib/thumb/v6-m/nofp/libg.a(libc_a-wctomb_r.o)
                0x1000a9a4                _wctomb_r
                0x1000a9b4                __ascii_wctomb
 .text          0x1000a9d0        0xc /usr/lib/gcc/arm-none-eabi/14.2.1/../../../arm-none-eabi/lib/thumb/v6-m/nofp/libg.a(libc_a-errno.o)
                0x1000a9d0                __errno
 .text          0x1000a9dc        0x8 /usr/lib/gcc/arm-none-eabi/14.2.1/../../../arm-none-eabi/lib/thumb/v6-m/nofp/libg.a(libc_a-mlock.o)
                0x1000a9dc                __malloc_lock
                0x1000a9e0                __malloc_unlock
 .text          0x1000a9e4       0x24 /usr/lib/gcc/arm-none-eabi/14.2.1/../../../arm-none-eabi/lib/thumb/v6-m/nofp/libg.a(libc_a-sbrkr.o)
                0x1000a9e4                _sbrk_r
 .text          0x1000aa08       0x10 /usr/lib/gcc/arm-none-eabi/14.2.1/../../../arm-none-eabi/lib/thumb/v6-m/nofp/libg.a(libc_a-atexit.o)
                0x1000aa08                atexit
 .text          0x1000aa18       0x88 /usr/lib/gcc/arm-none-eabi/14.2.1/../../../arm-none-eabi/lib/thumb/v6-m/nofp/libg.a(libc_a-strcmp.o)
                0x1000aa18                strcmp
 .text          0x1000aaa0      0x230 /usr/lib/gcc/arm-none-eabi/14.2.1/../../../arm-none-eabi/lib/thumb/v6-m/nofp/libg.a(libc_a-gdtoa-hexnan.o)
                0x1000aaa0                __match
                0x1000aacc                __hexnan
 .text          0x1000acd0        0xc /usr/lib/gcc/arm-none-eabi/14.2.1/../../../arm-none-eabi/lib/thumb/v6-m/nofp/libg.a(libm_a-s_nan.o)
                0x1000acd0                nan
 .text          0x1000acdc        0x8 /usr/lib/gcc/arm-none-eabi/14.2.1/../../../arm-none-eabi/lib/thumb/v6-m/nofp/libg.a(libm_a-sf_nan.o)
                0x1000acdc                nanf
 .text          0x1000ace4      0xb18 /usr/lib/gcc/arm-none-eabi/14.2.1/../../../arm-none-eabi/lib/thumb/v6-m/nofp/libg.a(libc_a-mprec.o)
                0x1000ace4                _Balloc
                0x1000ad34                _Bfree
                0x1000ad48                __multadd
                0x1000adf0                __s2b
                0x1000aea0                __hi0bits
                0x1000aeec                __lo0bits
                0x1000af48                __i2b
                0x1000afa8                __multiply
                0x1000b154                __pow5mult
                0x1000b224                __lshift
                0x1000b320                __mcmp
                0x1000b35c                __mdiff
                0x1000b510                __ulp
                0x1000b550                __b2d
                0x1000b608                __d2b
                0x1000b6d4                __ratio
                0x1000b73c                _mprec_log10
                0x1000b770                __copybits
                0x1000b7b0                __any_on
 .text          0x1000b7fc       0x1c /usr/lib/gcc/arm-none-eabi/14.2.1/../../../arm-none-eabi/lib/thumb/v6-m/nofp/libg.a(libc_a-sysconf.o)
                0x1000b7fc                sysconf
 .text          0x1000b818       0x78 /usr/lib/gcc/arm-none-eabi/14.2.1/../../../arm-none-eabi/lib/thumb/v6-m/nofp/libg.a(libc_a-__atexit.o)
                0x1000b818                __register_exitproc
 .text.startup  0x1000b890       0x18 /usr/lib/gcc/arm-none-eabi/14.2.1/../../../arm-none-eabi/lib/thumb/v6-m/nofp/libg.a(libc_a-__call_atexit.o)
 *(.fini)
 .fini          0x1000b8a8        0x4 /usr/lib/gcc/arm-none-eabi/14.2.1/thumb/v6-m/nofp/crti.o
                0x1000b8a8                _fini
 *fill*         0x1000b8ac        0x4 
 .fini.__stub   0x1000b8b0       0xc0 linker stubs
 *crtbegin.o(.ctors)
 *crtbegin?.o(.ctors)
 *(EXCLUDE_FILE(*crtend.o *crtend?.o) .ctors)
 *(SORT_BY_NAME(.ctors.*))
 *(.ctors)
 *crtbegin.o(.dtors)
 *crtbegin?.o(.dtors)
 *(EXCLUDE_FILE(*crtend.o *crtend?.o) .dtors)
 *(SORT_BY_NAME(.dtors.*))
 *(.dtors)
                0x1000b970                        . = ALIGN (0x4)
                0x1000b970                        PROVIDE (__preinit_array_start = .)
 *(SORT_BY_NAME(.preinit_array.*))
 .preinit_array.00100
                0x1000b970        0x4 CMakeFiles/turret.dir/_deps/pico_sdk-src/src/rp2_common/pico_runtime_init/runtime_init.c.o
                0x1000b970                __pre_init_runtime_init_early_resets
 .preinit_array.00101
                0x1000b974        0x4 CMakeFiles/turret.dir/_deps/pico_sdk-src/src/rp2_common/pico_runtime_init/runtime_init.c.o
                0x1000b974                __pre_init_runtime_init_usb_power_down
 .preinit_array.00275
                0x1000b978        0x4 CMakeFiles/turret.dir/_deps/pico_sdk-src/src/rp2_common/pico_bit_ops/bit_ops_aeabi.S.o
 .preinit_array.00300
                0x1000b97c        0x4 CMakeFiles/turret.dir/_deps/pico_sdk-src/src/rp2_common/pico_mem_ops/mem_ops_aeabi.S.o
 .preinit_array.00350
                0x1000b980        0x4 CMakeFiles/turret.dir/_deps/pico_sdk-src/src/rp2_common/pico_double/double_aeabi_rp2040.S.o
 .preinit_array.00350
                0x1000b984        0x4 CMakeFiles/turret.dir/_deps/pico_sdk-src/src/rp2_common/pico_float/float_aeabi_rp2040.S.o
 .preinit_array.00500
                0x1000b988        0x4 CMakeFiles/turret.dir/_deps/pico_sdk-src/src/rp2_common/pico_runtime_init/runtime_init.c.o
                0x1000b988                __pre_init_runtime_init_clocks
 .preinit_array.00600
                0x1000b98c        0x4 CMakeFiles/turret.dir/_deps/pico_sdk-src/src/rp2_common/pico_runtime_init/runtime_init.c.o
                0x1000b98c                __pre_init_runtime_init_post_clock_resets
 .preinit_array.00700
                0x1000b990        0x4 CMakeFiles/turret.dir/_deps/pico_sdk-src/src/rp2_common/pico_runtime_init/runtime_init.c.o
                0x1000b990                __pre_init_runtime_init_rp2040_gpio_ie_disable
 .preinit_array.01000
                0x1000b994        0x4 CMakeFiles/turret.dir/_deps/pico_sdk-src/src/rp2_common/pico_runtime_init/runtime_init.c.o
                0x1000b994                __pre_init_runtime_init_spin_locks_reset
 .preinit_array.01100
                0x1000b998        0x4 CMakeFiles/turret.dir/_deps/pico_sdk-src/src/common/pico_sync/mutex.c.o
                0x1000b998                __pre_init_runtime_init_mutex
 .preinit_array.10080
                0x1000b99c        0x4 CMakeFiles/turret.dir/_deps/pico_sdk-src/src/rp2_common/pico_runtime_init/runtime_init.c.o
                0x1000b99c                __pre_init_runtime_init_install_ram_vector_table
 .preinit_array.11000
                0x1000b9a0        0x4 CMakeFiles/turret.dir/_deps/pico_sdk-src/src/common/pico_time/time.c.o
                0x1000b9a0                __pre_init_runtime_init_default_alarm_pool
 .preinit_array.YYYYY
                0x1000b9a4        0x4 CMakeFiles/turret.dir/_deps/pico_sdk-src/src/rp2_common/pico_runtime/runtime.c.o
                0x1000b9a4                __pre_init_first_per_core_initializer
 .preinit_array.ZZZZZ.01200
                0x1000b9a8        0x4 CMakeFiles/turret.dir/_deps/pico_sdk-src/src/rp2_common/hardware_irq/irq.c.o
                0x1000b9a8                __pre_init_runtime_init_per_core_irq_priorities
 *(.preinit_array)
                0x1000b9ac                        PROVIDE (__preinit_array_end = .)
                0x1000b9ac                        . = ALIGN (0x4)
                0x1000b9ac                        PROVIDE (__init_array_start = .)
 *(SORT_BY_NAME(.init_array.*))
 .init_array.00000
                0x1000b9ac        0x4 /usr/lib/gcc/arm-none-eabi/14.2.1/../../../arm-none-eabi/lib/thumb/v6-m/nofp/libg.a(libc_a-__call_atexit.o)
 *(.init_array)
 .init_array    0x1000b9b0        0x4 /usr/lib/gcc/arm-none-eabi/14.2.1/thumb/v6-m/nofp/crtbegin.o
 .init_array    0x1000b9b4        0x4 CMakeFiles/turret.dir/_deps/pico_sdk-src/src/rp2_common/pico_unique_id/unique_id.c.o
                0x1000b9b8                        PROVIDE (__init_array_end = .)
                0x1000b9b8                        . = ALIGN (0x4)
                0x1000b9b8                        PROVIDE (__fini_array_start = .)
 *(SORT_BY_NAME(.fini_array.*))
 *(.fini_array)
                0x1000b9b8                        PROVIDE (__fini_array_end = .)
 *(.eh_frame*)
 .eh_frame      0x1000b9b8        0x0 /usr/lib/gcc/arm-none-eabi/14.2.1/thumb/v6-m/nofp/crtbegin.o
                0x1000b9b8                        . = ALIGN (0x4)

.glue_7         0x1000b9b8        0x0
 .glue_7        0x1000b9b8        0x0 linker stubs

.glue_7t        0x1000b9b8        0x0
 .glue_7t       0x1000b9b8        0x0 linker stubs

.vfp11_veneer   0x1000b9b8        0x0
 .vfp11_veneer  0x1000b9b8        0x0 linker stubs

.v4_bx          0x1000b9b8        0x0
 .v4_bx         0x1000b9b8        0x0 linker stubs

.iplt           0x1000b9b8        0x0
 .iplt          0x1000b9b8        0x0 /usr/lib/gcc/arm-none-eabi/14.2.1/thumb/v6-m/nofp/crtbegin.o

.rodata         0x1000b9b8      0xcd0
 *(EXCLUDE_FILE(*libm.a: *libc.a:*lib_a-mem*.o *libgcc.a:) .rodata*)
 .rodata.main.str1.4
                0x1000b9b8      0x3b5 CMakeFiles/turret.dir/main.c.o
                                0x176 (size before relaxing)
 *fill*         0x1000bd6d        0x3 
 .rodata.dshot_program
                0x1000bd70        0x8 CMakeFiles/turret.dir/main.c.o
 .rodata.dshot_program_instructions
                0x1000bd78       0x12 CMakeFiles/turret.dir/main.c.o
 .rodata.panic.str1.4
                0x1000bd8a       0x12 CMakeFiles/turret.dir/_deps/pico_sdk-src/src/rp2_common/pico_platform_panic/panic.c.o
 .rodata.spin_lock_claim_unused.str1.4
                0x1000bd8a       0x1b CMakeFiles/turret.dir/_deps/pico_sdk-src/src/rp2_common/hardware_sync/sync.c.o
 .rodata.user_irq_claim_unused.str1.4
                0x1000bd8a       0x1b CMakeFiles/turret.dir/_deps/pico_sdk-src/src/rp2_common/hardware_irq/irq.c.o
 .rodata.timer_hardware_alarm_claim.str1.4
                0x1000bd8a       0x22 CMakeFiles/turret.dir/_deps/pico_sdk-src/src/rp2_common/hardware_timer/timer.c.o
 .rodata.hard_assertion_failure.str1.4
                0x1000bd8a        0xc CMakeFiles/turret.dir/_deps/pico_sdk-src/src/rp2_common/pico_runtime/runtime.c.o
 .rodata.str1.4
                0x1000bd8a       0x3c CMakeFiles/turret.dir/_deps/pico_sdk-src/src/rp2_common/pico_standard_binary_info/standard_binary_info.c.o
 *fill*         0x1000bd8a        0x2 
 .rodata.__bi_84
                0x1000bd8c        0xc CMakeFiles/turret.dir/_deps/pico_sdk-src/src/rp2_common/pico_standard_binary_info/standard_binary_info.c.o
 .rodata.__bi_78
                0x1000bd98        0xc CMakeFiles/turret.dir/_deps/pico_sdk-src/src/rp2_common/pico_standard_binary_info/standard_binary_info.c.o
 .rodata.__bi_54
                0x1000bda4        0xc CMakeFiles/turret.dir/_deps/pico_sdk-src/src/rp2_common/pico_standard_binary_info/standard_binary_info.c.o
 .rodata.__bi_48
                0x1000bdb0        0xc CMakeFiles/turret.dir/_deps/pico_sdk-src/src/rp2_common/pico_standard_binary_info/standard_binary_info.c.o
 .rodata.__bi_42
                0x1000bdbc        0xc CMakeFiles/turret.dir/_deps/pico_sdk-src/src/rp2_common/pico_standard_binary_info/standard_binary_info.c.o
 .rodata.__bi_34
                0x1000bdc8        0xc CMakeFiles/turret.dir/_deps/pico_sdk-src/src/rp2_common/pico_standard_binary_info/standard_binary_info.c.o
 .rodata.__bi_26
                0x1000bdd4        0xc CMakeFiles/turret.dir/_deps/pico_sdk-src/src/rp2_common/pico_standard_binary_info/standard_binary_info.c.o
 .rodata._ftoa.str1.4
                0x1000bde0       0x15 CMakeFiles/turret.dir/_deps/pico_sdk-src/src/rp2_common/pico_printf/printf.c.o
 .rodata._vsnprintf
                0x1000bde0      0x19c CMakeFiles/turret.dir/_deps/pico_sdk-src/src/rp2_common/pico_printf/printf.c.o
 *fill*         0x1000bf7c        0x4 
 .rodata.pow10.0
                0x1000bf80       0x50 CMakeFiles/turret.dir/_deps/pico_sdk-src/src/rp2_common/pico_printf/printf.c.o
 .rodata.__assert_func.str1.4
                0x1000bfd0       0x43 CMakeFiles/turret.dir/_deps/pico_sdk-src/src/rp2_common/pico_clib_interface/newlib_interface.c.o
 .rodata.crlf_str.0
                0x1000bfd0        0x2 CMakeFiles/turret.dir/_deps/pico_sdk-src/src/rp2_common/pico_stdio/stdio.c.o
 *fill*         0x1000bfd2        0x2 
 .rodata._resetd_driver
                0x1000bfd4       0x20 CMakeFiles/turret.dir/_deps/pico_sdk-src/src/rp2_common/pico_stdio_usb/reset_interface.c.o
 .rodata.desc_ms_os_20
                0x1000bff4       0xa6 CMakeFiles/turret.dir/_deps/pico_sdk-src/src/rp2_common/pico_stdio_usb/reset_interface.c.o
 *fill*         0x1000c09a        0x2 
 .rodata.desc_bos
                0x1000c09c       0x21 CMakeFiles/turret.dir/_deps/pico_sdk-src/src/rp2_common/pico_stdio_usb/reset_interface.c.o
                0x1000c09c                desc_bos
 .rodata.str1.4
                0x1000c0bd       0x13 CMakeFiles/turret.dir/_deps/pico_sdk-src/src/rp2_common/pico_stdio_usb/stdio_usb.c.o
 *fill*         0x1000c0bd        0x3 
 .rodata.__bi_197.0
                0x1000c0c0        0xc CMakeFiles/turret.dir/_deps/pico_sdk-src/src/rp2_common/pico_stdio_usb/stdio_usb.c.o
 .rodata.str1.4
                0x1000c0cc       0x2a CMakeFiles/turret.dir/_deps/pico_sdk-src/src/rp2_common/pico_stdio_usb/stdio_usb_descriptors.c.o
 .rodata.usbd_desc_str
                0x1000c0cc       0x18 CMakeFiles/turret.dir/_deps/pico_sdk-src/src/rp2_common/pico_stdio_usb/stdio_usb_descriptors.c.o
 .rodata.usbd_desc_cfg
                0x1000c0e4       0x54 CMakeFiles/turret.dir/_deps/pico_sdk-src/src/rp2_common/pico_stdio_usb/stdio_usb_descriptors.c.o
 .rodata.usbd_desc_device
                0x1000c138       0x12 CMakeFiles/turret.dir/_deps/pico_sdk-src/src/rp2_common/pico_stdio_usb/stdio_usb_descriptors.c.o
 .rodata.str1.4
                0x1000c14a       0x14 CMakeFiles/turret.dir/_deps/pico_sdk-src/lib/tinyusb/src/portable/raspberrypi/rp2040/dcd_rp2040.c.o
 .rodata.str1.4
                0x1000c14a       0x48 CMakeFiles/turret.dir/_deps/pico_sdk-src/lib/tinyusb/src/portable/raspberrypi/rp2040/rp2040_usb.c.o
 *fill*         0x1000c14a        0x2 
 .rodata.tud_task_ext
                0x1000c14c       0x8c CMakeFiles/turret.dir/_deps/pico_sdk-src/lib/tinyusb/src/device/usbd.c.o
 .rodata        0x1000c1d8       0x1c CMakeFiles/turret.dir/_deps/pico_sdk-src/lib/tinyusb/src/device/usbd.c.o
 .rodata._usbd_driver
                0x1000c1f4       0x40 CMakeFiles/turret.dir/_deps/pico_sdk-src/lib/tinyusb/src/device/usbd.c.o
 .rodata.str1.4
                0x1000c234       0x15 /usr/lib/gcc/arm-none-eabi/14.2.1/../../../arm-none-eabi/lib/thumb/v6-m/nofp/libg.a(libc_a-strtod.o)
 *fill*         0x1000c234        0x4 
 .rodata        0x1000c238      0x120 /usr/lib/gcc/arm-none-eabi/14.2.1/../../../arm-none-eabi/lib/thumb/v6-m/nofp/libg.a(libc_a-strtod.o)
 .rodata.str1.4
                0x1000c358       0x12 /usr/lib/gcc/arm-none-eabi/14.2.1/../../../arm-none-eabi/lib/thumb/v6-m/nofp/libg.a(libc_a-locale.o)
 .rodata.str1.4
                0x1000c358       0x4c /usr/lib/gcc/arm-none-eabi/14.2.1/../../../arm-none-eabi/lib/thumb/v6-m/nofp/libg.a(libc_a-gdtoa-gethex.o)
 .rodata        0x1000c358      0x100 /usr/lib/gcc/arm-none-eabi/14.2.1/../../../arm-none-eabi/lib/thumb/v6-m/nofp/libg.a(libc_a-gdtoa-gethex.o)
                0x1000c358                __hexdig
 .rodata        0x1000c458      0x101 /usr/lib/gcc/arm-none-eabi/14.2.1/../../../arm-none-eabi/lib/thumb/v6-m/nofp/libg.a(libc_a-ctype_.o)
                0x1000c458                _ctype_
 .rodata.str1.4
                0x1000c559       0x41 /usr/lib/gcc/arm-none-eabi/14.2.1/../../../arm-none-eabi/lib/thumb/v6-m/nofp/libg.a(libc_a-mprec.o)
 *fill*         0x1000c559        0x7 
 .rodata        0x1000c560      0x128 /usr/lib/gcc/arm-none-eabi/14.2.1/../../../arm-none-eabi/lib/thumb/v6-m/nofp/libg.a(libc_a-mprec.o)
                0x1000c570                __mprec_tinytens
                0x1000c598                __mprec_bigtens
                0x1000c5c0                __mprec_tens
                0x1000c688                        . = ALIGN (0x4)
 *(SORT_BY_ALIGNMENT(SORT_BY_NAME(.flashdata*)))
                0x1000c688                        . = ALIGN (0x4)

.ARM.extab
 *(.ARM.extab* .gnu.linkonce.armextab.*)
                0x1000c688                        __exidx_start = .

.ARM.exidx
 *(.ARM.exidx* .gnu.linkonce.armexidx.*)
                0x1000c688                        __exidx_end = .
                0x1000c688                        . = ALIGN (0x4)
                0x1000c688                        __binary_info_start = .

.binary_info    0x1000c688       0x20
 *(.binary_info.keep.*)
 .binary_info.keep.__bi_ptr84
                0x1000c688        0x4 CMakeFiles/turret.dir/_deps/pico_sdk-src/src/rp2_common/pico_standard_binary_info/standard_binary_info.c.o
 .binary_info.keep.__bi_ptr78
                0x1000c68c        0x4 CMakeFiles/turret.dir/_deps/pico_sdk-src/src/rp2_common/pico_standard_binary_info/standard_binary_info.c.o
 .binary_info.keep.__bi_ptr54
                0x1000c690        0x4 CMakeFiles/turret.dir/_deps/pico_sdk-src/src/rp2_common/pico_standard_binary_info/standard_binary_info.c.o
 .binary_info.keep.__bi_ptr48
                0x1000c694        0x4 CMakeFiles/turret.dir/_deps/pico_sdk-src/src/rp2_common/pico_standard_binary_info/standard_binary_info.c.o
 .binary_info.keep.__bi_ptr42
                0x1000c698        0x4 CMakeFiles/turret.dir/_deps/pico_sdk-src/src/rp2_common/pico_standard_binary_info/standard_binary_info.c.o
 .binary_info.keep.__bi_ptr34
                0x1000c69c        0x4 CMakeFiles/turret.dir/_deps/pico_sdk-src/src/rp2_common/pico_standard_binary_info/standard_binary_info.c.o
 .binary_info.keep.__bi_ptr26
                0x1000c6a0        0x4 CMakeFiles/turret.dir/_deps/pico_sdk-src/src/rp2_common/pico_standard_binary_info/standard_binary_info.c.o
 *(.binary_info.*)
 .binary_info.__bi_ptr197
                0x1000c6a4        0x4 CMakeFiles/turret.dir/_deps/pico_sdk-src/src/rp2_common/pico_stdio_usb/stdio_usb.c.o
                0x1000c6a8                        __binary_info_end = .

.rel.dyn        0x1000c6a8        0x0
 .rel.iplt      0x1000c6a8        0x0 /usr/lib/gcc/arm-none-eabi/14.2.1/thumb/v6-m/nofp/crtbegin.o
                0x1000c6a8                        . = ALIGN (0x4)

.ram_vector_table
                0x20000000       0xc0
 *(.ram_vector_table)
 .ram_vector_table
                0x20000000       0xc0 CMakeFiles/turret.dir/_deps/pico_sdk-src/src/rp2_common/pico_runtime_init/runtime_init.c.o
                0x20000000                ram_vector_table

.uninitialized_data
                0x200000c0        0x0
                0x200000c0                        . = ALIGN (0x4)
 *(.uninitialized_data*)

.data           0x200000c0     0x1698 load address 0x1000c6a8
                0x200000c0                        __data_start__ = .
 *(vtable)
 *(.time_critical*)
 .time_critical.mutex_try_enter
                0x200000c0       0x40 CMakeFiles/turret.dir/_deps/pico_sdk-src/src/common/pico_sync/mutex.c.o
                0x200000c0                mutex_try_enter
 .time_critical.mutex_try_enter_block_until
                0x20000100       0x98 CMakeFiles/turret.dir/_deps/pico_sdk-src/src/common/pico_sync/mutex.c.o
                0x20000100                mutex_try_enter_block_until
 .time_critical.mutex_enter_timeout_ms
                0x20000198       0x8c CMakeFiles/turret.dir/_deps/pico_sdk-src/src/common/pico_sync/mutex.c.o
                0x20000198                mutex_enter_timeout_ms
 .time_critical.mutex_exit
                0x20000224       0x28 CMakeFiles/turret.dir/_deps/pico_sdk-src/src/common/pico_sync/mutex.c.o
                0x20000224                mutex_exit
 .time_critical.flash_init_boot2_copyout
                0x2000024c       0x30 CMakeFiles/turret.dir/_deps/pico_sdk-src/src/rp2_common/hardware_flash/flash.c.o
 .time_critical.flash_enable_xip_via_boot2
                0x2000027c        0xc CMakeFiles/turret.dir/_deps/pico_sdk-src/src/rp2_common/hardware_flash/flash.c.o
 .time_critical.flash_cs_force
                0x20000288       0x38 CMakeFiles/turret.dir/_deps/pico_sdk-src/src/rp2_common/hardware_flash/flash.c.o
 .time_critical.flash_do_cmd
                0x200002c0      0x130 CMakeFiles/turret.dir/_deps/pico_sdk-src/src/rp2_common/hardware_flash/flash.c.o
                0x200002c0                flash_do_cmd
 .time_critical.reset_non_control_endpoints
                0x200003f0       0x68 CMakeFiles/turret.dir/_deps/pico_sdk-src/lib/tinyusb/src/portable/raspberrypi/rp2040/dcd_rp2040.c.o
 .time_critical.hw_handle_buff_status
                0x20000458       0xa0 CMakeFiles/turret.dir/_deps/pico_sdk-src/lib/tinyusb/src/portable/raspberrypi/rp2040/dcd_rp2040.c.o
 .time_critical.dcd_rp2040_irq
                0x200004f8      0x548 CMakeFiles/turret.dir/_deps/pico_sdk-src/lib/tinyusb/src/portable/raspberrypi/rp2040/dcd_rp2040.c.o
 .time_critical.prepare_ep_buffer
                0x20000a40       0xc8 CMakeFiles/turret.dir/_deps/pico_sdk-src/lib/tinyusb/src/portable/raspberrypi/rp2040/rp2040_usb.c.o
 .time_critical.sync_ep_buffer
                0x20000b08       0x9c CMakeFiles/turret.dir/_deps/pico_sdk-src/lib/tinyusb/src/portable/raspberrypi/rp2040/rp2040_usb.c.o
 .time_critical._hw_endpoint_xfer_sync
                0x20000ba4       0x28 CMakeFiles/turret.dir/_deps/pico_sdk-src/lib/tinyusb/src/portable/raspberrypi/rp2040/rp2040_usb.c.o
 .time_critical.e15_is_bulkin_ep
                0x20000bcc       0x28 CMakeFiles/turret.dir/_deps/pico_sdk-src/lib/tinyusb/src/portable/raspberrypi/rp2040/rp2040_usb.c.o
 .time_critical.e15_is_critical_frame_period
                0x20000bf4       0x34 CMakeFiles/turret.dir/_deps/pico_sdk-src/lib/tinyusb/src/portable/raspberrypi/rp2040/rp2040_usb.c.o
 .time_critical.hw_endpoint_reset_transfer
                0x20000c28        0xc CMakeFiles/turret.dir/_deps/pico_sdk-src/lib/tinyusb/src/portable/raspberrypi/rp2040/rp2040_usb.c.o
                0x20000c28                hw_endpoint_reset_transfer
 .time_critical._hw_endpoint_buffer_control_update32
                0x20000c34       0x50 CMakeFiles/turret.dir/_deps/pico_sdk-src/lib/tinyusb/src/portable/raspberrypi/rp2040/rp2040_usb.c.o
                0x20000c34                _hw_endpoint_buffer_control_update32
 .time_critical.hw_endpoint_start_next_buffer
                0x20000c84       0x68 CMakeFiles/turret.dir/_deps/pico_sdk-src/lib/tinyusb/src/portable/raspberrypi/rp2040/rp2040_usb.c.o
                0x20000c84                hw_endpoint_start_next_buffer
 .time_critical.hw_endpoint_xfer_continue
                0x20000cec       0x40 CMakeFiles/turret.dir/_deps/pico_sdk-src/lib/tinyusb/src/portable/raspberrypi/rp2040/rp2040_usb.c.o
                0x20000cec                hw_endpoint_xfer_continue
 .time_critical.tinyusb
                0x20000d2c      0x1e4 CMakeFiles/turret.dir/_deps/pico_sdk-src/lib/tinyusb/src/device/usbd.c.o
                0x20000d2c                dcd_event_handler
 *(.text*)
 .text          0x20000f10        0x4 /usr/lib/gcc/arm-none-eabi/14.2.1/thumb/v6-m/nofp/libgcc.a(_dvmd_tls.o)
                0x20000f10                __aeabi_ldiv0
                0x20000f10                __aeabi_idiv0
 *fill*         0x20000f14        0x4 
 .text.__stub   0x20000f18       0x80 linker stubs
                0x20000f98                        . = ALIGN (0x4)
 *(.rodata*)
                0x20000f98                        . = ALIGN (0x4)
 *(.data*)
 .data.g_pitch  0x20000f98       0x18 CMakeFiles/turret.dir/main.c.o
 .data.g_yaw    0x20000fb0       0x18 CMakeFiles/turret.dir/main.c.o
 .data.striped_spin_lock_num
                0x20000fc8        0x1 CMakeFiles/turret.dir/_deps/pico_sdk-src/src/rp2_common/hardware_sync/sync.c.o
 *fill*         0x20000fc9        0x3 
 .data          0x20000fcc       0x48 CMakeFiles/turret.dir/_deps/pico_sdk-src/src/rp2_common/hardware_irq/irq_handler_chain.S.o
                0x20000fcc                irq_handler_chain_slots
                0x20000ffc                irq_handler_chain_first_slot
                0x20001006                irq_handler_chain_remove_tail
 .data.default_alarm_pool
                0x20001014       0x18 CMakeFiles/turret.dir/_deps/pico_sdk-src/src/common/pico_time/time.c.o
 *fill*         0x2000102c        0x4 
 .data.aeabi_bits_funcs
                0x20001030       0x10 CMakeFiles/turret.dir/_deps/pico_sdk-src/src/rp2_common/pico_bit_ops/bit_ops_aeabi.S.o
                0x20001030                aeabi_bits_funcs
                0x20001040                aeabi_bits_funcs_end
 .data.aeabi_mem_funcs
                0x20001040       0x10 CMakeFiles/turret.dir/_deps/pico_sdk-src/src/rp2_common/pico_mem_ops/mem_ops_aeabi.S.o
                0x20001040                aeabi_mem_funcs
                0x20001050                aeabi_mem_funcs_end
 .data.stdio_usb
                0x20001050       0x18 CMakeFiles/turret.dir/_deps/pico_sdk-src/src/rp2_common/pico_stdio_usb/stdio_usb.c.o
                0x20001050                stdio_usb
 .data._usbd_qdef
                0x20001068       0x1c CMakeFiles/turret.dir/_deps/pico_sdk-src/lib/tinyusb/src/device/usbd.c.o
                0x20001068                _usbd_qdef
 .data._usbd_rhport
                0x20001084        0x1 CMakeFiles/turret.dir/_deps/pico_sdk-src/lib/tinyusb/src/device/usbd.c.o
 *fill*         0x20001085        0x3 
 .data          0x20001088      0x16c /usr/lib/gcc/arm-none-eabi/14.2.1/../../../arm-none-eabi/lib/thumb/v6-m/nofp/libg.a(libc_a-locale.o)
                0x20001088                __global_locale
 *fill*         0x200011f4        0x4 
 .data          0x200011f8      0x410 /usr/lib/gcc/arm-none-eabi/14.2.1/../../../arm-none-eabi/lib/thumb/v6-m/nofp/libg.a(libc_a-mallocr.o)
                0x200011f8                __malloc_sbrk_base
                0x200011fc                __malloc_trim_threshold
                0x20001200                __malloc_av_
 .data          0x20001608      0x148 /usr/lib/gcc/arm-none-eabi/14.2.1/../../../arm-none-eabi/lib/thumb/v6-m/nofp/libg.a(libc_a-impure.o)
                0x20001608                _impure_ptr
                0x20001610                _impure_data
                0x20001750                        . = ALIGN (0x4)
 *(.after_data.*)
                0x20001750                        . = ALIGN (0x4)
                0x20001750                        PROVIDE (__mutex_array_start = .)
 *(SORT_BY_NAME(.mutex_array.*))
 *(.mutex_array)
 .mutex_array   0x20001750        0x8 CMakeFiles/turret.dir/_deps/pico_sdk-src/src/rp2_common/pico_stdio/stdio.c.o
                0x20001758                        PROVIDE (__mutex_array_end = .)
                0x20001758                        . = ALIGN (0x4)
 *(.jcr)
                0x20001758                        . = ALIGN (0x4)

.tm_clone_table
                0x20001758        0x0 load address 0x1000dd40
 .tm_clone_table
                0x20001758        0x0 /usr/lib/gcc/arm-none-eabi/14.2.1/thumb/v6-m/nofp/crtbegin.o
 .tm_clone_table
                0x20001758        0x0 /usr/lib/gcc/arm-none-eabi/14.2.1/thumb/v6-m/nofp/crtend.o

.igot.plt       0x20001758        0x0 load address 0x1000dd40
 .igot.plt      0x20001758        0x0 /usr/lib/gcc/arm-none-eabi/14.2.1/thumb/v6-m/nofp/crtbegin.o

.tdata          0x20001758        0x0 load address 0x1000dd40
                0x20001758                        . = ALIGN (0x4)
 *(.tdata .tdata.* .gnu.linkonce.td.*)
                0x20001758                        __tdata_end = .
                0x20001758                        PROVIDE (__data_end__ = .)
                0x1000c6a8                        __etext = LOADADDR (.data)

.tbss           0x20001758        0x0 load address 0x1000dd40
                0x20001758                        . = ALIGN (0x4)
                0x20001758                        __bss_start__ = .
                0x20001758                        __tls_base = .
 *(.tbss .tbss.* .gnu.linkonce.tb.*)
 *(.tcommon)
                0x20001758                        __tls_end = .

.bss            0x20001758     0x1244 load address 0x1000dd40
                0x20001758                        . = ALIGN (0x4)
                0x20001758                        __tbss_end = .
 *(SORT_BY_ALIGNMENT(SORT_BY_NAME(.bss*)))
 .bss.default_alarm_pool_entries
                0x20001758      0x180 CMakeFiles/turret.dir/_deps/pico_sdk-src/src/common/pico_time/time.c.o
 .bss.g_feed_stop_time
                0x200018d8        0x8 CMakeFiles/turret.dir/main.c.o
 .bss.last_avail_time.1
                0x200018e0        0x8 CMakeFiles/turret.dir/_deps/pico_sdk-src/src/rp2_common/pico_stdio_usb/stdio_usb.c.o
 .bss.sd_table  0x200018e8      0x100 CMakeFiles/turret.dir/_deps/pico_sdk-src/src/rp2_common/pico_double/double_init_rom_rp2040.c.o
                0x200018e8                sd_table
 .bss.sf_table  0x200019e8      0x100 CMakeFiles/turret.dir/_deps/pico_sdk-src/src/rp2_common/pico_float/float_init_rom_rp2040.c.o
                0x200019e8                sf_table
 .bss           0x20001ae8       0x1c /usr/lib/gcc/arm-none-eabi/14.2.1/thumb/v6-m/nofp/crtbegin.o
 .bss           0x20001b04       0x34 /usr/lib/gcc/arm-none-eabi/14.2.1/../../../arm-none-eabi/lib/thumb/v6-m/nofp/libg.a(libc_a-mallocr.o)
                0x20001b04                __malloc_top_pad
                0x20001b08                __malloc_current_mallinfo
                0x20001b30                __malloc_max_sbrked_mem
                0x20001b34                __malloc_max_total_mem
 .bss           0x20001b38      0x13c /usr/lib/gcc/arm-none-eabi/14.2.1/../../../arm-none-eabi/lib/thumb/v6-m/nofp/libg.a(libc_a-findfp.o)
                0x20001b38                __stdio_exit_handler
                0x20001b3c                __sf
 .bss           0x20001c74        0x4 /usr/lib/gcc/arm-none-eabi/14.2.1/../../../arm-none-eabi/lib/thumb/v6-m/nofp/libg.a(libc_a-reent.o)
                0x20001c74                errno
 .bss           0x20001c78      0x190 /usr/lib/gcc/arm-none-eabi/14.2.1/../../../arm-none-eabi/lib/thumb/v6-m/nofp/libg.a(libc_a-__atexit.o)
                0x20001c78                __atexit0
 .bss           0x20001e08        0x4 /usr/lib/gcc/arm-none-eabi/14.2.1/../../../arm-none-eabi/lib/thumb/v6-m/nofp/libg.a(libc_a-__call_atexit.o)
                0x20001e08                __atexit
 .bss._app_driver
                0x20001e0c        0x4 CMakeFiles/turret.dir/_deps/pico_sdk-src/lib/tinyusb/src/device/usbd.c.o
 .bss._cdcd_epbuf
                0x20001e10       0x80 CMakeFiles/turret.dir/_deps/pico_sdk-src/lib/tinyusb/src/class/cdc/cdc_device.c.o
 .bss._cdcd_fifo_cfg
                0x20001e90        0x1 CMakeFiles/turret.dir/_deps/pico_sdk-src/lib/tinyusb/src/class/cdc/cdc_device.c.o
 *fill*         0x20001e91        0x3 
 .bss._cdcd_itf
                0x20001e94       0xc8 CMakeFiles/turret.dir/_deps/pico_sdk-src/lib/tinyusb/src/class/cdc/cdc_device.c.o
 .bss._ctrl_epbuf
                0x20001f5c       0x40 CMakeFiles/turret.dir/_deps/pico_sdk-src/lib/tinyusb/src/device/usbd_control.c.o
 .bss._ctrl_xfer
                0x20001f9c       0x14 CMakeFiles/turret.dir/_deps/pico_sdk-src/lib/tinyusb/src/device/usbd_control.c.o
 .bss._tusb_rhport_role
                0x20001fb0        0x2 CMakeFiles/turret.dir/_deps/pico_sdk-src/lib/tinyusb/src/tusb.c.o
                0x20001fb0                _tusb_rhport_role
 *fill*         0x20001fb2        0x2 
 .bss._ubsd_mutexdef
                0x20001fb4        0x8 CMakeFiles/turret.dir/_deps/pico_sdk-src/lib/tinyusb/src/device/usbd.c.o
 .bss._usbd_dev
                0x20001fbc       0x54 CMakeFiles/turret.dir/_deps/pico_sdk-src/lib/tinyusb/src/device/usbd.c.o
 .bss._usbd_mutex
                0x20002010        0x4 CMakeFiles/turret.dir/_deps/pico_sdk-src/lib/tinyusb/src/device/usbd.c.o
 .bss._usbd_q   0x20002014        0x4 CMakeFiles/turret.dir/_deps/pico_sdk-src/lib/tinyusb/src/device/usbd.c.o
 .bss._usbd_qdef_buf
                0x20002018       0xc0 CMakeFiles/turret.dir/_deps/pico_sdk-src/lib/tinyusb/src/device/usbd.c.o
                0x20002018                _usbd_qdef_buf
 .bss._used_instruction_space
                0x200020d8        0x8 CMakeFiles/turret.dir/_deps/pico_sdk-src/src/rp2_common/hardware_pio/pio.c.o
 .bss._vendord_epbuf
                0x200020e0       0x80 CMakeFiles/turret.dir/_deps/pico_sdk-src/lib/tinyusb/src/class/vendor/vendor_device.c.o
 .bss._vendord_itf
                0x20002160      0x24c CMakeFiles/turret.dir/_deps/pico_sdk-src/lib/tinyusb/src/class/vendor/vendor_device.c.o
 .bss.boot2_copyout
                0x200023ac      0x100 CMakeFiles/turret.dir/_deps/pico_sdk-src/src/rp2_common/hardware_flash/flash.c.o
 .bss.callbacks
                0x200024ac        0x8 CMakeFiles/turret.dir/_deps/pico_sdk-src/src/rp2_common/hardware_gpio/gpio.c.o
 .bss.chars_available_callback
                0x200024b4        0x4 CMakeFiles/turret.dir/_deps/pico_sdk-src/src/rp2_common/pico_stdio_usb/stdio_usb.c.o
 .bss.chars_available_param
                0x200024b8        0x4 CMakeFiles/turret.dir/_deps/pico_sdk-src/src/rp2_common/pico_stdio_usb/stdio_usb.c.o
 .bss.claimed   0x200024bc        0x4 CMakeFiles/turret.dir/_deps/pico_sdk-src/src/rp2_common/hardware_sync/sync.c.o
 .bss.claimed   0x200024c0        0x1 CMakeFiles/turret.dir/_deps/pico_sdk-src/src/rp2_common/hardware_timer/timer.c.o
 *fill*         0x200024c1        0x3 
 .bss.configured_freq
                0x200024c4       0x28 CMakeFiles/turret.dir/_deps/pico_sdk-src/src/rp2_common/hardware_clocks/clocks.c.o
 .bss.desc_str.0
                0x200024ec       0x28 CMakeFiles/turret.dir/_deps/pico_sdk-src/src/rp2_common/pico_stdio_usb/stdio_usb_descriptors.c.o
 .bss.drivers   0x20002514        0x4 CMakeFiles/turret.dir/_deps/pico_sdk-src/src/rp2_common/pico_stdio/stdio.c.o
 .bss.e15_last_sof
                0x20002518        0x4 CMakeFiles/turret.dir/_deps/pico_sdk-src/lib/tinyusb/src/portable/raspberrypi/rp2040/rp2040_usb.c.o
                0x20002518                e15_last_sof
 .bss.filter    0x2000251c        0x4 CMakeFiles/turret.dir/_deps/pico_sdk-src/src/rp2_common/pico_stdio/stdio.c.o
 .bss.g_feed_enc_count
                0x20002520        0x4 CMakeFiles/turret.dir/main.c.o
 .bss.g_feed_target
                0x20002524        0x4 CMakeFiles/turret.dir/main.c.o